MSBuild version 17.14.23+b0019275e for .NET Framework
C:\Users\nickk\source\folio\SmartThreadPool\Exceptions.cs(65,13): warning SYSLIB0051: 'Exception.Exception(SerializationInfo, StreamingContext)' is obsolete: 'This API supports obsolete formatter-based serialization. It should not be called or extended by application code.' (https://aka.ms/dotnet-warnings/SYSLIB0051) [C:\Users\nickk\source\folio\SmartThreadPool\SmartThreadPool.csproj]
C:\Users\nickk\source\folio\SmartThreadPool\Exceptions.cs(85,13): warning SYSLIB0051: 'Exception.Exception(SerializationInfo, StreamingContext)' is obsolete: 'This API supports obsolete formatter-based serialization. It should not be called or extended by application code.' (https://aka.ms/dotnet-warnings/SYSLIB0051) [C:\Users\nickk\source\folio\SmartThreadPool\SmartThreadPool.csproj]
C:\Users\nickk\source\folio\SmartThreadPool\Exceptions.cs(75,13): warning SYSLIB0051: 'Exception.Exception(SerializationInfo, StreamingContext)' is obsolete: 'This API supports obsolete formatter-based serialization. It should not be called or extended by application code.' (https://aka.ms/dotnet-warnings/SYSLIB0051) [C:\Users\nickk\source\folio\SmartThreadPool\SmartThreadPool.csproj]
C:\Users\nickk\source\folio\SmartThreadPool\SmartThreadPool.cs(715,17): warning SYSLIB0006: 'Thread.ResetAbort()' is obsolete: 'Thread.ResetAbort is not supported and throws PlatformNotSupportedException.' (https://aka.ms/dotnet-warnings/SYSLIB0006) [C:\Users\nickk\source\folio\SmartThreadPool\SmartThreadPool.csproj]
C:\Users\nickk\source\folio\SmartThreadPool\WorkItem.cs(647,33): warning SYSLIB0006: 'Thread.Abort()' is obsolete: 'Thread.Abort is not supported and throws PlatformNotSupportedException.' (https://aka.ms/dotnet-warnings/SYSLIB0006) [C:\Users\nickk\source\folio\SmartThreadPool\SmartThreadPool.csproj]
C:\Users\nickk\source\folio\SmartThreadPool\SmartThreadPool.cs(853,29): warning SYSLIB0006: 'Thread.Abort()' is obsolete: 'Thread.Abort is not supported and throws PlatformNotSupportedException.' (https://aka.ms/dotnet-warnings/SYSLIB0006) [C:\Users\nickk\source\folio\SmartThreadPool\SmartThreadPool.csproj]
C:\Users\nickk\source\folio\SmartThreadPool\SmartThreadPool.cs(1209,17): warning SYSLIB0006: 'Thread.Abort()' is obsolete: 'Thread.Abort is not supported and throws PlatformNotSupportedException.' (https://aka.ms/dotnet-warnings/SYSLIB0006) [C:\Users\nickk\source\folio\SmartThreadPool\SmartThreadPool.csproj]
C:\Program Files\Microsoft Visual Studio\2022\Community\MSBuild\Current\Bin\Microsoft.Common.CurrentVersion.targets(2433,5): warning MSB3243: No way to resolve conflict between "PresentationFramework.Aero, Version=8.0.0.0, Culture=neutral, PublicKeyToken=31bf3856ad364e35" and "PresentationFramework.Aero". Choosing "PresentationFramework.Aero, Version=8.0.0.0, Culture=neutral, PublicKeyToken=31bf3856ad364e35" arbitrarily. [C:\Users\nickk\source\folio\Folio\Folio.csproj]
C:\Program Files\Microsoft Visual Studio\2022\Community\MSBuild\Current\Bin\Microsoft.Common.CurrentVersion.targets(2433,5): warning MSB3243: No way to resolve conflict between "PresentationFramework.Luna, Version=8.0.0.0, Culture=neutral, PublicKeyToken=31bf3856ad364e35" and "PresentationFramework.Luna". Choosing "PresentationFramework.Luna, Version=8.0.0.0, Culture=neutral, PublicKeyToken=31bf3856ad364e35" arbitrarily. [C:\Users\nickk\source\folio\Folio\Folio.csproj]
C:\Users\nickk\source\folio\Folio\core\ImageLoader.cs(41,30): warning CS8765: Nullability of type of parameter 'obj' doesn't match overridden member (possibly because of nullability attributes). [C:\Users\nickk\source\folio\Folio\Folio_j0ovjwbr_wpftmp.csproj]
C:\Users\nickk\source\folio\Folio\Utilities\ChangeableObject.cs(6,50): warning CS8612: Nullability of reference types in type of 'event PropertyChangedEventHandler ChangeableObject.PropertyChanged' doesn't match implicitly implemented member 'event PropertyChangedEventHandler? INotifyPropertyChanged.PropertyChanged'. [C:\Users\nickk\source\folio\Folio\Folio_j0ovjwbr_wpftmp.csproj]
C:\Users\nickk\source\folio\Folio\Utilities\Command.cs(22,23): warning CS8769: Nullability of reference types in type of parameter 'parameter' doesn't match implemented member 'void ICommand.Execute(object? parameter)' (possibly because of nullability attributes). [C:\Users\nickk\source\folio\Folio\Folio_j0ovjwbr_wpftmp.csproj]
C:\Users\nickk\source\folio\Folio\Utilities\Command.cs(31,23): warning CS8769: Nullability of reference types in type of parameter 'parameter' doesn't match implemented member 'bool ICommand.CanExecute(object? parameter)' (possibly because of nullability attributes). [C:\Users\nickk\source\folio\Folio\Folio_j0ovjwbr_wpftmp.csproj]
C:\Users\nickk\source\folio\Folio\Utilities\Command.cs(40,37): warning CS8615: Nullability of reference types in type doesn't match implemented member 'event EventHandler? ICommand.CanExecuteChanged'. [C:\Users\nickk\source\folio\Folio\Folio_j0ovjwbr_wpftmp.csproj]
C:\Users\nickk\source\folio\Folio\core\ImageDisplay.xaml.cs(198,50): warning CS8612: Nullability of reference types in type of 'event PropertyChangedEventHandler ImageDisplay.PropertyChanged' doesn't match implicitly implemented member 'event PropertyChangedEventHandler? INotifyPropertyChanged.PropertyChanged'. [C:\Users\nickk\source\folio\Folio\Folio_j0ovjwbr_wpftmp.csproj]
C:\Users\nickk\source\folio\Folio\core\Ratio.cs(106,30): warning CS8765: Nullability of type of parameter 'obj' doesn't match overridden member (possibly because of nullability attributes). [C:\Users\nickk\source\folio\Folio\Folio_j0ovjwbr_wpftmp.csproj]
C:\Users\nickk\source\folio\Folio\core\Ratio.cs(134,30): warning CS8765: Nullability of type of parameter 'context' doesn't match overridden member (possibly because of nullability attributes). [C:\Users\nickk\source\folio\Folio\Folio_j0ovjwbr_wpftmp.csproj]
C:\Users\nickk\source\folio\Folio\core\Ratio.cs(138,32): warning CS8765: Nullability of type of parameter 'context' doesn't match overridden member (possibly because of nullability attributes). [C:\Users\nickk\source\folio\Folio\Folio_j0ovjwbr_wpftmp.csproj]
C:\Users\nickk\source\folio\Folio\core\Ratio.cs(138,32): warning CS8765: Nullability of type of parameter 'culture' doesn't match overridden member (possibly because of nullability attributes). [C:\Users\nickk\source\folio\Folio\Folio_j0ovjwbr_wpftmp.csproj]
C:\Users\nickk\source\folio\Folio\core\Ratio.cs(145,30): warning CS8765: Nullability of type of parameter 'context' doesn't match overridden member (possibly because of nullability attributes). [C:\Users\nickk\source\folio\Folio\Folio_j0ovjwbr_wpftmp.csproj]
C:\Users\nickk\source\folio\Folio\core\Ratio.cs(145,30): warning CS8765: Nullability of type of parameter 'destinationType' doesn't match overridden member (possibly because of nullability attributes). [C:\Users\nickk\source\folio\Folio\Folio_j0ovjwbr_wpftmp.csproj]
C:\Users\nickk\source\folio\Folio\core\Ratio.cs(149,32): warning CS8765: Nullability of type of parameter 'context' doesn't match overridden member (possibly because of nullability attributes). [C:\Users\nickk\source\folio\Folio\Folio_j0ovjwbr_wpftmp.csproj]
C:\Users\nickk\source\folio\Folio\core\Ratio.cs(149,32): warning CS8765: Nullability of type of parameter 'culture' doesn't match overridden member (possibly because of nullability attributes). [C:\Users\nickk\source\folio\Folio\Folio_j0ovjwbr_wpftmp.csproj]
C:\Users\nickk\source\folio\Folio\core\Ratio.cs(149,32): warning CS8765: Nullability of type of parameter 'value' doesn't match overridden member (possibly because of nullability attributes). [C:\Users\nickk\source\folio\Folio\Folio_j0ovjwbr_wpftmp.csproj]
C:\Users\nickk\source\folio\Folio\core\ImageOrigin.cs(63,33): warning CS8765: Nullability of type of parameter 'x' doesn't match overridden member (possibly because of nullability attributes). [C:\Users\nickk\source\folio\Folio\Folio_j0ovjwbr_wpftmp.csproj]
C:\Users\nickk\source\folio\Folio\core\ImageOrigin.cs(63,33): warning CS8765: Nullability of type of parameter 'y' doesn't match overridden member (possibly because of nullability attributes). [C:\Users\nickk\source\folio\Folio\Folio_j0ovjwbr_wpftmp.csproj]
C:\Users\nickk\source\folio\Folio\core\ImageOrigin.cs(72,33): warning CS8765: Nullability of type of parameter 'left' doesn't match overridden member (possibly because of nullability attributes). [C:\Users\nickk\source\folio\Folio\Folio_j0ovjwbr_wpftmp.csproj]
C:\Users\nickk\source\folio\Folio\core\ImageOrigin.cs(72,33): warning CS8765: Nullability of type of parameter 'right' doesn't match overridden member (possibly because of nullability attributes). [C:\Users\nickk\source\folio\Folio\Folio_j0ovjwbr_wpftmp.csproj]
C:\Users\nickk\source\folio\Folio\shell\RootControl.xaml.cs(72,50): warning CS8612: Nullability of reference types in type of 'event PropertyChangedEventHandler RootControl.PropertyChanged' doesn't match implicitly implemented member 'event PropertyChangedEventHandler? INotifyPropertyChanged.PropertyChanged'. [C:\Users\nickk\source\folio\Folio\Folio_j0ovjwbr_wpftmp.csproj]
C:\Users\nickk\source\folio\Folio\book\PageDesigner.xaml.cs(39,50): warning CS8612: Nullability of reference types in type of 'event PropertyChangedEventHandler PageDesigner.PropertyChanged' doesn't match implicitly implemented member 'event PropertyChangedEventHandler? INotifyPropertyChanged.PropertyChanged'. [C:\Users\nickk\source\folio\Folio\Folio_j0ovjwbr_wpftmp.csproj]
C:\Users\nickk\source\folio\Folio\library\SelectableImageDisplay.xaml.cs(16,50): warning CS8612: Nullability of reference types in type of 'event PropertyChangedEventHandler SelectableImageDisplay.PropertyChanged' doesn't match implicitly implemented member 'event PropertyChangedEventHandler? INotifyPropertyChanged.PropertyChanged'. [C:\Users\nickk\source\folio\Folio\Folio_j0ovjwbr_wpftmp.csproj]
C:\Users\nickk\source\folio\Folio\book\PhotoZoomView.xaml.cs(220,138): warning CS8625: Cannot convert null literal to non-nullable reference type. [C:\Users\nickk\source\folio\Folio\Folio_j0ovjwbr_wpftmp.csproj]
C:\Users\nickk\source\folio\Folio\library\SimpleGrid.cs(10,16): warning CS8618: Non-nullable field 'photogrid' must contain a non-null value when exiting constructor. Consider adding the 'required' modifier or declaring the field as nullable. [C:\Users\nickk\source\folio\Folio\Folio_j0ovjwbr_wpftmp.csproj]
C:\Users\nickk\source\folio\Folio\book\TwoPages.cs(9,16): warning CS8618: Non-nullable field 'left' must contain a non-null value when exiting constructor. Consider adding the 'required' modifier or declaring the field as nullable. [C:\Users\nickk\source\folio\Folio\Folio_j0ovjwbr_wpftmp.csproj]
C:\Users\nickk\source\folio\Folio\core\Ratio.cs(142,20): warning CS8603: Possible null reference return. [C:\Users\nickk\source\folio\Folio\Folio_j0ovjwbr_wpftmp.csproj]
C:\Users\nickk\source\folio\Folio\importer\ImportPhotosDialog.xaml.cs(16,16): warning CS8618: Non-nullable property 'SeriesName' must contain a non-null value when exiting constructor. Consider adding the 'required' modifier or declaring the property as nullable. [C:\Users\nickk\source\folio\Folio\Folio_j0ovjwbr_wpftmp.csproj]
C:\Users\nickk\source\folio\Folio\book\AspectPreservingGrid.cs(34,53): warning CS8625: Cannot convert null literal to non-nullable reference type. [C:\Users\nickk\source\folio\Folio\Folio_j0ovjwbr_wpftmp.csproj]
C:\Users\nickk\source\folio\Folio\book\AspectPreservingGrid.cs(50,16): warning CS8618: Non-nullable field 'rowDefs' must contain a non-null value when exiting constructor. Consider adding the 'required' modifier or declaring the field as nullable. [C:\Users\nickk\source\folio\Folio\Folio_j0ovjwbr_wpftmp.csproj]
C:\Users\nickk\source\folio\Folio\book\AspectPreservingGrid.cs(50,16): warning CS8618: Non-nullable field 'colDefs' must contain a non-null value when exiting constructor. Consider adding the 'required' modifier or declaring the field as nullable. [C:\Users\nickk\source\folio\Folio\Folio_j0ovjwbr_wpftmp.csproj]
C:\Users\nickk\source\folio\Folio\core\DesktopFileListSource.cs(21,60): warning CS8625: Cannot convert null literal to non-nullable reference type. [C:\Users\nickk\source\folio\Folio\Folio_j0ovjwbr_wpftmp.csproj]
C:\Users\nickk\source\folio\Folio\core\Ratio.cs(154,20): warning CS8603: Possible null reference return. [C:\Users\nickk\source\folio\Folio\Folio_j0ovjwbr_wpftmp.csproj]
C:\Users\nickk\source\folio\Folio\importer\ImportPhotosDialog.xaml.cs(35,26): warning CS8601: Possible null reference assignment. [C:\Users\nickk\source\folio\Folio\Folio_j0ovjwbr_wpftmp.csproj]
C:\Users\nickk\source\folio\Folio\App.xaml.cs(58,55): warning CS8625: Cannot convert null literal to non-nullable reference type. [C:\Users\nickk\source\folio\Folio\Folio_j0ovjwbr_wpftmp.csproj]
C:\Users\nickk\source\folio\Folio\App.xaml.cs(59,55): warning CS8625: Cannot convert null literal to non-nullable reference type. [C:\Users\nickk\source\folio\Folio\Folio_j0ovjwbr_wpftmp.csproj]
C:\Users\nickk\source\folio\Folio\core\DesktopFileListSource.cs(44,42): warning CS8601: Possible null reference assignment. [C:\Users\nickk\source\folio\Folio\Folio_j0ovjwbr_wpftmp.csproj]
C:\Users\nickk\source\folio\Folio\core\DesktopFileListSource.cs(49,35): warning CS8601: Possible null reference assignment. [C:\Users\nickk\source\folio\Folio\Folio_j0ovjwbr_wpftmp.csproj]
C:\Users\nickk\source\folio\Folio\core\DesktopFileListSource.cs(53,38): warning CS8604: Possible null reference argument for parameter 'sourceDirectory' in 'string[] DesktopFileListSource.GetFiles(string sourceDirectory)'. [C:\Users\nickk\source\folio\Folio\Folio_j0ovjwbr_wpftmp.csproj]
C:\Users\nickk\source\folio\Folio\library\SelectableImageDisplay.xaml.cs(8,16): warning CS8618: Non-nullable event 'PropertyChanged' must contain a non-null value when exiting constructor. Consider adding the 'required' modifier or declaring the event as nullable. [C:\Users\nickk\source\folio\Folio\Folio_j0ovjwbr_wpftmp.csproj]
C:\Users\nickk\source\folio\Folio\core\FileListSource.cs(6,30): warning CS8618: Non-nullable field 'imageOrigins' must contain a non-null value when exiting constructor. Consider adding the 'required' modifier or declaring the field as nullable. [C:\Users\nickk\source\folio\Folio\Folio_j0ovjwbr_wpftmp.csproj]
C:\Users\nickk\source\folio\Folio\core\FileListSource.cs(7,28): warning CS8618: Non-nullable field 'initialFocus' must contain a non-null value when exiting constructor. Consider adding the 'required' modifier or declaring the field as nullable. [C:\Users\nickk\source\folio\Folio\Folio_j0ovjwbr_wpftmp.csproj]
C:\Users\nickk\source\folio\Folio\importer\PhotoImporter.cs(22,27): warning CS8618: Non-nullable property 'CurrentFile' must contain a non-null value when exiting constructor. Consider adding the 'required' modifier or declaring the property as nullable. [C:\Users\nickk\source\folio\Folio\Folio_j0ovjwbr_wpftmp.csproj]
C:\Users\nickk\source\folio\Folio\book\TemplateChooserDialog.xaml.cs(10,16): warning CS8618: Non-nullable property 'SelectedTemplateName' must contain a non-null value when exiting constructor. Consider adding the 'required' modifier or declaring the property as nullable. [C:\Users\nickk\source\folio\Folio\Folio_j0ovjwbr_wpftmp.csproj]
C:\Users\nickk\source\folio\Folio\book\TemplateChooserDialog.xaml.cs(40,36): warning CS8625: Cannot convert null literal to non-nullable reference type. [C:\Users\nickk\source\folio\Folio\Folio_j0ovjwbr_wpftmp.csproj]
C:\Users\nickk\source\folio\Folio\book\BookModel.cs(18,43): warning CS8625: Cannot convert null literal to non-nullable reference type. [C:\Users\nickk\source\folio\Folio\Folio_j0ovjwbr_wpftmp.csproj]
C:\Users\nickk\source\folio\Folio\book\BookModel.cs(24,32): warning CS8625: Cannot convert null literal to non-nullable reference type. [C:\Users\nickk\source\folio\Folio\Folio_j0ovjwbr_wpftmp.csproj]
C:\Users\nickk\source\folio\Folio\book\BookModel.cs(21,40): warning CS8622: Nullability of reference types in type of parameter 'sender' of 'lambda expression' doesn't match the target delegate 'NotifyCollectionChangedEventHandler' (possibly because of nullability attributes). [C:\Users\nickk\source\folio\Folio\Folio_j0ovjwbr_wpftmp.csproj]
C:\Users\nickk\source\folio\Folio\book\BookModel.cs(20,16): warning CS8618: Non-nullable field 'selectedPage' must contain a non-null value when exiting constructor. Consider adding the 'required' modifier or declaring the field as nullable. [C:\Users\nickk\source\folio\Folio\Folio_j0ovjwbr_wpftmp.csproj]
C:\Users\nickk\source\folio\Folio\book\BookModel.cs(20,16): warning CS8618: Non-nullable event 'ImagesChanged' must contain a non-null value when exiting constructor. Consider adding the 'required' modifier or declaring the event as nullable. [C:\Users\nickk\source\folio\Folio\Folio_j0ovjwbr_wpftmp.csproj]
C:\Users\nickk\source\folio\Folio\shell\RootControl.xaml.cs(83,33): warning CS8625: Cannot convert null literal to non-nullable reference type. [C:\Users\nickk\source\folio\Folio\Folio_j0ovjwbr_wpftmp.csproj]
C:\Users\nickk\source\folio\Folio\shell\RootControl.xaml.cs(84,41): warning CS8625: Cannot convert null literal to non-nullable reference type. [C:\Users\nickk\source\folio\Folio\Folio_j0ovjwbr_wpftmp.csproj]
C:\Users\nickk\source\folio\Folio\shell\RootControl.xaml.cs(119,41): warning CS8601: Possible null reference assignment. [C:\Users\nickk\source\folio\Folio\Folio_j0ovjwbr_wpftmp.csproj]
C:\Users\nickk\source\folio\Folio\shell\RootControl.xaml.cs(148,69): warning CS8622: Nullability of reference types in type of parameter 'sender' of 'void RootControl.RootControl_PropertyChanged(object sender, PropertyChangedEventArgs e)' doesn't match the target delegate 'PropertyChangedEventHandler' (possibly because of nullability attributes). [C:\Users\nickk\source\folio\Folio\Folio_j0ovjwbr_wpftmp.csproj]
C:\Users\nickk\source\folio\Folio\shell\RootControl.xaml.cs(150,115): warning CS8622: Nullability of reference types in type of parameter 'sender' of 'void RootControl.Tags_CollectionChanged(object sender, NotifyCollectionChangedEventArgs e)' doesn't match the target delegate 'NotifyCollectionChangedEventHandler' (possibly because of nullability attributes). [C:\Users\nickk\source\folio\Folio\Folio_j0ovjwbr_wpftmp.csproj]
C:\Users\nickk\source\folio\Folio\shell\RootControl.xaml.cs(151,115): warning CS8622: Nullability of reference types in type of parameter 'sender' of 'void RootControl.Tags_CollectionChanged(object sender, NotifyCollectionChangedEventArgs e)' doesn't match the target delegate 'NotifyCollectionChangedEventHandler' (possibly because of nullability attributes). [C:\Users\nickk\source\folio\Folio\Folio_j0ovjwbr_wpftmp.csproj]
C:\Users\nickk\source\folio\Folio\shell\RootControl.xaml.cs(152,117): warning CS8622: Nullability of reference types in type of parameter 'sender' of 'void RootControl.Tags_CollectionChanged(object sender, NotifyCollectionChangedEventArgs e)' doesn't match the target delegate 'NotifyCollectionChangedEventHandler' (possibly because of nullability attributes). [C:\Users\nickk\source\folio\Folio\Folio_j0ovjwbr_wpftmp.csproj]
C:\Users\nickk\source\folio\Folio\shell\RootControl.xaml.cs(95,16): warning CS8618: Non-nullable field 'focusedImage' must contain a non-null value when exiting constructor. Consider adding the 'required' modifier or declaring the field as nullable. [C:\Users\nickk\source\folio\Folio\Folio_j0ovjwbr_wpftmp.csproj]
C:\Users\nickk\source\folio\Folio\shell\RootControl.xaml.cs(95,16): warning CS8618: Non-nullable field 'window' must contain a non-null value when exiting constructor. Consider adding the 'required' modifier or declaring the field as nullable. [C:\Users\nickk\source\folio\Folio\Folio_j0ovjwbr_wpftmp.csproj]
C:\Users\nickk\source\folio\Folio\book\BookModel.cs(52,20): warning CS8603: Possible null reference return. [C:\Users\nickk\source\folio\Folio\Folio_j0ovjwbr_wpftmp.csproj]
C:\Users\nickk\source\folio\Folio\core\DesktopFileListSource.cs(211,30): warning CS8602: Dereference of a possibly null reference. [C:\Users\nickk\source\folio\Folio\Folio_j0ovjwbr_wpftmp.csproj]
C:\Users\nickk\source\folio\Folio\core\DesktopFileListSource.cs(213,41): warning CS8604: Possible null reference argument for parameter 'path1' in 'string Path.Combine(string path1, string path2)'. [C:\Users\nickk\source\folio\Folio\Folio_j0ovjwbr_wpftmp.csproj]
C:\Users\nickk\source\folio\Folio\book\BookModel.cs(57,46): warning CS8603: Possible null reference return. [C:\Users\nickk\source\folio\Folio\Folio_j0ovjwbr_wpftmp.csproj]
C:\Users\nickk\source\folio\Folio\book\BookViewerFullscreen.xaml.cs(14,34): warning CS8625: Cannot convert null literal to non-nullable reference type. [C:\Users\nickk\source\folio\Folio\Folio_j0ovjwbr_wpftmp.csproj]
C:\Users\nickk\source\folio\Folio\book\BookViewerFullscreen.xaml.cs(24,48): warning CS8622: Nullability of reference types in type of parameter 'sender' of 'void BookViewerFullscreen.FullscreenPageview_PhotoClicked(object sender, PhotoClickedEventArgs e)' doesn't match the target delegate 'EventHandler<PhotoClickedEventArgs>' (possibly because of nullability attributes). [C:\Users\nickk\source\folio\Folio\Folio_j0ovjwbr_wpftmp.csproj]
C:\Users\nickk\source\folio\Folio\book\AspectPreservingGrid.cs(269,23): warning CS8625: Cannot convert null literal to non-nullable reference type. [C:\Users\nickk\source\folio\Folio\Folio_j0ovjwbr_wpftmp.csproj]
C:\Users\nickk\source\folio\Folio\book\AspectPreservingGrid.cs(270,23): warning CS8625: Cannot convert null literal to non-nullable reference type. [C:\Users\nickk\source\folio\Folio\Folio_j0ovjwbr_wpftmp.csproj]
C:\Users\nickk\source\folio\Folio\book\BookModel.cs(83,56): warning CS8604: Possible null reference argument for parameter 'r' in 'TwoPages.TwoPages(PhotoPageModel l, PhotoPageModel r)'. [C:\Users\nickk\source\folio\Folio\Folio_j0ovjwbr_wpftmp.csproj]
C:\Users\nickk\source\folio\Folio\importer\PhotoImporter.cs(84,44): warning CS8604: Possible null reference argument for parameter 'path1' in 'string Path.Combine(string path1, string path2)'. [C:\Users\nickk\source\folio\Folio\Folio_j0ovjwbr_wpftmp.csproj]
C:\Users\nickk\source\folio\Folio\book\DroppableImageDisplay.xaml.cs(20,31): warning CS8618: Non-nullable property 'Page' must contain a non-null value when exiting constructor. Consider adding the 'required' modifier or declaring the property as nullable. [C:\Users\nickk\source\folio\Folio\Folio_j0ovjwbr_wpftmp.csproj]
C:\Users\nickk\source\folio\Folio\core\PhotoTag.cs(15,16): warning CS8618: Non-nullable field 'name' must contain a non-null value when exiting constructor. Consider adding the 'required' modifier or declaring the field as nullable. [C:\Users\nickk\source\folio\Folio\Folio_j0ovjwbr_wpftmp.csproj]
C:\Users\nickk\source\folio\Folio\core\PhotoTag.cs(15,16): warning CS8618: Non-nullable field 'parent' must contain a non-null value when exiting constructor. Consider adding the 'required' modifier or declaring the field as nullable. [C:\Users\nickk\source\folio\Folio\Folio_j0ovjwbr_wpftmp.csproj]
C:\Users\nickk\source\folio\Folio\book\PhotoZoomView.xaml.cs(38,16): warning CS8618: Non-nullable field 'currentScale' must contain a non-null value when exiting constructor. Consider adding the 'required' modifier or declaring the field as nullable. [C:\Users\nickk\source\folio\Folio\Folio_j0ovjwbr_wpftmp.csproj]
C:\Users\nickk\source\folio\Folio\book\PhotoZoomView.xaml.cs(38,16): warning CS8618: Non-nullable field 'currentTranslate' must contain a non-null value when exiting constructor. Consider adding the 'required' modifier or declaring the field as nullable. [C:\Users\nickk\source\folio\Folio\Folio_j0ovjwbr_wpftmp.csproj]
C:\Users\nickk\source\folio\Folio\book\PhotoZoomView.xaml.cs(38,16): warning CS8618: Non-nullable field 'nextTranslate' must contain a non-null value when exiting constructor. Consider adding the 'required' modifier or declaring the field as nullable. [C:\Users\nickk\source\folio\Folio\Folio_j0ovjwbr_wpftmp.csproj]
C:\Users\nickk\source\folio\Folio\library\PhotoGridFilters.xaml.cs(26,43): warning CS8625: Cannot convert null literal to non-nullable reference type. [C:\Users\nickk\source\folio\Folio\Folio_j0ovjwbr_wpftmp.csproj]
C:\Users\nickk\source\folio\Folio\library\PhotoGridFilters.xaml.cs(27,51): warning CS8625: Cannot convert null literal to non-nullable reference type. [C:\Users\nickk\source\folio\Folio\Folio_j0ovjwbr_wpftmp.csproj]
C:\Users\nickk\source\folio\Folio\library\PhotoGridFilters.xaml.cs(29,16): warning CS8618: Non-nullable field 'root' must contain a non-null value when exiting constructor. Consider adding the 'required' modifier or declaring the field as nullable. [C:\Users\nickk\source\folio\Folio\Folio_j0ovjwbr_wpftmp.csproj]
C:\Users\nickk\source\folio\Folio\book\BookModel.cs(97,26): warning CS8602: Dereference of a possibly null reference. [C:\Users\nickk\source\folio\Folio\Folio_j0ovjwbr_wpftmp.csproj]
C:\Users\nickk\source\folio\Folio\book\PhotoZoomView.xaml.cs(60,29): warning CS8602: Dereference of a possibly null reference. [C:\Users\nickk\source\folio\Folio\Folio_j0ovjwbr_wpftmp.csproj]
C:\Users\nickk\source\folio\Folio\book\PhotoZoomView.xaml.cs(60,28): warning CS8601: Possible null reference assignment. [C:\Users\nickk\source\folio\Folio\Folio_j0ovjwbr_wpftmp.csproj]
C:\Users\nickk\source\folio\Folio\book\PhotoZoomView.xaml.cs(61,33): warning CS8602: Dereference of a possibly null reference. [C:\Users\nickk\source\folio\Folio\Folio_j0ovjwbr_wpftmp.csproj]
C:\Users\nickk\source\folio\Folio\book\PhotoZoomView.xaml.cs(61,32): warning CS8601: Possible null reference assignment. [C:\Users\nickk\source\folio\Folio\Folio_j0ovjwbr_wpftmp.csproj]
C:\Users\nickk\source\folio\Folio\book\CaptionView.xaml.cs(68,24): warning CS8603: Possible null reference return. [C:\Users\nickk\source\folio\Folio\Folio_j0ovjwbr_wpftmp.csproj]
C:\Users\nickk\source\folio\Folio\shell\KeyboardShortcutsDialog.xaml.cs(22,23): warning CS8618: Non-nullable property 'SectionName' must contain a non-null value when exiting constructor. Consider adding the 'required' modifier or declaring the property as nullable. [C:\Users\nickk\source\folio\Folio\Folio_j0ovjwbr_wpftmp.csproj]
C:\Users\nickk\source\folio\Folio\shell\KeyboardShortcutsDialog.xaml.cs(23,38): warning CS8618: Non-nullable property 'Commands' must contain a non-null value when exiting constructor. Consider adding the 'required' modifier or declaring the property as nullable. [C:\Users\nickk\source\folio\Folio\Folio_j0ovjwbr_wpftmp.csproj]
C:\Users\nickk\source\folio\Folio\core\PhotoTag.cs(38,37): warning CS8600: Converting null literal or possible null value to non-nullable type. [C:\Users\nickk\source\folio\Folio\Folio_j0ovjwbr_wpftmp.csproj]
C:\Users\nickk\source\folio\Folio\library\PhotoGridFilters.xaml.cs(53,28): warning CS8602: Dereference of a possibly null reference. [C:\Users\nickk\source\folio\Folio\Folio_j0ovjwbr_wpftmp.csproj]
C:\Users\nickk\source\folio\Folio\library\PhotoGridFilters.xaml.cs(53,28): warning CS8600: Converting null literal or possible null value to non-nullable type. [C:\Users\nickk\source\folio\Folio\Folio_j0ovjwbr_wpftmp.csproj]
C:\Users\nickk\source\folio\Folio\library\PhotoGridFilters.xaml.cs(55,48): warning CS8604: Possible null reference argument for parameter 'tag' in 'void RootControl.AddFilter(ObservableCollection<PhotoTag> tags, PhotoTag tag)'. [C:\Users\nickk\source\folio\Folio\Folio_j0ovjwbr_wpftmp.csproj]
C:\Users\nickk\source\folio\Folio\library\PhotoGridFilters.xaml.cs(57,45): warning CS8604: Possible null reference argument for parameter 'tag' in 'DragDropData.DragDropData(PhotoTag tag, DragDropOrigin dragDropOrigin, ObservableCollection<PhotoTag> previousFilter)'. [C:\Users\nickk\source\folio\Folio\Folio_j0ovjwbr_wpftmp.csproj]
C:\Users\nickk\source\folio\Folio\library\PhotoGridFilters.xaml.cs(57,70): warning CS8625: Cannot convert null literal to non-nullable reference type. [C:\Users\nickk\source\folio\Folio\Folio_j0ovjwbr_wpftmp.csproj]
C:\Users\nickk\source\folio\Folio\importer\PhotoImporter.cs(111,26): warning CS8600: Converting null literal or possible null value to non-nullable type. [C:\Users\nickk\source\folio\Folio\Folio_j0ovjwbr_wpftmp.csproj]
C:\Users\nickk\source\folio\Folio\core\FileListSource.cs(14,23): warning CS8618: Non-nullable field 'sourceDirectory' must contain a non-null value when exiting constructor. Consider adding the 'required' modifier or declaring the field as nullable. [C:\Users\nickk\source\folio\Folio\Folio_j0ovjwbr_wpftmp.csproj]
C:\Users\nickk\source\folio\Folio\core\FileListSource.cs(15,23): warning CS8618: Non-nullable field 'targetDirectory' must contain a non-null value when exiting constructor. Consider adding the 'required' modifier or declaring the field as nullable. [C:\Users\nickk\source\folio\Folio\Folio_j0ovjwbr_wpftmp.csproj]
C:\Users\nickk\source\folio\Folio\core\FileListSource.cs(17,23): warning CS8618: Non-nullable field 'rootWindow' must contain a non-null value when exiting constructor. Consider adding the 'required' modifier or declaring the field as nullable. [C:\Users\nickk\source\folio\Folio\Folio_j0ovjwbr_wpftmp.csproj]
C:\Users\nickk\source\folio\Folio\library\PhotoGridFilters.xaml.cs(72,28): warning CS8602: Dereference of a possibly null reference. [C:\Users\nickk\source\folio\Folio\Folio_j0ovjwbr_wpftmp.csproj]
C:\Users\nickk\source\folio\Folio\library\PhotoGridFilters.xaml.cs(72,28): warning CS8600: Converting null literal or possible null value to non-nullable type. [C:\Users\nickk\source\folio\Folio\Folio_j0ovjwbr_wpftmp.csproj]
C:\Users\nickk\source\folio\Folio\library\PhotoGridFilters.xaml.cs(75,27): warning CS8600: Converting null literal or possible null value to non-nullable type. [C:\Users\nickk\source\folio\Folio\Folio_j0ovjwbr_wpftmp.csproj]
C:\Users\nickk\source\folio\Folio\library\PhotoGridFilters.xaml.cs(77,64): warning CS8602: Dereference of a possibly null reference. [C:\Users\nickk\source\folio\Folio\Folio_j0ovjwbr_wpftmp.csproj]
C:\Users\nickk\source\folio\Folio\library\PhotoGridFilters.xaml.cs(78,41): warning CS8604: Possible null reference argument for parameter 'tag' in 'DragDropData.DragDropData(PhotoTag tag, DragDropOrigin dragDropOrigin, ObservableCollection<PhotoTag> previousFilter)'. [C:\Users\nickk\source\folio\Folio\Folio_j0ovjwbr_wpftmp.csproj]
C:\Users\nickk\source\folio\Folio\book\CaptionView.xaml.cs(40,35): warning CS8625: Cannot convert null literal to non-nullable reference type. [C:\Users\nickk\source\folio\Folio\Folio_j0ovjwbr_wpftmp.csproj]
C:\Users\nickk\source\folio\Folio\book\PhotoZoomView.xaml.cs(131,24): warning CS8603: Possible null reference return. [C:\Users\nickk\source\folio\Folio\Folio_j0ovjwbr_wpftmp.csproj]
C:\Users\nickk\source\folio\Folio\book\CaptionView.xaml.cs(149,96): warning CS8622: Nullability of reference types in type of parameter 'sender' of 'void CaptionView.Model_PropertyChanged(object sender, PropertyChangedEventArgs e)' doesn't match the target delegate 'PropertyChangedEventHandler' (possibly because of nullability attributes). [C:\Users\nickk\source\folio\Folio\Folio_j0ovjwbr_wpftmp.csproj]
C:\Users\nickk\source\folio\Folio\library\PhotoGridFilters.xaml.cs(97,27): warning CS8602: Dereference of a possibly null reference. [C:\Users\nickk\source\folio\Folio\Folio_j0ovjwbr_wpftmp.csproj]
C:\Users\nickk\source\folio\Folio\book\DroppableImageDisplay.xaml.cs(36,29): warning CS8625: Cannot convert null literal to non-nullable reference type. [C:\Users\nickk\source\folio\Folio\Folio_j0ovjwbr_wpftmp.csproj]
C:\Users\nickk\source\folio\Folio\book\DroppableImageDisplay.xaml.cs(37,43): warning CS8625: Cannot convert null literal to non-nullable reference type. [C:\Users\nickk\source\folio\Folio\Folio_j0ovjwbr_wpftmp.csproj]
C:\Users\nickk\source\folio\Folio\book\DroppableImageDisplay.xaml.cs(38,43): warning CS8625: Cannot convert null literal to non-nullable reference type. [C:\Users\nickk\source\folio\Folio\Folio_j0ovjwbr_wpftmp.csproj]
C:\Users\nickk\source\folio\Folio\book\DroppableImageDisplay.xaml.cs(48,16): warning CS8618: Non-nullable field 'page' must contain a non-null value when exiting constructor. Consider adding the 'required' modifier or declaring the field as nullable. [C:\Users\nickk\source\folio\Folio\Folio_j0ovjwbr_wpftmp.csproj]
C:\Users\nickk\source\folio\Folio\book\DroppableImageDisplay.xaml.cs(48,16): warning CS8618: Non-nullable event 'PhotoClicked' must contain a non-null value when exiting constructor. Consider adding the 'required' modifier or declaring the event as nullable. [C:\Users\nickk\source\folio\Folio\Folio_j0ovjwbr_wpftmp.csproj]
C:\Users\nickk\source\folio\Folio\book\CaptionView.xaml.cs(155,96): warning CS8622: Nullability of reference types in type of parameter 'sender' of 'void CaptionView.Model_PropertyChanged(object sender, PropertyChangedEventArgs e)' doesn't match the target delegate 'PropertyChangedEventHandler' (possibly because of nullability attributes). [C:\Users\nickk\source\folio\Folio\Folio_j0ovjwbr_wpftmp.csproj]
C:\Users\nickk\source\folio\Folio\library\PhotoGrid.xaml.cs(37,52): warning CS8625: Cannot convert null literal to non-nullable reference type. [C:\Users\nickk\source\folio\Folio\Folio_j0ovjwbr_wpftmp.csproj]
C:\Users\nickk\source\folio\Folio\library\PhotoGrid.xaml.cs(38,52): warning CS8625: Cannot convert null literal to non-nullable reference type. [C:\Users\nickk\source\folio\Folio\Folio_j0ovjwbr_wpftmp.csproj]
C:\Users\nickk\source\folio\Folio\library\PhotoGrid.xaml.cs(44,62): warning CS8625: Cannot convert null literal to non-nullable reference type. [C:\Users\nickk\source\folio\Folio\Folio_j0ovjwbr_wpftmp.csproj]
C:\Users\nickk\source\folio\Folio\library\PhotoGrid.xaml.cs(57,49): warning CS8625: Cannot convert null literal to non-nullable reference type. [C:\Users\nickk\source\folio\Folio\Folio_j0ovjwbr_wpftmp.csproj]
C:\Users\nickk\source\folio\Folio\library\PhotoGrid.xaml.cs(58,51): warning CS8625: Cannot convert null literal to non-nullable reference type. [C:\Users\nickk\source\folio\Folio\Folio_j0ovjwbr_wpftmp.csproj]
C:\Users\nickk\source\folio\Folio\library\PhotoGrid.xaml.cs(61,43): warning CS8625: Cannot convert null literal to non-nullable reference type. [C:\Users\nickk\source\folio\Folio\Folio_j0ovjwbr_wpftmp.csproj]
C:\Users\nickk\source\folio\Folio\library\PhotoGrid.xaml.cs(62,43): warning CS8625: Cannot convert null literal to non-nullable reference type. [C:\Users\nickk\source\folio\Folio\Folio_j0ovjwbr_wpftmp.csproj]
C:\Users\nickk\source\folio\Folio\library\PhotoGrid.xaml.cs(66,91): warning CS8622: Nullability of reference types in type of parameter 'sender' of 'void PhotoGrid.root_PropertyChanged(object sender, PropertyChangedEventArgs e)' doesn't match the target delegate 'PropertyChangedEventHandler' (possibly because of nullability attributes). [C:\Users\nickk\source\folio\Folio\Folio_j0ovjwbr_wpftmp.csproj]
C:\Users\nickk\source\folio\Folio\library\PhotoGrid.xaml.cs(93,53): warning CS8622: Nullability of reference types in type of parameter 'sender' of 'void PhotoGrid.panel_LayoutUpdated(object sender, EventArgs e)' doesn't match the target delegate 'EventHandler' (possibly because of nullability attributes). [C:\Users\nickk\source\folio\Folio\Folio_j0ovjwbr_wpftmp.csproj]
C:\Users\nickk\source\folio\Folio\library\PhotoGrid.xaml.cs(115,41): warning CS8625: Cannot convert null literal to non-nullable reference type. [C:\Users\nickk\source\folio\Folio\Folio_j0ovjwbr_wpftmp.csproj]
C:\Users\nickk\source\folio\Folio\library\PhotoGrid.xaml.cs(116,44): warning CS8625: Cannot convert null literal to non-nullable reference type. [C:\Users\nickk\source\folio\Folio\Folio_j0ovjwbr_wpftmp.csproj]
C:\Users\nickk\source\folio\Folio\library\PhotoGrid.xaml.cs(64,18): warning CS8618: Non-nullable event 'Exited' must contain a non-null value when exiting constructor. Consider adding the 'required' modifier or declaring the event as nullable. [C:\Users\nickk\source\folio\Folio\Folio_j0ovjwbr_wpftmp.csproj]
C:\Users\nickk\source\folio\Folio\library\PhotoGrid.xaml.cs(126,31): warning CS8625: Cannot convert null literal to non-nullable reference type. [C:\Users\nickk\source\folio\Folio\Folio_j0ovjwbr_wpftmp.csproj]
C:\Users\nickk\source\folio\Folio\book\PhotoZoomView.xaml.cs(146,20): warning CS8603: Possible null reference return. [C:\Users\nickk\source\folio\Folio\Folio_j0ovjwbr_wpftmp.csproj]
C:\Users\nickk\source\folio\Folio\core\PhotoTag.cs(78,28): warning CS8600: Converting null literal or possible null value to non-nullable type. [C:\Users\nickk\source\folio\Folio\Folio_j0ovjwbr_wpftmp.csproj]
C:\Users\nickk\source\folio\Folio\core\PhotoTag.cs(82,33): warning CS8600: Converting null literal or possible null value to non-nullable type. [C:\Users\nickk\source\folio\Folio\Folio_j0ovjwbr_wpftmp.csproj]
C:\Users\nickk\source\folio\Folio\book\AspectPreservingGrid.cs(333,37): warning CS8604: Possible null reference argument for parameter 'source' in 'bool Enumerable.All<double>(IEnumerable<double> source, Func<double, bool> predicate)'. [C:\Users\nickk\source\folio\Folio\Folio_j0ovjwbr_wpftmp.csproj]
C:\Users\nickk\source\folio\Folio\book\AspectPreservingGrid.cs(335,66): warning CS8604: Possible null reference argument for parameter 'rowColSizes' in 'Point AspectPreservingGrid.RemoveFakeRowsAndColumns(ExtraSpace extraSpace, double[] rowColSizes)'. [C:\Users\nickk\source\folio\Folio\Folio_j0ovjwbr_wpftmp.csproj]
C:\Users\nickk\source\folio\Folio\book\AspectPreservingGrid.cs(353,33): warning CS8600: Converting null literal or possible null value to non-nullable type. [C:\Users\nickk\source\folio\Folio\Folio_j0ovjwbr_wpftmp.csproj]
C:\Users\nickk\source\folio\Folio\book\AspectPreservingGrid.cs(354,33): warning CS8600: Converting null literal or possible null value to non-nullable type. [C:\Users\nickk\source\folio\Folio\Folio_j0ovjwbr_wpftmp.csproj]
C:\Users\nickk\source\folio\Folio\book\AspectPreservingGrid.cs(365,72): warning CS8604: Possible null reference argument for parameter 'rowSizes' in 'LayoutResult.LayoutResult(LayoutStatus error, double[] rowSizes, double[] colSizes, Point padding)'. [C:\Users\nickk\source\folio\Folio\Folio_j0ovjwbr_wpftmp.csproj]
C:\Users\nickk\source\folio\Folio\book\AspectPreservingGrid.cs(365,82): warning CS8604: Possible null reference argument for parameter 'colSizes' in 'LayoutResult.LayoutResult(LayoutStatus error, double[] rowSizes, double[] colSizes, Point padding)'. [C:\Users\nickk\source\folio\Folio\Folio_j0ovjwbr_wpftmp.csproj]
C:\Users\nickk\source\folio\Folio\book\AspectPreservingGrid.cs(368,48): warning CS8604: Possible null reference argument for parameter 'rowSizes' in 'LayoutResult.LayoutResult(LayoutStatus error, double[] rowSizes, double[] colSizes, Point padding)'. [C:\Users\nickk\source\folio\Folio\Folio_j0ovjwbr_wpftmp.csproj]
C:\Users\nickk\source\folio\Folio\book\AspectPreservingGrid.cs(368,58): warning CS8604: Possible null reference argument for parameter 'colSizes' in 'LayoutResult.LayoutResult(LayoutStatus error, double[] rowSizes, double[] colSizes, Point padding)'. [C:\Users\nickk\source\folio\Folio\Folio_j0ovjwbr_wpftmp.csproj]
C:\Users\nickk\source\folio\Folio\book\AspectPreservingGrid.cs(374,48): warning CS8604: Possible null reference argument for parameter 'rowSizes' in 'LayoutResult.LayoutResult(LayoutStatus error, double[] rowSizes, double[] colSizes, Point padding)'. [C:\Users\nickk\source\folio\Folio\Folio_j0ovjwbr_wpftmp.csproj]
C:\Users\nickk\source\folio\Folio\book\AspectPreservingGrid.cs(374,58): warning CS8604: Possible null reference argument for parameter 'colSizes' in 'LayoutResult.LayoutResult(LayoutStatus error, double[] rowSizes, double[] colSizes, Point padding)'. [C:\Users\nickk\source\folio\Folio\Folio_j0ovjwbr_wpftmp.csproj]
C:\Users\nickk\source\folio\Folio\library\PhotoGridFilters.xaml.cs(116,27): warning CS8602: Dereference of a possibly null reference. [C:\Users\nickk\source\folio\Folio\Folio_j0ovjwbr_wpftmp.csproj]
C:\Users\nickk\source\folio\Folio\book\DroppableImageDisplay.xaml.cs(112,26): warning CS8603: Possible null reference return. [C:\Users\nickk\source\folio\Folio\Folio_j0ovjwbr_wpftmp.csproj]
C:\Users\nickk\source\folio\Folio\book\DroppableImageDisplay.xaml.cs(134,24): warning CS8603: Possible null reference return. [C:\Users\nickk\source\folio\Folio\Folio_j0ovjwbr_wpftmp.csproj]
C:\Users\nickk\source\folio\Folio\shell\RootControl.xaml.cs(291,79): warning CS8625: Cannot convert null literal to non-nullable reference type. [C:\Users\nickk\source\folio\Folio\Folio_j0ovjwbr_wpftmp.csproj]
C:\Users\nickk\source\folio\Folio\library\PhotoGrid.xaml.cs(154,46): warning CS8625: Cannot convert null literal to non-nullable reference type. [C:\Users\nickk\source\folio\Folio\Folio_j0ovjwbr_wpftmp.csproj]
C:\Users\nickk\source\folio\Folio\library\PhotoGrid.xaml.cs(155,48): warning CS8625: Cannot convert null literal to non-nullable reference type. [C:\Users\nickk\source\folio\Folio\Folio_j0ovjwbr_wpftmp.csproj]
C:\Users\nickk\source\folio\Folio\core\PhotoTag.cs(101,49): warning CS8604: Possible null reference argument for parameter 'parent' in 'PhotoTag.PhotoTag(string name, PhotoTag parent)'. [C:\Users\nickk\source\folio\Folio\Folio_j0ovjwbr_wpftmp.csproj]
C:\Users\nickk\source\folio\Folio\library\PhotoGridFilters.xaml.cs(200,37): warning CS8625: Cannot convert null literal to non-nullable reference type. [C:\Users\nickk\source\folio\Folio\Folio_j0ovjwbr_wpftmp.csproj]
C:\Users\nickk\source\folio\Folio\library\PhotoGridFilters.xaml.cs(202,37): warning CS8625: Cannot convert null literal to non-nullable reference type. [C:\Users\nickk\source\folio\Folio\Folio_j0ovjwbr_wpftmp.csproj]
C:\Users\nickk\source\folio\Folio\library\PhotoGridFilters.xaml.cs(225,31): warning CS8602: Dereference of a possibly null reference. [C:\Users\nickk\source\folio\Folio\Folio_j0ovjwbr_wpftmp.csproj]
C:\Users\nickk\source\folio\Folio\library\PhotoGridFilters.xaml.cs(234,24): warning CS8602: Dereference of a possibly null reference. [C:\Users\nickk\source\folio\Folio\Folio_j0ovjwbr_wpftmp.csproj]
C:\Users\nickk\source\folio\Folio\importer\PhotoImporter.cs(27,27): warning CS8618: Non-nullable field 'seriesName' must contain a non-null value when exiting constructor. Consider adding the 'required' modifier or declaring the field as nullable. [C:\Users\nickk\source\folio\Folio\Folio_j0ovjwbr_wpftmp.csproj]
C:\Users\nickk\source\folio\Folio\importer\PhotoImporter.cs(28,46): warning CS8618: Non-nullable field 'progress' must contain a non-null value when exiting constructor. Consider adding the 'required' modifier or declaring the field as nullable. [C:\Users\nickk\source\folio\Folio\Folio_j0ovjwbr_wpftmp.csproj]
C:\Users\nickk\source\folio\Folio\importer\PhotoImporter.cs(29,31): warning CS8618: Non-nullable field 'isCancelled' must contain a non-null value when exiting constructor. Consider adding the 'required' modifier or declaring the field as nullable. [C:\Users\nickk\source\folio\Folio\Folio_j0ovjwbr_wpftmp.csproj]
C:\Users\nickk\source\folio\Folio\shell\KeyboardShortcutsDialog.xaml.cs(43,23): warning CS8618: Non-nullable property 'KeyText' must contain a non-null value when exiting constructor. Consider adding the 'required' modifier or declaring the property as nullable. [C:\Users\nickk\source\folio\Folio\Folio_j0ovjwbr_wpftmp.csproj]
C:\Users\nickk\source\folio\Folio\shell\KeyboardShortcutsDialog.xaml.cs(44,23): warning CS8618: Non-nullable property 'Description' must contain a non-null value when exiting constructor. Consider adding the 'required' modifier or declaring the property as nullable. [C:\Users\nickk\source\folio\Folio\Folio_j0ovjwbr_wpftmp.csproj]
C:\Users\nickk\source\folio\Folio\library\PhotoGridFilters.xaml.cs(243,24): warning CS8602: Dereference of a possibly null reference. [C:\Users\nickk\source\folio\Folio\Folio_j0ovjwbr_wpftmp.csproj]
C:\Users\nickk\source\folio\Folio\library\PhotoGridFilters.xaml.cs(244,31): warning CS8602: Dereference of a possibly null reference. [C:\Users\nickk\source\folio\Folio\Folio_j0ovjwbr_wpftmp.csproj]
C:\Users\nickk\source\folio\Folio\core\PhotoTag.cs(158,29): warning CS8600: Converting null literal or possible null value to non-nullable type. [C:\Users\nickk\source\folio\Folio\Folio_j0ovjwbr_wpftmp.csproj]
C:\Users\nickk\source\folio\Folio\core\PhotoTag.cs(160,34): warning CS8600: Converting null literal or possible null value to non-nullable type. [C:\Users\nickk\source\folio\Folio\Folio_j0ovjwbr_wpftmp.csproj]
C:\Users\nickk\source\folio\Folio\core\PhotoTag.cs(168,20): warning CS8603: Possible null reference return. [C:\Users\nickk\source\folio\Folio\Folio_j0ovjwbr_wpftmp.csproj]
C:\Users\nickk\source\folio\Folio\library\PhotoGridFilters.xaml.cs(250,24): warning CS8602: Dereference of a possibly null reference. [C:\Users\nickk\source\folio\Folio\Folio_j0ovjwbr_wpftmp.csproj]
C:\Users\nickk\source\folio\Folio\library\PhotoGridFilters.xaml.cs(253,33): warning CS8604: Possible null reference argument for parameter 'tag' in 'void ImageOrigin.RemoveTag(PhotoTag tag)'. [C:\Users\nickk\source\folio\Folio\Folio_j0ovjwbr_wpftmp.csproj]
C:\Users\nickk\source\folio\Folio\book\DroppableImageDisplay.xaml.cs(261,37): warning CS8625: Cannot convert null literal to non-nullable reference type. [C:\Users\nickk\source\folio\Folio\Folio_j0ovjwbr_wpftmp.csproj]
C:\Users\nickk\source\folio\Folio\book\DroppableImageDisplay.xaml.cs(263,33): warning CS8625: Cannot convert null literal to non-nullable reference type. [C:\Users\nickk\source\folio\Folio\Folio_j0ovjwbr_wpftmp.csproj]
C:\Users\nickk\source\folio\Folio\library\PhotoGrid.xaml.cs(226,42): warning CS8625: Cannot convert null literal to non-nullable reference type. [C:\Users\nickk\source\folio\Folio\Folio_j0ovjwbr_wpftmp.csproj]
C:\Users\nickk\source\folio\Folio\library\PhotoGrid.xaml.cs(227,54): warning CS8625: Cannot convert null literal to non-nullable reference type. [C:\Users\nickk\source\folio\Folio\Folio_j0ovjwbr_wpftmp.csproj]
C:\Users\nickk\source\folio\Folio\library\PhotoGrid.xaml.cs(247,29): warning CS8625: Cannot convert null literal to non-nullable reference type. [C:\Users\nickk\source\folio\Folio\Folio_j0ovjwbr_wpftmp.csproj]
C:\Users\nickk\source\folio\Folio\library\PhotoGrid.xaml.cs(248,41): warning CS8625: Cannot convert null literal to non-nullable reference type. [C:\Users\nickk\source\folio\Folio\Folio_j0ovjwbr_wpftmp.csproj]
C:\Users\nickk\source\folio\Folio\library\PhotoGrid.xaml.cs(252,29): warning CS8625: Cannot convert null literal to non-nullable reference type. [C:\Users\nickk\source\folio\Folio\Folio_j0ovjwbr_wpftmp.csproj]
C:\Users\nickk\source\folio\Folio\library\PhotoGrid.xaml.cs(253,41): warning CS8625: Cannot convert null literal to non-nullable reference type. [C:\Users\nickk\source\folio\Folio\Folio_j0ovjwbr_wpftmp.csproj]
C:\Users\nickk\source\folio\Folio\book\DroppableImageDisplay.xaml.cs(280,94): warning CS8622: Nullability of reference types in type of parameter 'sender' of 'void DroppableImageDisplay.Images_CollectionChanged(object sender, NotifyCollectionChangedEventArgs e)' doesn't match the target delegate 'NotifyCollectionChangedEventHandler' (possibly because of nullability attributes). [C:\Users\nickk\source\folio\Folio\Folio_j0ovjwbr_wpftmp.csproj]
C:\Users\nickk\source\folio\Folio\book\DroppableImageDisplay.xaml.cs(281,28): warning CS8600: Converting null literal or possible null value to non-nullable type. [C:\Users\nickk\source\folio\Folio\Folio_j0ovjwbr_wpftmp.csproj]
C:\Users\nickk\source\folio\Folio\book\DroppableImageDisplay.xaml.cs(285,90): warning CS8622: Nullability of reference types in type of parameter 'sender' of 'void DroppableImageDisplay.Images_CollectionChanged(object sender, NotifyCollectionChangedEventArgs e)' doesn't match the target delegate 'NotifyCollectionChangedEventHandler' (possibly because of nullability attributes). [C:\Users\nickk\source\folio\Folio\Folio_j0ovjwbr_wpftmp.csproj]
C:\Users\nickk\source\folio\Folio\library\PhotoGridFilters.xaml.cs(258,24): warning CS8602: Dereference of a possibly null reference. [C:\Users\nickk\source\folio\Folio\Folio_j0ovjwbr_wpftmp.csproj]
C:\Users\nickk\source\folio\Folio\library\PhotoGridFilters.xaml.cs(259,63): warning CS8604: Possible null reference argument for parameter 'tag' in 'bool ImageOrigin.HasTag(PhotoTag tag)'. [C:\Users\nickk\source\folio\Folio\Folio_j0ovjwbr_wpftmp.csproj]
C:\Users\nickk\source\folio\Folio\library\PhotoGridFilters.xaml.cs(261,24): warning CS8602: Dereference of a possibly null reference. [C:\Users\nickk\source\folio\Folio\Folio_j0ovjwbr_wpftmp.csproj]
C:\Users\nickk\source\folio\Folio\library\PhotoGridFilters.xaml.cs(264,30): warning CS8625: Cannot convert null literal to non-nullable reference type. [C:\Users\nickk\source\folio\Folio\Folio_j0ovjwbr_wpftmp.csproj]
C:\Users\nickk\source\folio\Folio\book\CaptionView.xaml.cs(307,58): warning CS8602: Dereference of a possibly null reference. [C:\Users\nickk\source\folio\Folio\Folio_j0ovjwbr_wpftmp.csproj]
C:\Users\nickk\source\folio\Folio\book\CaptionView.xaml.cs(316,21): warning CS8602: Dereference of a possibly null reference. [C:\Users\nickk\source\folio\Folio\Folio_j0ovjwbr_wpftmp.csproj]
C:\Users\nickk\source\folio\Folio\library\PhotoGridFilters.xaml.cs(269,14): warning CS8602: Dereference of a possibly null reference. [C:\Users\nickk\source\folio\Folio\Folio_j0ovjwbr_wpftmp.csproj]
C:\Users\nickk\source\folio\Folio\book\DroppableImageDisplay.xaml.cs(293,90): warning CS8622: Nullability of reference types in type of parameter 'sender' of 'void DroppableImageDisplay.Images_CollectionChanged(object sender, NotifyCollectionChangedEventArgs e)' doesn't match the target delegate 'NotifyCollectionChangedEventHandler' (possibly because of nullability attributes). [C:\Users\nickk\source\folio\Folio\Folio_j0ovjwbr_wpftmp.csproj]
C:\Users\nickk\source\folio\Folio\book\DroppableImageDisplay.xaml.cs(294,29): warning CS8625: Cannot convert null literal to non-nullable reference type. [C:\Users\nickk\source\folio\Folio\Folio_j0ovjwbr_wpftmp.csproj]
C:\Users\nickk\source\folio\Folio\library\PhotoGridFilters.xaml.cs(273,24): warning CS8602: Dereference of a possibly null reference. [C:\Users\nickk\source\folio\Folio\Folio_j0ovjwbr_wpftmp.csproj]
C:\Users\nickk\source\folio\Folio\library\PhotoGridFilters.xaml.cs(276,34): warning CS8604: Possible null reference argument for parameter 'tag' in 'bool ImageOrigin.HasTag(PhotoTag tag)'. [C:\Users\nickk\source\folio\Folio\Folio_j0ovjwbr_wpftmp.csproj]
C:\Users\nickk\source\folio\Folio\book\DroppableImageDisplay.xaml.cs(311,39): warning CS8603: Possible null reference return. [C:\Users\nickk\source\folio\Folio\Folio_j0ovjwbr_wpftmp.csproj]
C:\Users\nickk\source\folio\Folio\book\DroppableImageDisplay.xaml.cs(317,25): warning CS8600: Converting null literal or possible null value to non-nullable type. [C:\Users\nickk\source\folio\Folio\Folio_j0ovjwbr_wpftmp.csproj]
C:\Users\nickk\source\folio\Folio\library\PhotoGridFilters.xaml.cs(290,27): warning CS8602: Dereference of a possibly null reference. [C:\Users\nickk\source\folio\Folio\Folio_j0ovjwbr_wpftmp.csproj]
C:\Users\nickk\source\folio\Folio\library\PhotoGridFilters.xaml.cs(294,44): warning CS8602: Dereference of a possibly null reference. [C:\Users\nickk\source\folio\Folio\Folio_j0ovjwbr_wpftmp.csproj]
C:\Users\nickk\source\folio\Folio\library\PhotoGridFilters.xaml.cs(294,43): warning CS8600: Converting null literal or possible null value to non-nullable type. [C:\Users\nickk\source\folio\Folio\Folio_j0ovjwbr_wpftmp.csproj]
C:\Users\nickk\source\folio\Folio\library\PhotoGridFilters.xaml.cs(295,47): warning CS8604: Possible null reference argument for parameter 'newParent' in 'bool PhotoGridFilters.WillCreateCycle(PhotoTag tag, PhotoTag newParent)'. [C:\Users\nickk\source\folio\Folio\Folio_j0ovjwbr_wpftmp.csproj]
C:\Users\nickk\source\folio\Folio\library\PhotoGridFilters.xaml.cs(305,14): warning CS8602: Dereference of a possibly null reference. [C:\Users\nickk\source\folio\Folio\Folio_j0ovjwbr_wpftmp.csproj]
C:\Users\nickk\source\folio\Folio\book\MatrixSolver.cs(25,24): warning CS8603: Possible null reference return. [C:\Users\nickk\source\folio\Folio\Folio_j0ovjwbr_wpftmp.csproj]
C:\Users\nickk\source\folio\Folio\book\MatrixSolver.cs(33,24): warning CS8603: Possible null reference return. [C:\Users\nickk\source\folio\Folio\Folio_j0ovjwbr_wpftmp.csproj]
C:\Users\nickk\source\folio\Folio\book\PageDesigner.xaml.cs(22,23): warning CS8618: Non-nullable property 'DisplayName' must contain a non-null value when exiting constructor. Consider adding the 'required' modifier or declaring the property as nullable. [C:\Users\nickk\source\folio\Folio\Folio_j0ovjwbr_wpftmp.csproj]
C:\Users\nickk\source\folio\Folio\book\PageDesigner.xaml.cs(23,23): warning CS8618: Non-nullable property 'FilePath' must contain a non-null value when exiting constructor. Consider adding the 'required' modifier or declaring the property as nullable. [C:\Users\nickk\source\folio\Folio\Folio_j0ovjwbr_wpftmp.csproj]
C:\Users\nickk\source\folio\Folio\core\ImageDisplay.xaml.cs(39,42): warning CS8625: Cannot convert null literal to non-nullable reference type. [C:\Users\nickk\source\folio\Folio\Folio_j0ovjwbr_wpftmp.csproj]
C:\Users\nickk\source\folio\Folio\core\ImageDisplay.xaml.cs(41,41): warning CS8625: Cannot convert null literal to non-nullable reference type. [C:\Users\nickk\source\folio\Folio\Folio_j0ovjwbr_wpftmp.csproj]
C:\Users\nickk\source\folio\Folio\core\ImageDisplay.xaml.cs(42,38): warning CS8625: Cannot convert null literal to non-nullable reference type. [C:\Users\nickk\source\folio\Folio\Folio_j0ovjwbr_wpftmp.csproj]
C:\Users\nickk\source\folio\Folio\core\ImageDisplay.xaml.cs(165,43): warning CS8625: Cannot convert null literal to non-nullable reference type. [C:\Users\nickk\source\folio\Folio\Folio_j0ovjwbr_wpftmp.csproj]
C:\Users\nickk\source\folio\Folio\core\ImageDisplay.xaml.cs(60,13): warning CS8602: Dereference of a possibly null reference. [C:\Users\nickk\source\folio\Folio\Folio_j0ovjwbr_wpftmp.csproj]
C:\Users\nickk\source\folio\Folio\core\ImageDisplay.xaml.cs(60,84): warning CS8622: Nullability of reference types in type of parameter 'sender' of 'void ImageDisplay.imageElement_ImageFailed(object sender, ExceptionRoutedEventArgs e)' doesn't match the target delegate 'EventHandler<ExceptionRoutedEventArgs>' (possibly because of nullability attributes). [C:\Users\nickk\source\folio\Folio\Folio_j0ovjwbr_wpftmp.csproj]
C:\Users\nickk\source\folio\Folio\core\ImageDisplay.xaml.cs(50,16): warning CS8618: Non-nullable field 'imageInfo' must contain a non-null value when exiting constructor. Consider adding the 'required' modifier or declaring the field as nullable. [C:\Users\nickk\source\folio\Folio\Folio_j0ovjwbr_wpftmp.csproj]
C:\Users\nickk\source\folio\Folio\core\ImageDisplay.xaml.cs(50,16): warning CS8618: Non-nullable field 'scaleTransform' must contain a non-null value when exiting constructor. Consider adding the 'required' modifier or declaring the field as nullable. [C:\Users\nickk\source\folio\Folio\Folio_j0ovjwbr_wpftmp.csproj]
C:\Users\nickk\source\folio\Folio\core\ImageDisplay.xaml.cs(50,16): warning CS8618: Non-nullable field 'rotateTransform' must contain a non-null value when exiting constructor. Consider adding the 'required' modifier or declaring the field as nullable. [C:\Users\nickk\source\folio\Folio\Folio_j0ovjwbr_wpftmp.csproj]
C:\Users\nickk\source\folio\Folio\core\ImageDisplay.xaml.cs(50,16): warning CS8618: Non-nullable field 'translatePanningTransform' must contain a non-null value when exiting constructor. Consider adding the 'required' modifier or declaring the field as nullable. [C:\Users\nickk\source\folio\Folio\Folio_j0ovjwbr_wpftmp.csproj]
C:\Users\nickk\source\folio\Folio\core\ImageDisplay.xaml.cs(50,16): warning CS8618: Non-nullable field 'flipTransform' must contain a non-null value when exiting constructor. Consider adding the 'required' modifier or declaring the field as nullable. [C:\Users\nickk\source\folio\Folio\Folio_j0ovjwbr_wpftmp.csproj]
C:\Users\nickk\source\folio\Folio\core\ImageDisplay.xaml.cs(50,16): warning CS8618: Non-nullable event 'PropertyChanged' must contain a non-null value when exiting constructor. Consider adding the 'required' modifier or declaring the event as nullable. [C:\Users\nickk\source\folio\Folio\Folio_j0ovjwbr_wpftmp.csproj]
C:\Users\nickk\source\folio\Folio\book\DroppableImageDisplay.xaml.cs(326,30): warning CS8625: Cannot convert null literal to non-nullable reference type. [C:\Users\nickk\source\folio\Folio\Folio_j0ovjwbr_wpftmp.csproj]
C:\Users\nickk\source\folio\Folio\library\PhotoGrid.xaml.cs(304,42): warning CS8601: Possible null reference assignment. [C:\Users\nickk\source\folio\Folio\Folio_j0ovjwbr_wpftmp.csproj]
C:\Users\nickk\source\folio\Folio\library\PhotoGrid.xaml.cs(316,63): warning CS8604: Possible null reference argument for parameter 'display' in 'void PhotoGrid.SetUpImageDisplay(ImageOrigin origin, SelectableImageDisplay display)'. [C:\Users\nickk\source\folio\Folio\Folio_j0ovjwbr_wpftmp.csproj]
C:\Users\nickk\source\folio\Folio\library\PhotoGrid.xaml.cs(318,39): warning CS8625: Cannot convert null literal to non-nullable reference type. [C:\Users\nickk\source\folio\Folio\Folio_j0ovjwbr_wpftmp.csproj]
C:\Users\nickk\source\folio\Folio\library\PhotoGrid.xaml.cs(318,45): warning CS8604: Possible null reference argument for parameter 'display' in 'void PhotoGrid.SetUpImageDisplay(ImageOrigin origin, SelectableImageDisplay display)'. [C:\Users\nickk\source\folio\Folio\Folio_j0ovjwbr_wpftmp.csproj]
C:\Users\nickk\source\folio\Folio\library\PhotoGrid.xaml.cs(335,31): warning CS8604: Possible null reference argument for parameter 'newFocus' in 'void PhotoGrid.MoveFocus(SelectableImageDisplay newFocus)'. [C:\Users\nickk\source\folio\Folio\Folio_j0ovjwbr_wpftmp.csproj]
C:\Users\nickk\source\folio\Folio\library\PhotoGrid.xaml.cs(337,31): warning CS8604: Possible null reference argument for parameter 'newFocus' in 'void PhotoGrid.MoveFocus(SelectableImageDisplay newFocus)'. [C:\Users\nickk\source\folio\Folio\Folio_j0ovjwbr_wpftmp.csproj]
C:\Users\nickk\source\folio\Folio\book\DroppableImageDisplay.xaml.cs(389,38): warning CS8602: Dereference of a possibly null reference. [C:\Users\nickk\source\folio\Folio\Folio_j0ovjwbr_wpftmp.csproj]
C:\Users\nickk\source\folio\Folio\book\DroppableImageDisplay.xaml.cs(390,46): warning CS8600: Converting null literal or possible null value to non-nullable type. [C:\Users\nickk\source\folio\Folio\Folio_j0ovjwbr_wpftmp.csproj]
C:\Users\nickk\source\folio\Folio\book\DroppableImageDisplay.xaml.cs(399,44): warning CS8625: Cannot convert null literal to non-nullable reference type. [C:\Users\nickk\source\folio\Folio\Folio_j0ovjwbr_wpftmp.csproj]
C:\Users\nickk\source\folio\Folio\book\DroppableImageDisplay.xaml.cs(409,64): warning CS8601: Possible null reference assignment. [C:\Users\nickk\source\folio\Folio\Folio_j0ovjwbr_wpftmp.csproj]
C:\Users\nickk\source\folio\Folio\shell\RootControl.xaml.cs(447,36): warning CS8625: Cannot convert null literal to non-nullable reference type. [C:\Users\nickk\source\folio\Folio\Folio_j0ovjwbr_wpftmp.csproj]
C:\Users\nickk\source\folio\Folio\book\PageDesigner.xaml.cs(33,34): warning CS8625: Cannot convert null literal to non-nullable reference type. [C:\Users\nickk\source\folio\Folio\Folio_j0ovjwbr_wpftmp.csproj]
C:\Users\nickk\source\folio\Folio\book\PageDesigner.xaml.cs(65,69): warning CS8622: Nullability of reference types in type of parameter 'sender' of 'void PageDesigner.book_PropertyChanged(object sender, PropertyChangedEventArgs e)' doesn't match the target delegate 'PropertyChangedEventHandler' (possibly because of nullability attributes). [C:\Users\nickk\source\folio\Folio\Folio_j0ovjwbr_wpftmp.csproj]
C:\Users\nickk\source\folio\Folio\book\PageDesigner.xaml.cs(66,52): warning CS8622: Nullability of reference types in type of parameter 'sender' of 'void PageDesigner.book_ImagesChanged(object sender, EventArgs e)' doesn't match the target delegate 'EventHandler' (possibly because of nullability attributes). [C:\Users\nickk\source\folio\Folio\Folio_j0ovjwbr_wpftmp.csproj]
C:\Users\nickk\source\folio\Folio\book\PageDesigner.xaml.cs(50,16): warning CS8618: Non-nullable event 'PropertyChanged' must contain a non-null value when exiting constructor. Consider adding the 'required' modifier or declaring the event as nullable. [C:\Users\nickk\source\folio\Folio\Folio_j0ovjwbr_wpftmp.csproj]
C:\Users\nickk\source\folio\Folio\core\ImageDisplay.xaml.cs(181,29): warning CS8601: Possible null reference assignment. [C:\Users\nickk\source\folio\Folio\Folio_j0ovjwbr_wpftmp.csproj]
C:\Users\nickk\source\folio\Folio\core\ImageDisplay.xaml.cs(182,31): warning CS8601: Possible null reference assignment. [C:\Users\nickk\source\folio\Folio\Folio_j0ovjwbr_wpftmp.csproj]
C:\Users\nickk\source\folio\Folio\book\PhotoPageView.xaml.cs(29,16): warning CS8618: Non-nullable field 'anyInstance' must contain a non-null value when exiting constructor. Consider adding the 'required' modifier or declaring the field as nullable. [C:\Users\nickk\source\folio\Folio\Folio_j0ovjwbr_wpftmp.csproj]
C:\Users\nickk\source\folio\Folio\book\DroppableImageDisplay.xaml.cs(419,43): warning CS8625: Cannot convert null literal to non-nullable reference type. [C:\Users\nickk\source\folio\Folio\Folio_j0ovjwbr_wpftmp.csproj]
C:\Users\nickk\source\folio\Folio\book\MatrixSolver.cs(104,32): warning CS8603: Possible null reference return. [C:\Users\nickk\source\folio\Folio\Folio_j0ovjwbr_wpftmp.csproj]
C:\Users\nickk\source\folio\Folio\book\MatrixSolver.cs(126,40): warning CS8603: Possible null reference return. [C:\Users\nickk\source\folio\Folio\Folio_j0ovjwbr_wpftmp.csproj]
C:\Users\nickk\source\folio\Folio\book\CaptionView.xaml.cs(359,30): warning CS8602: Dereference of a possibly null reference. [C:\Users\nickk\source\folio\Folio\Folio_j0ovjwbr_wpftmp.csproj]
C:\Users\nickk\source\folio\Folio\book\CaptionView.xaml.cs(377,48): warning CS8600: Converting null literal or possible null value to non-nullable type. [C:\Users\nickk\source\folio\Folio\Folio_j0ovjwbr_wpftmp.csproj]
C:\Users\nickk\source\folio\Folio\book\PhotoPageView.xaml.cs(79,16): warning CS8618: Non-nullable event 'PhotoClicked' must contain a non-null value when exiting constructor. Consider adding the 'required' modifier or declaring the event as nullable. [C:\Users\nickk\source\folio\Folio\Folio_j0ovjwbr_wpftmp.csproj]
C:\Users\nickk\source\folio\Folio\library\PhotoGrid.xaml.cs(377,42): warning CS8625: Cannot convert null literal to non-nullable reference type. [C:\Users\nickk\source\folio\Folio\Folio_j0ovjwbr_wpftmp.csproj]
C:\Users\nickk\source\folio\Folio\library\PhotoGrid.xaml.cs(378,45): warning CS8625: Cannot convert null literal to non-nullable reference type. [C:\Users\nickk\source\folio\Folio\Folio_j0ovjwbr_wpftmp.csproj]
C:\Users\nickk\source\folio\Folio\library\PhotoGrid.xaml.cs(400,29): warning CS8604: Possible null reference argument for parameter 'oldFocus' in 'void PhotoGrid.SelectRange(ImageOrigin oldFocus, ImageOrigin newFocus)'. [C:\Users\nickk\source\folio\Folio\Folio_j0ovjwbr_wpftmp.csproj]
C:\Users\nickk\source\folio\Folio\core\ImageOrigin.cs(38,35): warning CS8600: Converting null literal or possible null value to non-nullable type. [C:\Users\nickk\source\folio\Folio\Folio_j0ovjwbr_wpftmp.csproj]
C:\Users\nickk\source\folio\Folio\core\ImageOrigin.cs(41,51): warning CS8625: Cannot convert null literal to non-nullable reference type. [C:\Users\nickk\source\folio\Folio\Folio_j0ovjwbr_wpftmp.csproj]
C:\Users\nickk\source\folio\Folio\book\PageDesigner.xaml.cs(109,28): warning CS8625: Cannot convert null literal to non-nullable reference type. [C:\Users\nickk\source\folio\Folio\Folio_j0ovjwbr_wpftmp.csproj]
C:\Users\nickk\source\folio\Folio\core\ImageDisplay.xaml.cs(284,35): warning CS8600: Converting null literal or possible null value to non-nullable type. [C:\Users\nickk\source\folio\Folio\Folio_j0ovjwbr_wpftmp.csproj]
C:\Users\nickk\source\folio\Folio\library\PhotoGrid.xaml.cs(842,28): warning CS8618: Non-nullable property 'ImageOrigin' must contain a non-null value when exiting constructor. Consider adding the 'required' modifier or declaring the property as nullable. [C:\Users\nickk\source\folio\Folio\Folio_j0ovjwbr_wpftmp.csproj]
C:\Users\nickk\source\folio\Folio\library\PhotoGrid.xaml.cs(844,31): warning CS8618: Non-nullable property 'SourcePage' must contain a non-null value when exiting constructor. Consider adding the 'required' modifier or declaring the property as nullable. [C:\Users\nickk\source\folio\Folio\Folio_j0ovjwbr_wpftmp.csproj]
C:\Users\nickk\source\folio\Folio\Utilities\SelectFolders.xaml.cs(30,51): warning CS8625: Cannot convert null literal to non-nullable reference type. [C:\Users\nickk\source\folio\Folio\Folio_j0ovjwbr_wpftmp.csproj]
C:\Users\nickk\source\folio\Folio\Utilities\SelectFolders.xaml.cs(31,48): warning CS8625: Cannot convert null literal to non-nullable reference type. [C:\Users\nickk\source\folio\Folio\Folio_j0ovjwbr_wpftmp.csproj]
C:\Users\nickk\source\folio\Folio\Utilities\SelectFolders.xaml.cs(20,31): warning CS8625: Cannot convert null literal to non-nullable reference type. [C:\Users\nickk\source\folio\Folio\Folio_j0ovjwbr_wpftmp.csproj]
C:\Users\nickk\source\folio\Folio\Utilities\SelectFolders.xaml.cs(14,16): warning CS8618: Non-nullable field 'sourceDirectory' must contain a non-null value when exiting constructor. Consider adding the 'required' modifier or declaring the field as nullable. [C:\Users\nickk\source\folio\Folio\Folio_j0ovjwbr_wpftmp.csproj]
C:\Users\nickk\source\folio\Folio\book\PhotoPageView.xaml.cs(164,44): warning CS8622: Nullability of reference types in type of parameter 'sender' of 'void PhotoPageView.Page_PropertyChanged(object sender, PropertyChangedEventArgs e)' doesn't match the target delegate 'PropertyChangedEventHandler' (possibly because of nullability attributes). [C:\Users\nickk\source\folio\Folio\Folio_j0ovjwbr_wpftmp.csproj]
C:\Users\nickk\source\folio\Folio\book\PhotoPageView.xaml.cs(178,50): warning CS8622: Nullability of reference types in type of parameter 'sender' of 'void PhotoPageView.Page_PropertyChanged(object sender, PropertyChangedEventArgs e)' doesn't match the target delegate 'PropertyChangedEventHandler' (possibly because of nullability attributes). [C:\Users\nickk\source\folio\Folio\Folio_j0ovjwbr_wpftmp.csproj]
C:\Users\nickk\source\folio\Folio\library\PhotoGrid.xaml.cs(461,64): warning CS8600: Converting null literal or possible null value to non-nullable type. [C:\Users\nickk\source\folio\Folio\Folio_j0ovjwbr_wpftmp.csproj]
C:\Users\nickk\source\folio\Folio\book\PhotoPageView.xaml.cs(198,79): warning CS8625: Cannot convert null literal to non-nullable reference type. [C:\Users\nickk\source\folio\Folio\Folio_j0ovjwbr_wpftmp.csproj]
C:\Users\nickk\source\folio\Folio\book\PhotoPageView.xaml.cs(200,24): warning CS8603: Possible null reference return. [C:\Users\nickk\source\folio\Folio\Folio_j0ovjwbr_wpftmp.csproj]
C:\Users\nickk\source\folio\Folio\book\PageDesigner.xaml.cs(202,41): warning CS8622: Nullability of reference types in type of parameter 'sender' of 'void PageDesigner.book_PropertyChanged(object sender, PropertyChangedEventArgs e)' doesn't match the target delegate 'PropertyChangedEventHandler' (possibly because of nullability attributes). [C:\Users\nickk\source\folio\Folio\Folio_j0ovjwbr_wpftmp.csproj]
C:\Users\nickk\source\folio\Folio\book\PageDesigner.xaml.cs(203,39): warning CS8622: Nullability of reference types in type of parameter 'sender' of 'void PageDesigner.book_ImagesChanged(object sender, EventArgs e)' doesn't match the target delegate 'EventHandler' (possibly because of nullability attributes). [C:\Users\nickk\source\folio\Folio\Folio_j0ovjwbr_wpftmp.csproj]
C:\Users\nickk\source\folio\Folio\book\PageDesigner.xaml.cs(217,37): warning CS8622: Nullability of reference types in type of parameter 'sender' of 'void PageDesigner.book_PropertyChanged(object sender, PropertyChangedEventArgs e)' doesn't match the target delegate 'PropertyChangedEventHandler' (possibly because of nullability attributes). [C:\Users\nickk\source\folio\Folio\Folio_j0ovjwbr_wpftmp.csproj]
C:\Users\nickk\source\folio\Folio\book\PageDesigner.xaml.cs(218,35): warning CS8622: Nullability of reference types in type of parameter 'sender' of 'void PageDesigner.book_ImagesChanged(object sender, EventArgs e)' doesn't match the target delegate 'EventHandler' (possibly because of nullability attributes). [C:\Users\nickk\source\folio\Folio\Folio_j0ovjwbr_wpftmp.csproj]
C:\Users\nickk\source\folio\Folio\library\PhotoGrid.xaml.cs(496,35): warning CS8600: Converting null literal or possible null value to non-nullable type. [C:\Users\nickk\source\folio\Folio\Folio_j0ovjwbr_wpftmp.csproj]
C:\Users\nickk\source\folio\Folio\library\PhotoGrid.xaml.cs(505,40): warning CS8600: Converting null literal or possible null value to non-nullable type. [C:\Users\nickk\source\folio\Folio\Folio_j0ovjwbr_wpftmp.csproj]
C:\Users\nickk\source\folio\Folio\library\PhotoGrid.xaml.cs(509,62): warning CS8604: Possible null reference argument for parameter 'parent' in 'PhotoTag.PhotoTag(string name, PhotoTag parent)'. [C:\Users\nickk\source\folio\Folio\Folio_j0ovjwbr_wpftmp.csproj]
C:\Users\nickk\source\folio\Folio\library\PhotoGrid.xaml.cs(516,20): warning CS8603: Possible null reference return. [C:\Users\nickk\source\folio\Folio\Folio_j0ovjwbr_wpftmp.csproj]
C:\Users\nickk\source\folio\Folio\core\ImageOrigin.cs(256,26): warning CS8603: Possible null reference return. [C:\Users\nickk\source\folio\Folio\Folio_j0ovjwbr_wpftmp.csproj]
C:\Users\nickk\source\folio\Folio\book\PhotoPageModel.cs(18,34): warning CS8625: Cannot convert null literal to non-nullable reference type. [C:\Users\nickk\source\folio\Folio\Folio_j0ovjwbr_wpftmp.csproj]
C:\Users\nickk\source\folio\Folio\book\PhotoPageModel.cs(23,16): warning CS8618: Non-nullable field 'images' must contain a non-null value when exiting constructor. Consider adding the 'required' modifier or declaring the field as nullable. [C:\Users\nickk\source\folio\Folio\Folio_j0ovjwbr_wpftmp.csproj]
C:\Users\nickk\source\folio\Folio\book\PhotoPageModel.cs(23,16): warning CS8618: Non-nullable field 'richText' must contain a non-null value when exiting constructor. Consider adding the 'required' modifier or declaring the field as nullable. [C:\Users\nickk\source\folio\Folio\Folio_j0ovjwbr_wpftmp.csproj]
C:\Users\nickk\source\folio\Folio\book\PhotoPageModel.cs(23,16): warning CS8618: Non-nullable field 'richText2' must contain a non-null value when exiting constructor. Consider adding the 'required' modifier or declaring the field as nullable. [C:\Users\nickk\source\folio\Folio\Folio_j0ovjwbr_wpftmp.csproj]
C:\Users\nickk\source\folio\Folio\shell\RootControl.xaml.cs(547,45): warning CS8601: Possible null reference assignment. [C:\Users\nickk\source\folio\Folio\Folio_j0ovjwbr_wpftmp.csproj]
C:\Users\nickk\source\folio\Folio\shell\RootControl.xaml.cs(579,37): warning CS8601: Possible null reference assignment. [C:\Users\nickk\source\folio\Folio\Folio_j0ovjwbr_wpftmp.csproj]
C:\Users\nickk\source\folio\Folio\core\ImageInfo.cs(68,17): warning CS8618: Non-nullable field 'originalSource' must contain a non-null value when exiting constructor. Consider adding the 'required' modifier or declaring the field as nullable. [C:\Users\nickk\source\folio\Folio\Folio_j0ovjwbr_wpftmp.csproj]
C:\Users\nickk\source\folio\Folio\core\ImageInfo.cs(68,17): warning CS8618: Non-nullable field 'scaledSource' must contain a non-null value when exiting constructor. Consider adding the 'required' modifier or declaring the field as nullable. [C:\Users\nickk\source\folio\Folio\Folio_j0ovjwbr_wpftmp.csproj]
C:\Users\nickk\source\folio\Folio\core\ImageInfo.cs(68,17): warning CS8618: Non-nullable field 'focalLength' must contain a non-null value when exiting constructor. Consider adding the 'required' modifier or declaring the field as nullable. [C:\Users\nickk\source\folio\Folio\Folio_j0ovjwbr_wpftmp.csproj]
C:\Users\nickk\source\folio\Folio\core\ImageInfo.cs(68,17): warning CS8618: Non-nullable field 'exposureTime' must contain a non-null value when exiting constructor. Consider adding the 'required' modifier or declaring the field as nullable. [C:\Users\nickk\source\folio\Folio\Folio_j0ovjwbr_wpftmp.csproj]
C:\Users\nickk\source\folio\Folio\core\ImageInfo.cs(68,17): warning CS8618: Non-nullable field 'fstop' must contain a non-null value when exiting constructor. Consider adding the 'required' modifier or declaring the field as nullable. [C:\Users\nickk\source\folio\Folio\Folio_j0ovjwbr_wpftmp.csproj]
C:\Users\nickk\source\folio\Folio\core\ImageInfo.cs(68,17): warning CS8618: Non-nullable field 'exposureBias' must contain a non-null value when exiting constructor. Consider adding the 'required' modifier or declaring the field as nullable. [C:\Users\nickk\source\folio\Folio\Folio_j0ovjwbr_wpftmp.csproj]
C:\Users\nickk\source\folio\Folio\core\ImageOrigin.cs(306,24): warning CS8603: Possible null reference return. [C:\Users\nickk\source\folio\Folio\Folio_j0ovjwbr_wpftmp.csproj]
C:\Users\nickk\source\folio\Folio\slideshow\SlideShow.xaml.cs(18,46): warning CS8625: Cannot convert null literal to non-nullable reference type. [C:\Users\nickk\source\folio\Folio\Folio_j0ovjwbr_wpftmp.csproj]
C:\Users\nickk\source\folio\Folio\slideshow\SlideShow.xaml.cs(36,91): warning CS8622: Nullability of reference types in type of parameter 'sender' of 'void SlideShow.root_PropertyChanged(object sender, PropertyChangedEventArgs e)' doesn't match the target delegate 'PropertyChangedEventHandler' (possibly because of nullability attributes). [C:\Users\nickk\source\folio\Folio\Folio_j0ovjwbr_wpftmp.csproj]
C:\Users\nickk\source\folio\Folio\slideshow\SlideShow.xaml.cs(51,53): warning CS8622: Nullability of reference types in type of parameter 'sender' of 'void SlideShow.shotclock_Completed(object sender, EventArgs e)' doesn't match the target delegate 'EventHandler' (possibly because of nullability attributes). [C:\Users\nickk\source\folio\Folio\Folio_j0ovjwbr_wpftmp.csproj]
C:\Users\nickk\source\folio\Folio\slideshow\SlideShow.xaml.cs(33,16): warning CS8618: Non-nullable field 'displayedImageInfo' must contain a non-null value when exiting constructor. Consider adding the 'required' modifier or declaring the field as nullable. [C:\Users\nickk\source\folio\Folio\Folio_j0ovjwbr_wpftmp.csproj]
C:\Users\nickk\source\folio\Folio\core\ImageOrigin.cs(312,24): warning CS8603: Possible null reference return. [C:\Users\nickk\source\folio\Folio\Folio_j0ovjwbr_wpftmp.csproj]
C:\Users\nickk\source\folio\Folio\book\AspectPreservingGrid.cs(797,24): warning CS8600: Converting null literal or possible null value to non-nullable type. [C:\Users\nickk\source\folio\Folio\Folio_j0ovjwbr_wpftmp.csproj]
C:\Users\nickk\source\folio\Folio\slideshow\SlideShow.xaml.cs(70,91): warning CS8622: Nullability of reference types in type of parameter 'sender' of 'void SlideShow.root_PropertyChanged(object sender, PropertyChangedEventArgs e)' doesn't match the target delegate 'PropertyChangedEventHandler' (possibly because of nullability attributes). [C:\Users\nickk\source\folio\Folio\Folio_j0ovjwbr_wpftmp.csproj]
C:\Users\nickk\source\folio\Folio\slideshow\SlideShow.xaml.cs(71,53): warning CS8622: Nullability of reference types in type of parameter 'sender' of 'void SlideShow.shotclock_Completed(object sender, EventArgs e)' doesn't match the target delegate 'EventHandler' (possibly because of nullability attributes). [C:\Users\nickk\source\folio\Folio\Folio_j0ovjwbr_wpftmp.csproj]
C:\Users\nickk\source\folio\Folio\slideshow\SlideShow.xaml.cs(75,34): warning CS8625: Cannot convert null literal to non-nullable reference type. [C:\Users\nickk\source\folio\Folio\Folio_j0ovjwbr_wpftmp.csproj]
C:\Users\nickk\source\folio\Folio\Utilities\SelectFolders.xaml.cs(89,47): warning CS8604: Possible null reference argument for parameter 'path1' in 'string Path.Combine(string path1, string path2)'. [C:\Users\nickk\source\folio\Folio\Folio_j0ovjwbr_wpftmp.csproj]
C:\Users\nickk\source\folio\Folio\Utilities\SelectFolders.xaml.cs(91,47): warning CS8604: Possible null reference argument for parameter 'path1' in 'string Path.Combine(string path1, string path2)'. [C:\Users\nickk\source\folio\Folio\Folio_j0ovjwbr_wpftmp.csproj]
C:\Users\nickk\source\folio\Folio\Utilities\SelectFolders.xaml.cs(133,48): warning CS8604: Possible null reference argument for parameter 'path1' in 'string Path.Combine(string path1, string path2)'. [C:\Users\nickk\source\folio\Folio\Folio_j0ovjwbr_wpftmp.csproj]
C:\Users\nickk\source\folio\Folio\Utilities\SelectFolders.xaml.cs(140,48): warning CS8604: Possible null reference argument for parameter 'path1' in 'string Path.Combine(string path1, string path2)'. [C:\Users\nickk\source\folio\Folio\Folio_j0ovjwbr_wpftmp.csproj]
C:\Users\nickk\source\folio\Folio\Utilities\SelectFolders.xaml.cs(143,35): warning CS8600: Converting null literal or possible null value to non-nullable type. [C:\Users\nickk\source\folio\Folio\Folio_j0ovjwbr_wpftmp.csproj]
C:\Users\nickk\source\folio\Folio\Utilities\SelectFolders.xaml.cs(146,20): warning CS8603: Possible null reference return. [C:\Users\nickk\source\folio\Folio\Folio_j0ovjwbr_wpftmp.csproj]
C:\Users\nickk\source\folio\Folio\book\PhotoPageView.xaml.cs(207,45): warning CS8600: Converting null literal or possible null value to non-nullable type. [C:\Users\nickk\source\folio\Folio\Folio_j0ovjwbr_wpftmp.csproj]
C:\Users\nickk\source\folio\Folio\book\PhotoPageModel.cs(98,85): warning CS8622: Nullability of reference types in type of parameter 'sender' of 'void PhotoPageModel.images_CollectionChanged(object sender, NotifyCollectionChangedEventArgs e)' doesn't match the target delegate 'NotifyCollectionChangedEventHandler' (possibly because of nullability attributes). [C:\Users\nickk\source\folio\Folio\Folio_j0ovjwbr_wpftmp.csproj]
C:\Users\nickk\source\folio\Folio\shell\RootControl.xaml.cs(796,32): warning CS8625: Cannot convert null literal to non-nullable reference type. [C:\Users\nickk\source\folio\Folio\Folio_j0ovjwbr_wpftmp.csproj]
C:\Users\nickk\source\folio\Folio\shell\RootControl.xaml.cs(808,23): warning CS8625: Cannot convert null literal to non-nullable reference type. [C:\Users\nickk\source\folio\Folio\Folio_j0ovjwbr_wpftmp.csproj]
C:\Users\nickk\source\folio\Folio\Utilities\SelectFolders.xaml.cs(161,52): warning CS8602: Dereference of a possibly null reference. [C:\Users\nickk\source\folio\Folio\Folio_j0ovjwbr_wpftmp.csproj]
C:\Users\nickk\source\folio\Folio\core\ImageInfoWPF.cs(25,17): warning CS8618: Non-nullable field 'scaledSource' must contain a non-null value when exiting constructor. Consider adding the 'required' modifier or declaring the field as nullable. [C:\Users\nickk\source\folio\Folio\Folio_j0ovjwbr_wpftmp.csproj]
C:\Users\nickk\source\folio\Folio\book\PhotoPageModel.cs(107,30): warning CS8602: Dereference of a possibly null reference. [C:\Users\nickk\source\folio\Folio\Folio_j0ovjwbr_wpftmp.csproj]
C:\Users\nickk\source\folio\Folio\book\PhotoPageModel.cs(109,34): warning CS8602: Dereference of a possibly null reference. [C:\Users\nickk\source\folio\Folio\Folio_j0ovjwbr_wpftmp.csproj]
C:\Users\nickk\source\folio\Folio\book\PhotoPageModel.cs(111,37): warning CS8602: Dereference of a possibly null reference. [C:\Users\nickk\source\folio\Folio\Folio_j0ovjwbr_wpftmp.csproj]
C:\Users\nickk\source\folio\Folio\book\PhotoPageModel.cs(113,37): warning CS8602: Dereference of a possibly null reference. [C:\Users\nickk\source\folio\Folio\Folio_j0ovjwbr_wpftmp.csproj]
C:\Users\nickk\source\folio\Folio\book\PhotoPageModel.cs(116,36): warning CS8602: Dereference of a possibly null reference. [C:\Users\nickk\source\folio\Folio\Folio_j0ovjwbr_wpftmp.csproj]
C:\Users\nickk\source\folio\Folio\book\PhotoPageModel.cs(117,21): warning CS8602: Dereference of a possibly null reference. [C:\Users\nickk\source\folio\Folio\Folio_j0ovjwbr_wpftmp.csproj]
C:\Users\nickk\source\folio\Folio\book\PhotoPageModel.cs(124,62): warning CS8620: Argument of type 'IEnumerable<ImageOrigin?>' cannot be used for parameter 'collection' of type 'IEnumerable<ImageOrigin>' in 'ObservableCollection<ImageOrigin>.ObservableCollection(IEnumerable<ImageOrigin> collection)' due to differences in the nullability of reference types. [C:\Users\nickk\source\folio\Folio\Folio_j0ovjwbr_wpftmp.csproj]
C:\Users\nickk\source\folio\Folio\book\PhotoPageModel.cs(126,26): warning CS8602: Dereference of a possibly null reference. [C:\Users\nickk\source\folio\Folio\Folio_j0ovjwbr_wpftmp.csproj]
C:\Users\nickk\source\folio\Folio\core\ImageInfoWPF.cs(70,45): warning CS8600: Converting null literal or possible null value to non-nullable type. [C:\Users\nickk\source\folio\Folio\Folio_j0ovjwbr_wpftmp.csproj]
C:\Users\nickk\source\folio\Folio\core\ImageInfoWPF.cs(80,58): warning CS8600: Converting null literal or possible null value to non-nullable type. [C:\Users\nickk\source\folio\Folio\Folio_j0ovjwbr_wpftmp.csproj]
C:\Users\nickk\source\folio\Folio\slideshow\SlideShow.xaml.cs(209,36): warning CS8604: Possible null reference argument for parameter 'oldImageInfo' in 'void SlideShow.AnimateSlideTransition(ImageInfo oldImageInfo, ImageInfo newImageInfo)'. [C:\Users\nickk\source\folio\Folio\Folio_j0ovjwbr_wpftmp.csproj]
C:\Users\nickk\source\folio\Folio\shell\RootControl.xaml.cs(856,54): warning CS8604: Possible null reference argument for parameter 'screen' in 'string RootControl.GetScreenName(FrameworkElement screen)'. [C:\Users\nickk\source\folio\Folio\Folio_j0ovjwbr_wpftmp.csproj]
C:\Users\nickk\source\folio\Folio\book\PhotoPageView.xaml.cs(276,36): warning CS8600: Converting null literal or possible null value to non-nullable type. [C:\Users\nickk\source\folio\Folio\Folio_j0ovjwbr_wpftmp.csproj]
C:\Users\nickk\source\folio\Folio\Utilities\SelectFolders.xaml.cs(248,45): warning CS8625: Cannot convert null literal to non-nullable reference type. [C:\Users\nickk\source\folio\Folio\Folio_j0ovjwbr_wpftmp.csproj]
C:\Users\nickk\source\folio\Folio\book\PhotoPageView.xaml.cs(320,29): warning CS8618: Non-nullable field 'lines' must contain a non-null value when exiting constructor. Consider adding the 'required' modifier or declaring the field as nullable. [C:\Users\nickk\source\folio\Folio\Folio_j0ovjwbr_wpftmp.csproj]
C:\Users\nickk\source\folio\Folio\book\PhotoPageView.xaml.cs(321,27): warning CS8618: Non-nullable field 'debugTag' must contain a non-null value when exiting constructor. Consider adding the 'required' modifier or declaring the field as nullable. [C:\Users\nickk\source\folio\Folio\Folio_j0ovjwbr_wpftmp.csproj]
C:\Users\nickk\source\folio\Folio\Utilities\SelectFolders.xaml.cs(259,39): warning CS8625: Cannot convert null literal to non-nullable reference type. [C:\Users\nickk\source\folio\Folio\Folio_j0ovjwbr_wpftmp.csproj]
C:\Users\nickk\source\folio\Folio\library\PhotoGrid.xaml.cs(853,49): warning CS8625: Cannot convert null literal to non-nullable reference type. [C:\Users\nickk\source\folio\Folio\Folio_j0ovjwbr_wpftmp.csproj]
C:\Users\nickk\source\folio\Folio\core\ImageInfoWPF.cs(60,27): warning CS8618: Non-nullable field 'location' must contain a non-null value when exiting constructor. Consider adding the 'required' modifier or declaring the field as nullable. [C:\Users\nickk\source\folio\Folio\Folio_j0ovjwbr_wpftmp.csproj]
C:\Users\nickk\source\folio\Folio\core\ImageInfoWPF.cs(61,27): warning CS8618: Non-nullable field 'value' must contain a non-null value when exiting constructor. Consider adding the 'required' modifier or declaring the field as nullable. [C:\Users\nickk\source\folio\Folio\Folio_j0ovjwbr_wpftmp.csproj]
C:\Users\nickk\source\folio\Folio\Utilities\SelectFolders.xaml.cs(277,21): warning CS8602: Dereference of a possibly null reference. [C:\Users\nickk\source\folio\Folio\Folio_j0ovjwbr_wpftmp.csproj]
C:\Users\nickk\source\folio\Folio\library\PhotoGrid.xaml.cs(600,47): warning CS8600: Converting null literal or possible null value to non-nullable type. [C:\Users\nickk\source\folio\Folio\Folio_j0ovjwbr_wpftmp.csproj]
C:\Users\nickk\source\folio\Folio\library\PhotoGrid.xaml.cs(601,27): warning CS8604: Possible null reference argument for parameter 'newFocus' in 'void PhotoGrid.MoveFocus(SelectableImageDisplay newFocus)'. [C:\Users\nickk\source\folio\Folio\Folio_j0ovjwbr_wpftmp.csproj]
C:\Users\nickk\source\folio\Folio\core\ImageLoader.cs(44,39): warning CS8602: Dereference of a possibly null reference. [C:\Users\nickk\source\folio\Folio\Folio_j0ovjwbr_wpftmp.csproj]
C:\Users\nickk\source\folio\Folio\Utilities\SelectFolders.xaml.cs(289,40): warning CS8602: Dereference of a possibly null reference. [C:\Users\nickk\source\folio\Folio\Folio_j0ovjwbr_wpftmp.csproj]
C:\Users\nickk\source\folio\Folio\Utilities\SelectFolders.xaml.cs(292,41): warning CS8625: Cannot convert null literal to non-nullable reference type. [C:\Users\nickk\source\folio\Folio\Folio_j0ovjwbr_wpftmp.csproj]
C:\Users\nickk\source\folio\Folio\book\PageDesigner.xaml.cs(472,35): warning CS8604: Possible null reference argument for parameter 'item' in 'bool Collection<PhotoPageModel>.Remove(PhotoPageModel item)'. [C:\Users\nickk\source\folio\Folio\Folio_j0ovjwbr_wpftmp.csproj]
C:\Users\nickk\source\folio\Folio\core\ImageInfoWPF.cs(183,34): warning CS8600: Converting null literal or possible null value to non-nullable type. [C:\Users\nickk\source\folio\Folio\Folio_j0ovjwbr_wpftmp.csproj]
C:\Users\nickk\source\folio\Folio\core\ImageInfoWPF.cs(218,47): warning CS8625: Cannot convert null literal to non-nullable reference type. [C:\Users\nickk\source\folio\Folio\Folio_j0ovjwbr_wpftmp.csproj]
C:\Users\nickk\source\folio\Folio\core\ImageInfoWPF.cs(240,24): warning CS8603: Possible null reference return. [C:\Users\nickk\source\folio\Folio\Folio_j0ovjwbr_wpftmp.csproj]
C:\Users\nickk\source\folio\Folio\library\PhotoGrid.xaml.cs(823,37): warning CS8625: Cannot convert null literal to non-nullable reference type. [C:\Users\nickk\source\folio\Folio\Folio_j0ovjwbr_wpftmp.csproj]
C:\Users\nickk\source\folio\Folio\library\PhotoGrid.xaml.cs(825,33): warning CS8625: Cannot convert null literal to non-nullable reference type. [C:\Users\nickk\source\folio\Folio\Folio_j0ovjwbr_wpftmp.csproj]
C:\Users\nickk\source\folio\Folio\shell\RootControl.xaml.cs(965,45): warning CS8600: Converting null literal or possible null value to non-nullable type. [C:\Users\nickk\source\folio\Folio\Folio_j0ovjwbr_wpftmp.csproj]
C:\Users\nickk\source\folio\Folio\shell\RootControl.xaml.cs(965,45): warning CS8604: Possible null reference argument for parameter 'item' in 'bool List<Window>.Remove(Window item)'. [C:\Users\nickk\source\folio\Folio\Folio_j0ovjwbr_wpftmp.csproj]
C:\Users\nickk\source\folio\Folio\core\ImageLoader.cs(118,37): warning CS8625: Cannot convert null literal to non-nullable reference type. [C:\Users\nickk\source\folio\Folio\Folio_j0ovjwbr_wpftmp.csproj]
C:\Users\nickk\source\folio\Folio\core\ImageLoader.cs(113,20): warning CS8618: Non-nullable field 'workitem' must contain a non-null value when exiting constructor. Consider adding the 'required' modifier or declaring the field as nullable. [C:\Users\nickk\source\folio\Folio\Folio_j0ovjwbr_wpftmp.csproj]
C:\Users\nickk\source\folio\Folio\core\ImageLoader.cs(205,35): warning CS8602: Dereference of a possibly null reference. [C:\Users\nickk\source\folio\Folio\Folio_j0ovjwbr_wpftmp.csproj]
C:\Users\nickk\source\folio\Folio\core\ImageLoader.cs(164,45): warning CS8625: Cannot convert null literal to non-nullable reference type. [C:\Users\nickk\source\folio\Folio\Folio_j0ovjwbr_wpftmp.csproj]
C:\Users\nickk\source\folio\Folio\core\ImageLoader.cs(179,44): warning CS8625: Cannot convert null literal to non-nullable reference type. [C:\Users\nickk\source\folio\Folio\Folio_j0ovjwbr_wpftmp.csproj]
C:\Users\nickk\source\folio\Folio\core\ImageLoader.cs(212,16): warning CS8618: Non-nullable field 'cacheLookup' must contain a non-null value when exiting constructor. Consider adding the 'required' modifier or declaring the field as nullable. [C:\Users\nickk\source\folio\Folio\Folio_j0ovjwbr_wpftmp.csproj]
C:\Users\nickk\source\folio\Folio\core\ImageLoader.cs(231,33): warning CS8601: Possible null reference assignment. [C:\Users\nickk\source\folio\Folio\Folio_j0ovjwbr_wpftmp.csproj]
C:\Users\nickk\source\folio\Folio\shell\RootControl.xaml.cs(42,35): warning CS8618: Non-nullable field 'Instance' must contain a non-null value when exiting constructor. Consider adding the 'required' modifier or declaring the field as nullable. [C:\Users\nickk\source\folio\Folio\Folio_j0ovjwbr_wpftmp.csproj]
C:\Users\nickk\source\folio\Folio\Utilities\SelectFolder2.xaml.cs(16,31): warning CS8625: Cannot convert null literal to non-nullable reference type. [C:\Users\nickk\source\folio\Folio\Folio_j0ovjwbr_wpftmp.csproj]
C:\Users\nickk\source\folio\Folio\Utilities\SelectFolder2.xaml.cs(11,16): warning CS8618: Non-nullable field 'sourceDirectory' must contain a non-null value when exiting constructor. Consider adding the 'required' modifier or declaring the field as nullable. [C:\Users\nickk\source\folio\Folio\Folio_j0ovjwbr_wpftmp.csproj]
C:\Users\nickk\source\folio\Folio\core\ImageLoader.cs(242,33): warning CS8601: Possible null reference assignment. [C:\Users\nickk\source\folio\Folio\Folio_j0ovjwbr_wpftmp.csproj]
C:\Users\nickk\source\folio\Folio\core\ImageInfoWPF.cs(340,40): warning CS8600: Converting null literal or possible null value to non-nullable type. [C:\Users\nickk\source\folio\Folio\Folio_j0ovjwbr_wpftmp.csproj]
C:\Users\nickk\source\folio\Folio\core\ImageInfoWPF.cs(350,32): warning CS8603: Possible null reference return. [C:\Users\nickk\source\folio\Folio\Folio_j0ovjwbr_wpftmp.csproj]
C:\Users\nickk\source\folio\Folio\core\ImageInfoWPF.cs(371,32): warning CS8603: Possible null reference return. [C:\Users\nickk\source\folio\Folio\Folio_j0ovjwbr_wpftmp.csproj]
C:\Users\nickk\source\folio\Folio\core\ImageInfoWPF.cs(386,28): warning CS8603: Possible null reference return. [C:\Users\nickk\source\folio\Folio\Folio_j0ovjwbr_wpftmp.csproj]
C:\Users\nickk\source\folio\Folio\core\ImageInfoWPF.cs(389,28): warning CS8603: Possible null reference return. [C:\Users\nickk\source\folio\Folio\Folio_j0ovjwbr_wpftmp.csproj]
C:\Users\nickk\source\folio\Folio\Utilities\ChangeableObject.cs(6,50): warning CS8618: Non-nullable event 'PropertyChanged' must contain a non-null value when exiting constructor. Consider adding the 'required' modifier or declaring the event as nullable. [C:\Users\nickk\source\folio\Folio\Folio_j0ovjwbr_wpftmp.csproj]
C:\Users\nickk\source\folio\Folio\Utilities\Command.cs(20,42): warning CS8625: Cannot convert null literal to non-nullable reference type. [C:\Users\nickk\source\folio\Folio\Folio_j0ovjwbr_wpftmp.csproj]
C:\Users\nickk\source\folio\Folio\Utilities\Command.cs(51,32): warning CS8625: Cannot convert null literal to non-nullable reference type. [C:\Users\nickk\source\folio\Folio\Folio_j0ovjwbr_wpftmp.csproj]
C:\Users\nickk\source\folio\Folio\Utilities\Command.cs(12,37): warning CS8618: Non-nullable event 'Execute' must contain a non-null value when exiting constructor. Consider adding the 'required' modifier or declaring the event as nullable. [C:\Users\nickk\source\folio\Folio\Folio_j0ovjwbr_wpftmp.csproj]
C:\Users\nickk\source\folio\Folio\Utilities\Command.cs(46,23): warning CS8618: Non-nullable field 'DisplayKey' must contain a non-null value when exiting constructor. Consider adding the 'required' modifier or declaring the field as nullable. [C:\Users\nickk\source\folio\Folio\Folio_j0ovjwbr_wpftmp.csproj]
C:\Users\nickk\source\folio\Folio\Utilities\Command.cs(67,40): warning CS8625: Cannot convert null literal to non-nullable reference type. [C:\Users\nickk\source\folio\Folio\Folio_j0ovjwbr_wpftmp.csproj]
C:\Users\nickk\source\folio\Folio\Utilities\Command.cs(72,16): warning CS8618: Non-nullable field 'contextmenu' must contain a non-null value when exiting constructor. Consider adding the 'required' modifier or declaring the field as nullable. [C:\Users\nickk\source\folio\Folio\Folio_j0ovjwbr_wpftmp.csproj]
C:\Users\nickk\source\folio\Folio\book\PageDesigner.xaml.cs(689,32): warning CS8625: Cannot convert null literal to non-nullable reference type. [C:\Users\nickk\source\folio\Folio\Folio_j0ovjwbr_wpftmp.csproj]
C:\Users\nickk\source\folio\Folio\core\ImageInfoWPF.cs(432,59): warning CS8625: Cannot convert null literal to non-nullable reference type. [C:\Users\nickk\source\folio\Folio\Folio_j0ovjwbr_wpftmp.csproj]
C:\Users\nickk\source\folio\Folio\core\ImageInfoWPF.cs(437,39): warning CS8625: Cannot convert null literal to non-nullable reference type. [C:\Users\nickk\source\folio\Folio\Folio_j0ovjwbr_wpftmp.csproj]
C:\Users\nickk\source\folio\Folio\core\ImageInfoWPF.cs(438,42): warning CS8604: Possible null reference argument for parameter 'metadata' in 'void ImageInfo.InitRotationAndFlip(BitmapMetadata metadata)'. [C:\Users\nickk\source\folio\Folio\Folio_j0ovjwbr_wpftmp.csproj]
C:\Users\nickk\source\folio\Folio\book\PageDesigner.xaml.cs(704,41): warning CS8600: Converting null literal or possible null value to non-nullable type. [C:\Users\nickk\source\folio\Folio\Folio_j0ovjwbr_wpftmp.csproj]
C:\Users\nickk\source\folio\Folio\book\PageDesigner.xaml.cs(710,39): warning CS8604: Possible null reference argument for parameter 'item' in 'bool Collection<PhotoPageModel>.Remove(PhotoPageModel item)'. [C:\Users\nickk\source\folio\Folio\Folio_j0ovjwbr_wpftmp.csproj]
C:\Users\nickk\source\folio\Folio\core\ImageInfoWPF.cs(521,28): warning CS8603: Possible null reference return. [C:\Users\nickk\source\folio\Folio\Folio_j0ovjwbr_wpftmp.csproj]
C:\Users\nickk\source\folio\Folio\core\ImageInfoWPF.cs(525,28): warning CS8603: Possible null reference return. [C:\Users\nickk\source\folio\Folio\Folio_j0ovjwbr_wpftmp.csproj]
C:\Users\nickk\source\folio\Folio\core\ImageInfoWPF.cs(537,43): warning CS8600: Converting null literal or possible null value to non-nullable type. [C:\Users\nickk\source\folio\Folio\Folio_j0ovjwbr_wpftmp.csproj]
C:\Users\nickk\source\folio\Folio\core\ImageInfoWPF.cs(540,55): warning CS8604: Possible null reference argument for parameter 'metadata' in 'ImageInfo.ImageInfo(BitmapSource bitmapSource, BitmapMetadata metadata, ImageOrigin origin)'. [C:\Users\nickk\source\folio\Folio\Folio_j0ovjwbr_wpftmp.csproj]
C:\Users\nickk\source\folio\Folio\Utilities\SelectFolder2.xaml.cs(233,45): warning CS8625: Cannot convert null literal to non-nullable reference type. [C:\Users\nickk\source\folio\Folio\Folio_j0ovjwbr_wpftmp.csproj]
C:\Users\nickk\source\folio\Folio\Utilities\SelectFolder2.xaml.cs(244,39): warning CS8625: Cannot convert null literal to non-nullable reference type. [C:\Users\nickk\source\folio\Folio\Folio_j0ovjwbr_wpftmp.csproj]
C:\Users\nickk\source\folio\Folio\Utilities\SelectFolder2.xaml.cs(262,21): warning CS8602: Dereference of a possibly null reference. [C:\Users\nickk\source\folio\Folio\Folio_j0ovjwbr_wpftmp.csproj]
C:\Users\nickk\source\folio\Folio\Utilities\SelectFolder2.xaml.cs(274,40): warning CS8602: Dereference of a possibly null reference. [C:\Users\nickk\source\folio\Folio\Folio_j0ovjwbr_wpftmp.csproj]
C:\Users\nickk\source\folio\Folio\Utilities\Command.cs(199,30): warning CS8600: Converting null literal or possible null value to non-nullable type. [C:\Users\nickk\source\folio\Folio\Folio_j0ovjwbr_wpftmp.csproj]
C:\Users\nickk\source\folio\Folio\Utilities\Command.cs(213,20): warning CS8603: Possible null reference return. [C:\Users\nickk\source\folio\Folio\Folio_j0ovjwbr_wpftmp.csproj]
C:\Users\nickk\source\folio\Folio\core\ImageLoader.cs(317,39): warning CS8600: Converting null literal or possible null value to non-nullable type. [C:\Users\nickk\source\folio\Folio\Folio_j0ovjwbr_wpftmp.csproj]
C:\Users\nickk\source\folio\Folio\core\ImageLoader.cs(318,39): warning CS8600: Converting null literal or possible null value to non-nullable type. [C:\Users\nickk\source\folio\Folio\Folio_j0ovjwbr_wpftmp.csproj]
C:\Users\nickk\source\folio\Folio\core\ImageLoader.cs(353,17): warning CS8602: Dereference of a possibly null reference. [C:\Users\nickk\source\folio\Folio\Folio_j0ovjwbr_wpftmp.csproj]
C:\Users\nickk\source\folio\Folio\core\ImageLoader.cs(359,38): warning CS8600: Converting null literal or possible null value to non-nullable type. [C:\Users\nickk\source\folio\Folio\Folio_j0ovjwbr_wpftmp.csproj]
C:\Users\nickk\source\folio\Folio\core\ImageLoader.cs(560,31): warning CS8618: Non-nullable field 'entry' must contain a non-null value when exiting constructor. Consider adding the 'required' modifier or declaring the field as nullable. [C:\Users\nickk\source\folio\Folio\Folio_j0ovjwbr_wpftmp.csproj]
C:\Users\nickk\source\folio\Folio\core\ImageLoader.cs(561,30): warning CS8618: Non-nullable field 'info' must contain a non-null value when exiting constructor. Consider adding the 'required' modifier or declaring the field as nullable. [C:\Users\nickk\source\folio\Folio\Folio_j0ovjwbr_wpftmp.csproj]
C:\Users\nickk\source\folio\Folio\book\PhotoZoomView.xaml.cs(67,36): warning CS0169: The field 'PhotoZoomView.nextTranslate' is never used [C:\Users\nickk\source\folio\Folio\Folio_j0ovjwbr_wpftmp.csproj]
C:\Users\nickk\source\folio\Folio\core\ImageInfoWPF.cs(397,25): warning CA1416: This call site is reachable on all platforms. 'Marshal.ReleaseComObject(object)' is only supported on: 'windows'. (https://learn.microsoft.com/dotnet/fundamentals/code-analysis/quality-rules/ca1416) [C:\Users\nickk\source\folio\Folio\Folio_j0ovjwbr_wpftmp.csproj]
C:\Users\nickk\source\folio\Folio\core\ImageLoader.cs(41,30): warning CS8765: Nullability of type of parameter 'obj' doesn't match overridden member (possibly because of nullability attributes). [C:\Users\nickk\source\folio\Folio\Folio.csproj]
C:\Users\nickk\source\folio\Folio\core\ImageDisplay.xaml.cs(198,50): warning CS8612: Nullability of reference types in type of 'event PropertyChangedEventHandler ImageDisplay.PropertyChanged' doesn't match implicitly implemented member 'event PropertyChangedEventHandler? INotifyPropertyChanged.PropertyChanged'. [C:\Users\nickk\source\folio\Folio\Folio.csproj]
C:\Users\nickk\source\folio\Folio\core\ImageOrigin.cs(63,33): warning CS8765: Nullability of type of parameter 'x' doesn't match overridden member (possibly because of nullability attributes). [C:\Users\nickk\source\folio\Folio\Folio.csproj]
C:\Users\nickk\source\folio\Folio\core\ImageOrigin.cs(63,33): warning CS8765: Nullability of type of parameter 'y' doesn't match overridden member (possibly because of nullability attributes). [C:\Users\nickk\source\folio\Folio\Folio.csproj]
C:\Users\nickk\source\folio\Folio\core\ImageOrigin.cs(72,33): warning CS8765: Nullability of type of parameter 'left' doesn't match overridden member (possibly because of nullability attributes). [C:\Users\nickk\source\folio\Folio\Folio.csproj]
C:\Users\nickk\source\folio\Folio\core\ImageOrigin.cs(72,33): warning CS8765: Nullability of type of parameter 'right' doesn't match overridden member (possibly because of nullability attributes). [C:\Users\nickk\source\folio\Folio\Folio.csproj]
C:\Users\nickk\source\folio\Folio\core\Ratio.cs(106,30): warning CS8765: Nullability of type of parameter 'obj' doesn't match overridden member (possibly because of nullability attributes). [C:\Users\nickk\source\folio\Folio\Folio.csproj]
C:\Users\nickk\source\folio\Folio\Utilities\ChangeableObject.cs(6,50): warning CS8612: Nullability of reference types in type of 'event PropertyChangedEventHandler ChangeableObject.PropertyChanged' doesn't match implicitly implemented member 'event PropertyChangedEventHandler? INotifyPropertyChanged.PropertyChanged'. [C:\Users\nickk\source\folio\Folio\Folio.csproj]
C:\Users\nickk\source\folio\Folio\core\Ratio.cs(134,30): warning CS8765: Nullability of type of parameter 'context' doesn't match overridden member (possibly because of nullability attributes). [C:\Users\nickk\source\folio\Folio\Folio.csproj]
C:\Users\nickk\source\folio\Folio\core\Ratio.cs(138,32): warning CS8765: Nullability of type of parameter 'context' doesn't match overridden member (possibly because of nullability attributes). [C:\Users\nickk\source\folio\Folio\Folio.csproj]
C:\Users\nickk\source\folio\Folio\core\Ratio.cs(138,32): warning CS8765: Nullability of type of parameter 'culture' doesn't match overridden member (possibly because of nullability attributes). [C:\Users\nickk\source\folio\Folio\Folio.csproj]
C:\Users\nickk\source\folio\Folio\core\Ratio.cs(145,30): warning CS8765: Nullability of type of parameter 'context' doesn't match overridden member (possibly because of nullability attributes). [C:\Users\nickk\source\folio\Folio\Folio.csproj]
C:\Users\nickk\source\folio\Folio\core\Ratio.cs(145,30): warning CS8765: Nullability of type of parameter 'destinationType' doesn't match overridden member (possibly because of nullability attributes). [C:\Users\nickk\source\folio\Folio\Folio.csproj]
C:\Users\nickk\source\folio\Folio\core\Ratio.cs(149,32): warning CS8765: Nullability of type of parameter 'context' doesn't match overridden member (possibly because of nullability attributes). [C:\Users\nickk\source\folio\Folio\Folio.csproj]
C:\Users\nickk\source\folio\Folio\core\Ratio.cs(149,32): warning CS8765: Nullability of type of parameter 'culture' doesn't match overridden member (possibly because of nullability attributes). [C:\Users\nickk\source\folio\Folio\Folio.csproj]
C:\Users\nickk\source\folio\Folio\core\Ratio.cs(149,32): warning CS8765: Nullability of type of parameter 'value' doesn't match overridden member (possibly because of nullability attributes). [C:\Users\nickk\source\folio\Folio\Folio.csproj]
C:\Users\nickk\source\folio\Folio\library\SelectableImageDisplay.xaml.cs(16,50): warning CS8612: Nullability of reference types in type of 'event PropertyChangedEventHandler SelectableImageDisplay.PropertyChanged' doesn't match implicitly implemented member 'event PropertyChangedEventHandler? INotifyPropertyChanged.PropertyChanged'. [C:\Users\nickk\source\folio\Folio\Folio.csproj]
C:\Users\nickk\source\folio\Folio\Utilities\Command.cs(22,23): warning CS8769: Nullability of reference types in type of parameter 'parameter' doesn't match implemented member 'void ICommand.Execute(object? parameter)' (possibly because of nullability attributes). [C:\Users\nickk\source\folio\Folio\Folio.csproj]
C:\Users\nickk\source\folio\Folio\Utilities\Command.cs(31,23): warning CS8769: Nullability of reference types in type of parameter 'parameter' doesn't match implemented member 'bool ICommand.CanExecute(object? parameter)' (possibly because of nullability attributes). [C:\Users\nickk\source\folio\Folio\Folio.csproj]
C:\Users\nickk\source\folio\Folio\book\PageDesigner.xaml.cs(39,50): warning CS8612: Nullability of reference types in type of 'event PropertyChangedEventHandler PageDesigner.PropertyChanged' doesn't match implicitly implemented member 'event PropertyChangedEventHandler? INotifyPropertyChanged.PropertyChanged'. [C:\Users\nickk\source\folio\Folio\Folio.csproj]
C:\Users\nickk\source\folio\Folio\shell\RootControl.xaml.cs(72,50): warning CS8612: Nullability of reference types in type of 'event PropertyChangedEventHandler RootControl.PropertyChanged' doesn't match implicitly implemented member 'event PropertyChangedEventHandler? INotifyPropertyChanged.PropertyChanged'. [C:\Users\nickk\source\folio\Folio\Folio.csproj]
C:\Users\nickk\source\folio\Folio\Utilities\Command.cs(40,37): warning CS8615: Nullability of reference types in type doesn't match implemented member 'event EventHandler? ICommand.CanExecuteChanged'. [C:\Users\nickk\source\folio\Folio\Folio.csproj]
C:\Users\nickk\source\folio\Folio\book\PhotoZoomView.xaml.cs(220,138): warning CS8625: Cannot convert null literal to non-nullable reference type. [C:\Users\nickk\source\folio\Folio\Folio.csproj]
C:\Users\nickk\source\folio\Folio\core\FileListSource.cs(6,30): warning CS8618: Non-nullable field 'imageOrigins' must contain a non-null value when exiting constructor. Consider adding the 'required' modifier or declaring the field as nullable. [C:\Users\nickk\source\folio\Folio\Folio.csproj]
C:\Users\nickk\source\folio\Folio\core\FileListSource.cs(7,28): warning CS8618: Non-nullable field 'initialFocus' must contain a non-null value when exiting constructor. Consider adding the 'required' modifier or declaring the field as nullable. [C:\Users\nickk\source\folio\Folio\Folio.csproj]
C:\Users\nickk\source\folio\Folio\library\SimpleGrid.cs(10,16): warning CS8618: Non-nullable field 'photogrid' must contain a non-null value when exiting constructor. Consider adding the 'required' modifier or declaring the field as nullable. [C:\Users\nickk\source\folio\Folio\Folio.csproj]
C:\Users\nickk\source\folio\Folio\core\FileListSource.cs(14,23): warning CS8618: Non-nullable field 'sourceDirectory' must contain a non-null value when exiting constructor. Consider adding the 'required' modifier or declaring the field as nullable. [C:\Users\nickk\source\folio\Folio\Folio.csproj]
C:\Users\nickk\source\folio\Folio\core\FileListSource.cs(15,23): warning CS8618: Non-nullable field 'targetDirectory' must contain a non-null value when exiting constructor. Consider adding the 'required' modifier or declaring the field as nullable. [C:\Users\nickk\source\folio\Folio\Folio.csproj]
C:\Users\nickk\source\folio\Folio\core\FileListSource.cs(17,23): warning CS8618: Non-nullable field 'rootWindow' must contain a non-null value when exiting constructor. Consider adding the 'required' modifier or declaring the field as nullable. [C:\Users\nickk\source\folio\Folio\Folio.csproj]
C:\Users\nickk\source\folio\Folio\book\TwoPages.cs(9,16): warning CS8618: Non-nullable field 'left' must contain a non-null value when exiting constructor. Consider adding the 'required' modifier or declaring the field as nullable. [C:\Users\nickk\source\folio\Folio\Folio.csproj]
C:\Users\nickk\source\folio\Folio\core\Ratio.cs(142,20): warning CS8603: Possible null reference return. [C:\Users\nickk\source\folio\Folio\Folio.csproj]
C:\Users\nickk\source\folio\Folio\importer\ImportPhotosDialog.xaml.cs(16,16): warning CS8618: Non-nullable property 'SeriesName' must contain a non-null value when exiting constructor. Consider adding the 'required' modifier or declaring the property as nullable. [C:\Users\nickk\source\folio\Folio\Folio.csproj]
C:\Users\nickk\source\folio\Folio\book\AspectPreservingGrid.cs(34,53): warning CS8625: Cannot convert null literal to non-nullable reference type. [C:\Users\nickk\source\folio\Folio\Folio.csproj]
C:\Users\nickk\source\folio\Folio\book\AspectPreservingGrid.cs(50,16): warning CS8618: Non-nullable field 'rowDefs' must contain a non-null value when exiting constructor. Consider adding the 'required' modifier or declaring the field as nullable. [C:\Users\nickk\source\folio\Folio\Folio.csproj]
C:\Users\nickk\source\folio\Folio\book\AspectPreservingGrid.cs(50,16): warning CS8618: Non-nullable field 'colDefs' must contain a non-null value when exiting constructor. Consider adding the 'required' modifier or declaring the field as nullable. [C:\Users\nickk\source\folio\Folio\Folio.csproj]
C:\Users\nickk\source\folio\Folio\core\Ratio.cs(154,20): warning CS8603: Possible null reference return. [C:\Users\nickk\source\folio\Folio\Folio.csproj]
C:\Users\nickk\source\folio\Folio\core\DesktopFileListSource.cs(21,60): warning CS8625: Cannot convert null literal to non-nullable reference type. [C:\Users\nickk\source\folio\Folio\Folio.csproj]
C:\Users\nickk\source\folio\Folio\importer\ImportPhotosDialog.xaml.cs(35,26): warning CS8601: Possible null reference assignment. [C:\Users\nickk\source\folio\Folio\Folio.csproj]
C:\Users\nickk\source\folio\Folio\App.xaml.cs(58,55): warning CS8625: Cannot convert null literal to non-nullable reference type. [C:\Users\nickk\source\folio\Folio\Folio.csproj]
C:\Users\nickk\source\folio\Folio\App.xaml.cs(59,55): warning CS8625: Cannot convert null literal to non-nullable reference type. [C:\Users\nickk\source\folio\Folio\Folio.csproj]
C:\Users\nickk\source\folio\Folio\book\BookModel.cs(18,43): warning CS8625: Cannot convert null literal to non-nullable reference type. [C:\Users\nickk\source\folio\Folio\Folio.csproj]
C:\Users\nickk\source\folio\Folio\book\BookModel.cs(24,32): warning CS8625: Cannot convert null literal to non-nullable reference type. [C:\Users\nickk\source\folio\Folio\Folio.csproj]
C:\Users\nickk\source\folio\Folio\book\BookModel.cs(21,40): warning CS8622: Nullability of reference types in type of parameter 'sender' of 'lambda expression' doesn't match the target delegate 'NotifyCollectionChangedEventHandler' (possibly because of nullability attributes). [C:\Users\nickk\source\folio\Folio\Folio.csproj]
C:\Users\nickk\source\folio\Folio\book\BookModel.cs(20,16): warning CS8618: Non-nullable field 'selectedPage' must contain a non-null value when exiting constructor. Consider adding the 'required' modifier or declaring the field as nullable. [C:\Users\nickk\source\folio\Folio\Folio.csproj]
C:\Users\nickk\source\folio\Folio\book\BookModel.cs(20,16): warning CS8618: Non-nullable event 'ImagesChanged' must contain a non-null value when exiting constructor. Consider adding the 'required' modifier or declaring the event as nullable. [C:\Users\nickk\source\folio\Folio\Folio.csproj]
C:\Users\nickk\source\folio\Folio\book\TemplateChooserDialog.xaml.cs(10,16): warning CS8618: Non-nullable property 'SelectedTemplateName' must contain a non-null value when exiting constructor. Consider adding the 'required' modifier or declaring the property as nullable. [C:\Users\nickk\source\folio\Folio\Folio.csproj]
C:\Users\nickk\source\folio\Folio\book\TemplateChooserDialog.xaml.cs(40,36): warning CS8625: Cannot convert null literal to non-nullable reference type. [C:\Users\nickk\source\folio\Folio\Folio.csproj]
C:\Users\nickk\source\folio\Folio\library\PhotoGrid.xaml.cs(37,52): warning CS8625: Cannot convert null literal to non-nullable reference type. [C:\Users\nickk\source\folio\Folio\Folio.csproj]
C:\Users\nickk\source\folio\Folio\library\PhotoGrid.xaml.cs(38,52): warning CS8625: Cannot convert null literal to non-nullable reference type. [C:\Users\nickk\source\folio\Folio\Folio.csproj]
C:\Users\nickk\source\folio\Folio\library\PhotoGrid.xaml.cs(44,62): warning CS8625: Cannot convert null literal to non-nullable reference type. [C:\Users\nickk\source\folio\Folio\Folio.csproj]
C:\Users\nickk\source\folio\Folio\library\PhotoGrid.xaml.cs(57,49): warning CS8625: Cannot convert null literal to non-nullable reference type. [C:\Users\nickk\source\folio\Folio\Folio.csproj]
C:\Users\nickk\source\folio\Folio\library\PhotoGrid.xaml.cs(58,51): warning CS8625: Cannot convert null literal to non-nullable reference type. [C:\Users\nickk\source\folio\Folio\Folio.csproj]
C:\Users\nickk\source\folio\Folio\library\PhotoGrid.xaml.cs(61,43): warning CS8625: Cannot convert null literal to non-nullable reference type. [C:\Users\nickk\source\folio\Folio\Folio.csproj]
C:\Users\nickk\source\folio\Folio\library\PhotoGrid.xaml.cs(62,43): warning CS8625: Cannot convert null literal to non-nullable reference type. [C:\Users\nickk\source\folio\Folio\Folio.csproj]
C:\Users\nickk\source\folio\Folio\library\PhotoGrid.xaml.cs(66,91): warning CS8622: Nullability of reference types in type of parameter 'sender' of 'void PhotoGrid.root_PropertyChanged(object sender, PropertyChangedEventArgs e)' doesn't match the target delegate 'PropertyChangedEventHandler' (possibly because of nullability attributes). [C:\Users\nickk\source\folio\Folio\Folio.csproj]
C:\Users\nickk\source\folio\Folio\library\PhotoGrid.xaml.cs(93,53): warning CS8622: Nullability of reference types in type of parameter 'sender' of 'void PhotoGrid.panel_LayoutUpdated(object sender, EventArgs e)' doesn't match the target delegate 'EventHandler' (possibly because of nullability attributes). [C:\Users\nickk\source\folio\Folio\Folio.csproj]
C:\Users\nickk\source\folio\Folio\library\PhotoGrid.xaml.cs(115,41): warning CS8625: Cannot convert null literal to non-nullable reference type. [C:\Users\nickk\source\folio\Folio\Folio.csproj]
C:\Users\nickk\source\folio\Folio\library\PhotoGrid.xaml.cs(116,44): warning CS8625: Cannot convert null literal to non-nullable reference type. [C:\Users\nickk\source\folio\Folio\Folio.csproj]
C:\Users\nickk\source\folio\Folio\library\PhotoGrid.xaml.cs(64,18): warning CS8618: Non-nullable event 'Exited' must contain a non-null value when exiting constructor. Consider adding the 'required' modifier or declaring the event as nullable. [C:\Users\nickk\source\folio\Folio\Folio.csproj]
C:\Users\nickk\source\folio\Folio\core\DesktopFileListSource.cs(44,42): warning CS8601: Possible null reference assignment. [C:\Users\nickk\source\folio\Folio\Folio.csproj]
C:\Users\nickk\source\folio\Folio\core\DesktopFileListSource.cs(49,35): warning CS8601: Possible null reference assignment. [C:\Users\nickk\source\folio\Folio\Folio.csproj]
C:\Users\nickk\source\folio\Folio\core\DesktopFileListSource.cs(53,38): warning CS8604: Possible null reference argument for parameter 'sourceDirectory' in 'string[] DesktopFileListSource.GetFiles(string sourceDirectory)'. [C:\Users\nickk\source\folio\Folio\Folio.csproj]
C:\Users\nickk\source\folio\Folio\book\BookModel.cs(52,20): warning CS8603: Possible null reference return. [C:\Users\nickk\source\folio\Folio\Folio.csproj]
C:\Users\nickk\source\folio\Folio\library\PhotoGrid.xaml.cs(126,31): warning CS8625: Cannot convert null literal to non-nullable reference type. [C:\Users\nickk\source\folio\Folio\Folio.csproj]
C:\Users\nickk\source\folio\Folio\book\BookModel.cs(57,46): warning CS8603: Possible null reference return. [C:\Users\nickk\source\folio\Folio\Folio.csproj]
C:\Users\nickk\source\folio\Folio\library\SelectableImageDisplay.xaml.cs(8,16): warning CS8618: Non-nullable event 'PropertyChanged' must contain a non-null value when exiting constructor. Consider adding the 'required' modifier or declaring the event as nullable. [C:\Users\nickk\source\folio\Folio\Folio.csproj]
C:\Users\nickk\source\folio\Folio\book\PhotoZoomView.xaml.cs(38,16): warning CS8618: Non-nullable field 'currentScale' must contain a non-null value when exiting constructor. Consider adding the 'required' modifier or declaring the field as nullable. [C:\Users\nickk\source\folio\Folio\Folio.csproj]
C:\Users\nickk\source\folio\Folio\book\PhotoZoomView.xaml.cs(38,16): warning CS8618: Non-nullable field 'currentTranslate' must contain a non-null value when exiting constructor. Consider adding the 'required' modifier or declaring the field as nullable. [C:\Users\nickk\source\folio\Folio\Folio.csproj]
C:\Users\nickk\source\folio\Folio\book\PhotoZoomView.xaml.cs(38,16): warning CS8618: Non-nullable field 'nextTranslate' must contain a non-null value when exiting constructor. Consider adding the 'required' modifier or declaring the field as nullable. [C:\Users\nickk\source\folio\Folio\Folio.csproj]
C:\Users\nickk\source\folio\Folio\book\PhotoZoomView.xaml.cs(60,29): warning CS8602: Dereference of a possibly null reference. [C:\Users\nickk\source\folio\Folio\Folio.csproj]
C:\Users\nickk\source\folio\Folio\book\PhotoZoomView.xaml.cs(60,28): warning CS8601: Possible null reference assignment. [C:\Users\nickk\source\folio\Folio\Folio.csproj]
C:\Users\nickk\source\folio\Folio\book\PhotoZoomView.xaml.cs(61,33): warning CS8602: Dereference of a possibly null reference. [C:\Users\nickk\source\folio\Folio\Folio.csproj]
C:\Users\nickk\source\folio\Folio\book\PhotoZoomView.xaml.cs(61,32): warning CS8601: Possible null reference assignment. [C:\Users\nickk\source\folio\Folio\Folio.csproj]
C:\Users\nickk\source\folio\Folio\book\BookViewerFullscreen.xaml.cs(14,34): warning CS8625: Cannot convert null literal to non-nullable reference type. [C:\Users\nickk\source\folio\Folio\Folio.csproj]
C:\Users\nickk\source\folio\Folio\book\BookViewerFullscreen.xaml.cs(24,48): warning CS8622: Nullability of reference types in type of parameter 'sender' of 'void BookViewerFullscreen.FullscreenPageview_PhotoClicked(object sender, PhotoClickedEventArgs e)' doesn't match the target delegate 'EventHandler<PhotoClickedEventArgs>' (possibly because of nullability attributes). [C:\Users\nickk\source\folio\Folio\Folio.csproj]
C:\Users\nickk\source\folio\Folio\book\BookModel.cs(83,56): warning CS8604: Possible null reference argument for parameter 'r' in 'TwoPages.TwoPages(PhotoPageModel l, PhotoPageModel r)'. [C:\Users\nickk\source\folio\Folio\Folio.csproj]
C:\Users\nickk\source\folio\Folio\library\PhotoGrid.xaml.cs(154,46): warning CS8625: Cannot convert null literal to non-nullable reference type. [C:\Users\nickk\source\folio\Folio\Folio.csproj]
C:\Users\nickk\source\folio\Folio\library\PhotoGrid.xaml.cs(155,48): warning CS8625: Cannot convert null literal to non-nullable reference type. [C:\Users\nickk\source\folio\Folio\Folio.csproj]
C:\Users\nickk\source\folio\Folio\book\CaptionView.xaml.cs(68,24): warning CS8603: Possible null reference return. [C:\Users\nickk\source\folio\Folio\Folio.csproj]
C:\Users\nickk\source\folio\Folio\book\BookModel.cs(97,26): warning CS8602: Dereference of a possibly null reference. [C:\Users\nickk\source\folio\Folio\Folio.csproj]
C:\Users\nickk\source\folio\Folio\core\DesktopFileListSource.cs(211,30): warning CS8602: Dereference of a possibly null reference. [C:\Users\nickk\source\folio\Folio\Folio.csproj]
C:\Users\nickk\source\folio\Folio\core\DesktopFileListSource.cs(213,41): warning CS8604: Possible null reference argument for parameter 'path1' in 'string Path.Combine(string path1, string path2)'. [C:\Users\nickk\source\folio\Folio\Folio.csproj]
C:\Users\nickk\source\folio\Folio\importer\PhotoImporter.cs(84,44): warning CS8604: Possible null reference argument for parameter 'path1' in 'string Path.Combine(string path1, string path2)'. [C:\Users\nickk\source\folio\Folio\Folio.csproj]
C:\Users\nickk\source\folio\Folio\book\AspectPreservingGrid.cs(269,23): warning CS8625: Cannot convert null literal to non-nullable reference type. [C:\Users\nickk\source\folio\Folio\Folio.csproj]
C:\Users\nickk\source\folio\Folio\book\AspectPreservingGrid.cs(270,23): warning CS8625: Cannot convert null literal to non-nullable reference type. [C:\Users\nickk\source\folio\Folio\Folio.csproj]
C:\Users\nickk\source\folio\Folio\book\DroppableImageDisplay.xaml.cs(20,31): warning CS8618: Non-nullable property 'Page' must contain a non-null value when exiting constructor. Consider adding the 'required' modifier or declaring the property as nullable. [C:\Users\nickk\source\folio\Folio\Folio.csproj]
C:\Users\nickk\source\folio\Folio\book\CaptionView.xaml.cs(40,35): warning CS8625: Cannot convert null literal to non-nullable reference type. [C:\Users\nickk\source\folio\Folio\Folio.csproj]
C:\Users\nickk\source\folio\Folio\book\CaptionView.xaml.cs(149,96): warning CS8622: Nullability of reference types in type of parameter 'sender' of 'void CaptionView.Model_PropertyChanged(object sender, PropertyChangedEventArgs e)' doesn't match the target delegate 'PropertyChangedEventHandler' (possibly because of nullability attributes). [C:\Users\nickk\source\folio\Folio\Folio.csproj]
C:\Users\nickk\source\folio\Folio\book\CaptionView.xaml.cs(155,96): warning CS8622: Nullability of reference types in type of parameter 'sender' of 'void CaptionView.Model_PropertyChanged(object sender, PropertyChangedEventArgs e)' doesn't match the target delegate 'PropertyChangedEventHandler' (possibly because of nullability attributes). [C:\Users\nickk\source\folio\Folio\Folio.csproj]
C:\Users\nickk\source\folio\Folio\library\PhotoGrid.xaml.cs(226,42): warning CS8625: Cannot convert null literal to non-nullable reference type. [C:\Users\nickk\source\folio\Folio\Folio.csproj]
C:\Users\nickk\source\folio\Folio\library\PhotoGrid.xaml.cs(227,54): warning CS8625: Cannot convert null literal to non-nullable reference type. [C:\Users\nickk\source\folio\Folio\Folio.csproj]
C:\Users\nickk\source\folio\Folio\library\PhotoGrid.xaml.cs(247,29): warning CS8625: Cannot convert null literal to non-nullable reference type. [C:\Users\nickk\source\folio\Folio\Folio.csproj]
C:\Users\nickk\source\folio\Folio\library\PhotoGrid.xaml.cs(248,41): warning CS8625: Cannot convert null literal to non-nullable reference type. [C:\Users\nickk\source\folio\Folio\Folio.csproj]
C:\Users\nickk\source\folio\Folio\library\PhotoGrid.xaml.cs(252,29): warning CS8625: Cannot convert null literal to non-nullable reference type. [C:\Users\nickk\source\folio\Folio\Folio.csproj]
C:\Users\nickk\source\folio\Folio\library\PhotoGrid.xaml.cs(253,41): warning CS8625: Cannot convert null literal to non-nullable reference type. [C:\Users\nickk\source\folio\Folio\Folio.csproj]
C:\Users\nickk\source\folio\Folio\book\MatrixSolver.cs(25,24): warning CS8603: Possible null reference return. [C:\Users\nickk\source\folio\Folio\Folio.csproj]
C:\Users\nickk\source\folio\Folio\book\MatrixSolver.cs(33,24): warning CS8603: Possible null reference return. [C:\Users\nickk\source\folio\Folio\Folio.csproj]
C:\Users\nickk\source\folio\Folio\importer\PhotoImporter.cs(111,26): warning CS8600: Converting null literal or possible null value to non-nullable type. [C:\Users\nickk\source\folio\Folio\Folio.csproj]
C:\Users\nickk\source\folio\Folio\book\DroppableImageDisplay.xaml.cs(36,29): warning CS8625: Cannot convert null literal to non-nullable reference type. [C:\Users\nickk\source\folio\Folio\Folio.csproj]
C:\Users\nickk\source\folio\Folio\book\DroppableImageDisplay.xaml.cs(37,43): warning CS8625: Cannot convert null literal to non-nullable reference type. [C:\Users\nickk\source\folio\Folio\Folio.csproj]
C:\Users\nickk\source\folio\Folio\book\DroppableImageDisplay.xaml.cs(38,43): warning CS8625: Cannot convert null literal to non-nullable reference type. [C:\Users\nickk\source\folio\Folio\Folio.csproj]
C:\Users\nickk\source\folio\Folio\book\DroppableImageDisplay.xaml.cs(48,16): warning CS8618: Non-nullable field 'page' must contain a non-null value when exiting constructor. Consider adding the 'required' modifier or declaring the field as nullable. [C:\Users\nickk\source\folio\Folio\Folio.csproj]
C:\Users\nickk\source\folio\Folio\book\DroppableImageDisplay.xaml.cs(48,16): warning CS8618: Non-nullable event 'PhotoClicked' must contain a non-null value when exiting constructor. Consider adding the 'required' modifier or declaring the event as nullable. [C:\Users\nickk\source\folio\Folio\Folio.csproj]
C:\Users\nickk\source\folio\Folio\library\PhotoGrid.xaml.cs(842,28): warning CS8618: Non-nullable property 'ImageOrigin' must contain a non-null value when exiting constructor. Consider adding the 'required' modifier or declaring the property as nullable. [C:\Users\nickk\source\folio\Folio\Folio.csproj]
C:\Users\nickk\source\folio\Folio\library\PhotoGrid.xaml.cs(844,31): warning CS8618: Non-nullable property 'SourcePage' must contain a non-null value when exiting constructor. Consider adding the 'required' modifier or declaring the property as nullable. [C:\Users\nickk\source\folio\Folio\Folio.csproj]
C:\Users\nickk\source\folio\Folio\core\ImageDisplay.xaml.cs(39,42): warning CS8625: Cannot convert null literal to non-nullable reference type. [C:\Users\nickk\source\folio\Folio\Folio.csproj]
C:\Users\nickk\source\folio\Folio\core\ImageDisplay.xaml.cs(41,41): warning CS8625: Cannot convert null literal to non-nullable reference type. [C:\Users\nickk\source\folio\Folio\Folio.csproj]
C:\Users\nickk\source\folio\Folio\core\ImageDisplay.xaml.cs(42,38): warning CS8625: Cannot convert null literal to non-nullable reference type. [C:\Users\nickk\source\folio\Folio\Folio.csproj]
C:\Users\nickk\source\folio\Folio\core\ImageDisplay.xaml.cs(165,43): warning CS8625: Cannot convert null literal to non-nullable reference type. [C:\Users\nickk\source\folio\Folio\Folio.csproj]
C:\Users\nickk\source\folio\Folio\core\ImageDisplay.xaml.cs(60,13): warning CS8602: Dereference of a possibly null reference. [C:\Users\nickk\source\folio\Folio\Folio.csproj]
C:\Users\nickk\source\folio\Folio\core\ImageDisplay.xaml.cs(60,84): warning CS8622: Nullability of reference types in type of parameter 'sender' of 'void ImageDisplay.imageElement_ImageFailed(object sender, ExceptionRoutedEventArgs e)' doesn't match the target delegate 'EventHandler<ExceptionRoutedEventArgs>' (possibly because of nullability attributes). [C:\Users\nickk\source\folio\Folio\Folio.csproj]
C:\Users\nickk\source\folio\Folio\core\ImageDisplay.xaml.cs(50,16): warning CS8618: Non-nullable field 'imageInfo' must contain a non-null value when exiting constructor. Consider adding the 'required' modifier or declaring the field as nullable. [C:\Users\nickk\source\folio\Folio\Folio.csproj]
C:\Users\nickk\source\folio\Folio\core\ImageDisplay.xaml.cs(50,16): warning CS8618: Non-nullable field 'scaleTransform' must contain a non-null value when exiting constructor. Consider adding the 'required' modifier or declaring the field as nullable. [C:\Users\nickk\source\folio\Folio\Folio.csproj]
C:\Users\nickk\source\folio\Folio\core\ImageDisplay.xaml.cs(50,16): warning CS8618: Non-nullable field 'rotateTransform' must contain a non-null value when exiting constructor. Consider adding the 'required' modifier or declaring the field as nullable. [C:\Users\nickk\source\folio\Folio\Folio.csproj]
C:\Users\nickk\source\folio\Folio\core\ImageDisplay.xaml.cs(50,16): warning CS8618: Non-nullable field 'translatePanningTransform' must contain a non-null value when exiting constructor. Consider adding the 'required' modifier or declaring the field as nullable. [C:\Users\nickk\source\folio\Folio\Folio.csproj]
C:\Users\nickk\source\folio\Folio\core\ImageDisplay.xaml.cs(50,16): warning CS8618: Non-nullable field 'flipTransform' must contain a non-null value when exiting constructor. Consider adding the 'required' modifier or declaring the field as nullable. [C:\Users\nickk\source\folio\Folio\Folio.csproj]
C:\Users\nickk\source\folio\Folio\core\ImageDisplay.xaml.cs(50,16): warning CS8618: Non-nullable event 'PropertyChanged' must contain a non-null value when exiting constructor. Consider adding the 'required' modifier or declaring the event as nullable. [C:\Users\nickk\source\folio\Folio\Folio.csproj]
C:\Users\nickk\source\folio\Folio\Utilities\SelectFolders.xaml.cs(30,51): warning CS8625: Cannot convert null literal to non-nullable reference type. [C:\Users\nickk\source\folio\Folio\Folio.csproj]
C:\Users\nickk\source\folio\Folio\Utilities\SelectFolders.xaml.cs(31,48): warning CS8625: Cannot convert null literal to non-nullable reference type. [C:\Users\nickk\source\folio\Folio\Folio.csproj]
C:\Users\nickk\source\folio\Folio\Utilities\SelectFolders.xaml.cs(20,31): warning CS8625: Cannot convert null literal to non-nullable reference type. [C:\Users\nickk\source\folio\Folio\Folio.csproj]
C:\Users\nickk\source\folio\Folio\Utilities\SelectFolders.xaml.cs(14,16): warning CS8618: Non-nullable field 'sourceDirectory' must contain a non-null value when exiting constructor. Consider adding the 'required' modifier or declaring the field as nullable. [C:\Users\nickk\source\folio\Folio\Folio.csproj]
C:\Users\nickk\source\folio\Folio\library\PhotoGridFilters.xaml.cs(26,43): warning CS8625: Cannot convert null literal to non-nullable reference type. [C:\Users\nickk\source\folio\Folio\Folio.csproj]
C:\Users\nickk\source\folio\Folio\library\PhotoGridFilters.xaml.cs(27,51): warning CS8625: Cannot convert null literal to non-nullable reference type. [C:\Users\nickk\source\folio\Folio\Folio.csproj]
C:\Users\nickk\source\folio\Folio\library\PhotoGridFilters.xaml.cs(29,16): warning CS8618: Non-nullable field 'root' must contain a non-null value when exiting constructor. Consider adding the 'required' modifier or declaring the field as nullable. [C:\Users\nickk\source\folio\Folio\Folio.csproj]
C:\Users\nickk\source\folio\Folio\book\DroppableImageDisplay.xaml.cs(112,26): warning CS8603: Possible null reference return. [C:\Users\nickk\source\folio\Folio\Folio.csproj]
C:\Users\nickk\source\folio\Folio\book\DroppableImageDisplay.xaml.cs(134,24): warning CS8603: Possible null reference return. [C:\Users\nickk\source\folio\Folio\Folio.csproj]
C:\Users\nickk\source\folio\Folio\book\AspectPreservingGrid.cs(333,37): warning CS8604: Possible null reference argument for parameter 'source' in 'bool Enumerable.All<double>(IEnumerable<double> source, Func<double, bool> predicate)'. [C:\Users\nickk\source\folio\Folio\Folio.csproj]
C:\Users\nickk\source\folio\Folio\book\AspectPreservingGrid.cs(335,66): warning CS8604: Possible null reference argument for parameter 'rowColSizes' in 'Point AspectPreservingGrid.RemoveFakeRowsAndColumns(ExtraSpace extraSpace, double[] rowColSizes)'. [C:\Users\nickk\source\folio\Folio\Folio.csproj]
C:\Users\nickk\source\folio\Folio\book\AspectPreservingGrid.cs(353,33): warning CS8600: Converting null literal or possible null value to non-nullable type. [C:\Users\nickk\source\folio\Folio\Folio.csproj]
C:\Users\nickk\source\folio\Folio\book\AspectPreservingGrid.cs(354,33): warning CS8600: Converting null literal or possible null value to non-nullable type. [C:\Users\nickk\source\folio\Folio\Folio.csproj]
C:\Users\nickk\source\folio\Folio\book\AspectPreservingGrid.cs(365,72): warning CS8604: Possible null reference argument for parameter 'rowSizes' in 'LayoutResult.LayoutResult(LayoutStatus error, double[] rowSizes, double[] colSizes, Point padding)'. [C:\Users\nickk\source\folio\Folio\Folio.csproj]
C:\Users\nickk\source\folio\Folio\book\AspectPreservingGrid.cs(365,82): warning CS8604: Possible null reference argument for parameter 'colSizes' in 'LayoutResult.LayoutResult(LayoutStatus error, double[] rowSizes, double[] colSizes, Point padding)'. [C:\Users\nickk\source\folio\Folio\Folio.csproj]
C:\Users\nickk\source\folio\Folio\book\AspectPreservingGrid.cs(368,48): warning CS8604: Possible null reference argument for parameter 'rowSizes' in 'LayoutResult.LayoutResult(LayoutStatus error, double[] rowSizes, double[] colSizes, Point padding)'. [C:\Users\nickk\source\folio\Folio\Folio.csproj]
C:\Users\nickk\source\folio\Folio\book\AspectPreservingGrid.cs(368,58): warning CS8604: Possible null reference argument for parameter 'colSizes' in 'LayoutResult.LayoutResult(LayoutStatus error, double[] rowSizes, double[] colSizes, Point padding)'. [C:\Users\nickk\source\folio\Folio\Folio.csproj]
C:\Users\nickk\source\folio\Folio\book\AspectPreservingGrid.cs(374,48): warning CS8604: Possible null reference argument for parameter 'rowSizes' in 'LayoutResult.LayoutResult(LayoutStatus error, double[] rowSizes, double[] colSizes, Point padding)'. [C:\Users\nickk\source\folio\Folio\Folio.csproj]
C:\Users\nickk\source\folio\Folio\book\AspectPreservingGrid.cs(374,58): warning CS8604: Possible null reference argument for parameter 'colSizes' in 'LayoutResult.LayoutResult(LayoutStatus error, double[] rowSizes, double[] colSizes, Point padding)'. [C:\Users\nickk\source\folio\Folio\Folio.csproj]
C:\Users\nickk\source\folio\Folio\slideshow\SlideShow.xaml.cs(18,46): warning CS8625: Cannot convert null literal to non-nullable reference type. [C:\Users\nickk\source\folio\Folio\Folio.csproj]
C:\Users\nickk\source\folio\Folio\slideshow\SlideShow.xaml.cs(36,91): warning CS8622: Nullability of reference types in type of parameter 'sender' of 'void SlideShow.root_PropertyChanged(object sender, PropertyChangedEventArgs e)' doesn't match the target delegate 'PropertyChangedEventHandler' (possibly because of nullability attributes). [C:\Users\nickk\source\folio\Folio\Folio.csproj]
C:\Users\nickk\source\folio\Folio\slideshow\SlideShow.xaml.cs(51,53): warning CS8622: Nullability of reference types in type of parameter 'sender' of 'void SlideShow.shotclock_Completed(object sender, EventArgs e)' doesn't match the target delegate 'EventHandler' (possibly because of nullability attributes). [C:\Users\nickk\source\folio\Folio\Folio.csproj]
C:\Users\nickk\source\folio\Folio\slideshow\SlideShow.xaml.cs(33,16): warning CS8618: Non-nullable field 'displayedImageInfo' must contain a non-null value when exiting constructor. Consider adding the 'required' modifier or declaring the field as nullable. [C:\Users\nickk\source\folio\Folio\Folio.csproj]
C:\Users\nickk\source\folio\Folio\book\MatrixSolver.cs(104,32): warning CS8603: Possible null reference return. [C:\Users\nickk\source\folio\Folio\Folio.csproj]
C:\Users\nickk\source\folio\Folio\book\MatrixSolver.cs(126,40): warning CS8603: Possible null reference return. [C:\Users\nickk\source\folio\Folio\Folio.csproj]
C:\Users\nickk\source\folio\Folio\library\PhotoGridFilters.xaml.cs(53,28): warning CS8602: Dereference of a possibly null reference. [C:\Users\nickk\source\folio\Folio\Folio.csproj]
C:\Users\nickk\source\folio\Folio\library\PhotoGridFilters.xaml.cs(53,28): warning CS8600: Converting null literal or possible null value to non-nullable type. [C:\Users\nickk\source\folio\Folio\Folio.csproj]
C:\Users\nickk\source\folio\Folio\library\PhotoGridFilters.xaml.cs(55,48): warning CS8604: Possible null reference argument for parameter 'tag' in 'void RootControl.AddFilter(ObservableCollection<PhotoTag> tags, PhotoTag tag)'. [C:\Users\nickk\source\folio\Folio\Folio.csproj]
C:\Users\nickk\source\folio\Folio\library\PhotoGridFilters.xaml.cs(57,45): warning CS8604: Possible null reference argument for parameter 'tag' in 'DragDropData.DragDropData(PhotoTag tag, DragDropOrigin dragDropOrigin, ObservableCollection<PhotoTag> previousFilter)'. [C:\Users\nickk\source\folio\Folio\Folio.csproj]
C:\Users\nickk\source\folio\Folio\library\PhotoGridFilters.xaml.cs(57,70): warning CS8625: Cannot convert null literal to non-nullable reference type. [C:\Users\nickk\source\folio\Folio\Folio.csproj]
C:\Users\nickk\source\folio\Folio\slideshow\SlideShow.xaml.cs(70,91): warning CS8622: Nullability of reference types in type of parameter 'sender' of 'void SlideShow.root_PropertyChanged(object sender, PropertyChangedEventArgs e)' doesn't match the target delegate 'PropertyChangedEventHandler' (possibly because of nullability attributes). [C:\Users\nickk\source\folio\Folio\Folio.csproj]
C:\Users\nickk\source\folio\Folio\slideshow\SlideShow.xaml.cs(71,53): warning CS8622: Nullability of reference types in type of parameter 'sender' of 'void SlideShow.shotclock_Completed(object sender, EventArgs e)' doesn't match the target delegate 'EventHandler' (possibly because of nullability attributes). [C:\Users\nickk\source\folio\Folio\Folio.csproj]
C:\Users\nickk\source\folio\Folio\slideshow\SlideShow.xaml.cs(75,34): warning CS8625: Cannot convert null literal to non-nullable reference type. [C:\Users\nickk\source\folio\Folio\Folio.csproj]
C:\Users\nickk\source\folio\Folio\book\PageDesigner.xaml.cs(22,23): warning CS8618: Non-nullable property 'DisplayName' must contain a non-null value when exiting constructor. Consider adding the 'required' modifier or declaring the property as nullable. [C:\Users\nickk\source\folio\Folio\Folio.csproj]
C:\Users\nickk\source\folio\Folio\book\PageDesigner.xaml.cs(23,23): warning CS8618: Non-nullable property 'FilePath' must contain a non-null value when exiting constructor. Consider adding the 'required' modifier or declaring the property as nullable. [C:\Users\nickk\source\folio\Folio\Folio.csproj]
C:\Users\nickk\source\folio\Folio\core\ImageDisplay.xaml.cs(181,29): warning CS8601: Possible null reference assignment. [C:\Users\nickk\source\folio\Folio\Folio.csproj]
C:\Users\nickk\source\folio\Folio\core\ImageDisplay.xaml.cs(182,31): warning CS8601: Possible null reference assignment. [C:\Users\nickk\source\folio\Folio\Folio.csproj]
C:\Users\nickk\source\folio\Folio\shell\RootControl.xaml.cs(83,33): warning CS8625: Cannot convert null literal to non-nullable reference type. [C:\Users\nickk\source\folio\Folio\Folio.csproj]
C:\Users\nickk\source\folio\Folio\shell\RootControl.xaml.cs(84,41): warning CS8625: Cannot convert null literal to non-nullable reference type. [C:\Users\nickk\source\folio\Folio\Folio.csproj]
C:\Users\nickk\source\folio\Folio\shell\RootControl.xaml.cs(119,41): warning CS8601: Possible null reference assignment. [C:\Users\nickk\source\folio\Folio\Folio.csproj]
C:\Users\nickk\source\folio\Folio\shell\RootControl.xaml.cs(148,69): warning CS8622: Nullability of reference types in type of parameter 'sender' of 'void RootControl.RootControl_PropertyChanged(object sender, PropertyChangedEventArgs e)' doesn't match the target delegate 'PropertyChangedEventHandler' (possibly because of nullability attributes). [C:\Users\nickk\source\folio\Folio\Folio.csproj]
C:\Users\nickk\source\folio\Folio\shell\RootControl.xaml.cs(150,115): warning CS8622: Nullability of reference types in type of parameter 'sender' of 'void RootControl.Tags_CollectionChanged(object sender, NotifyCollectionChangedEventArgs e)' doesn't match the target delegate 'NotifyCollectionChangedEventHandler' (possibly because of nullability attributes). [C:\Users\nickk\source\folio\Folio\Folio.csproj]
C:\Users\nickk\source\folio\Folio\shell\RootControl.xaml.cs(151,115): warning CS8622: Nullability of reference types in type of parameter 'sender' of 'void RootControl.Tags_CollectionChanged(object sender, NotifyCollectionChangedEventArgs e)' doesn't match the target delegate 'NotifyCollectionChangedEventHandler' (possibly because of nullability attributes). [C:\Users\nickk\source\folio\Folio\Folio.csproj]
C:\Users\nickk\source\folio\Folio\shell\RootControl.xaml.cs(152,117): warning CS8622: Nullability of reference types in type of parameter 'sender' of 'void RootControl.Tags_CollectionChanged(object sender, NotifyCollectionChangedEventArgs e)' doesn't match the target delegate 'NotifyCollectionChangedEventHandler' (possibly because of nullability attributes). [C:\Users\nickk\source\folio\Folio\Folio.csproj]
C:\Users\nickk\source\folio\Folio\shell\RootControl.xaml.cs(95,16): warning CS8618: Non-nullable field 'focusedImage' must contain a non-null value when exiting constructor. Consider adding the 'required' modifier or declaring the field as nullable. [C:\Users\nickk\source\folio\Folio\Folio.csproj]
C:\Users\nickk\source\folio\Folio\shell\RootControl.xaml.cs(95,16): warning CS8618: Non-nullable field 'window' must contain a non-null value when exiting constructor. Consider adding the 'required' modifier or declaring the field as nullable. [C:\Users\nickk\source\folio\Folio\Folio.csproj]
C:\Users\nickk\source\folio\Folio\Utilities\ChangeableObject.cs(6,50): warning CS8618: Non-nullable event 'PropertyChanged' must contain a non-null value when exiting constructor. Consider adding the 'required' modifier or declaring the event as nullable. [C:\Users\nickk\source\folio\Folio\Folio.csproj]
C:\Users\nickk\source\folio\Folio\core\ImageInfo.cs(68,17): warning CS8618: Non-nullable field 'originalSource' must contain a non-null value when exiting constructor. Consider adding the 'required' modifier or declaring the field as nullable. [C:\Users\nickk\source\folio\Folio\Folio.csproj]
C:\Users\nickk\source\folio\Folio\core\ImageInfo.cs(68,17): warning CS8618: Non-nullable field 'scaledSource' must contain a non-null value when exiting constructor. Consider adding the 'required' modifier or declaring the field as nullable. [C:\Users\nickk\source\folio\Folio\Folio.csproj]
C:\Users\nickk\source\folio\Folio\core\ImageInfo.cs(68,17): warning CS8618: Non-nullable field 'focalLength' must contain a non-null value when exiting constructor. Consider adding the 'required' modifier or declaring the field as nullable. [C:\Users\nickk\source\folio\Folio\Folio.csproj]
C:\Users\nickk\source\folio\Folio\core\ImageInfo.cs(68,17): warning CS8618: Non-nullable field 'exposureTime' must contain a non-null value when exiting constructor. Consider adding the 'required' modifier or declaring the field as nullable. [C:\Users\nickk\source\folio\Folio\Folio.csproj]
C:\Users\nickk\source\folio\Folio\core\ImageInfo.cs(68,17): warning CS8618: Non-nullable field 'fstop' must contain a non-null value when exiting constructor. Consider adding the 'required' modifier or declaring the field as nullable. [C:\Users\nickk\source\folio\Folio\Folio.csproj]
C:\Users\nickk\source\folio\Folio\core\ImageInfo.cs(68,17): warning CS8618: Non-nullable field 'exposureBias' must contain a non-null value when exiting constructor. Consider adding the 'required' modifier or declaring the field as nullable. [C:\Users\nickk\source\folio\Folio\Folio.csproj]
C:\Users\nickk\source\folio\Folio\library\PhotoGrid.xaml.cs(853,49): warning CS8625: Cannot convert null literal to non-nullable reference type. [C:\Users\nickk\source\folio\Folio\Folio.csproj]
C:\Users\nickk\source\folio\Folio\core\ImageLoader.cs(44,39): warning CS8602: Dereference of a possibly null reference. [C:\Users\nickk\source\folio\Folio\Folio.csproj]
C:\Users\nickk\source\folio\Folio\book\PageDesigner.xaml.cs(33,34): warning CS8625: Cannot convert null literal to non-nullable reference type. [C:\Users\nickk\source\folio\Folio\Folio.csproj]
C:\Users\nickk\source\folio\Folio\book\PageDesigner.xaml.cs(65,69): warning CS8622: Nullability of reference types in type of parameter 'sender' of 'void PageDesigner.book_PropertyChanged(object sender, PropertyChangedEventArgs e)' doesn't match the target delegate 'PropertyChangedEventHandler' (possibly because of nullability attributes). [C:\Users\nickk\source\folio\Folio\Folio.csproj]
C:\Users\nickk\source\folio\Folio\book\PageDesigner.xaml.cs(66,52): warning CS8622: Nullability of reference types in type of parameter 'sender' of 'void PageDesigner.book_ImagesChanged(object sender, EventArgs e)' doesn't match the target delegate 'EventHandler' (possibly because of nullability attributes). [C:\Users\nickk\source\folio\Folio\Folio.csproj]
C:\Users\nickk\source\folio\Folio\book\PageDesigner.xaml.cs(50,16): warning CS8618: Non-nullable event 'PropertyChanged' must contain a non-null value when exiting constructor. Consider adding the 'required' modifier or declaring the event as nullable. [C:\Users\nickk\source\folio\Folio\Folio.csproj]
C:\Users\nickk\source\folio\Folio\book\CaptionView.xaml.cs(307,58): warning CS8602: Dereference of a possibly null reference. [C:\Users\nickk\source\folio\Folio\Folio.csproj]
C:\Users\nickk\source\folio\Folio\book\CaptionView.xaml.cs(316,21): warning CS8602: Dereference of a possibly null reference. [C:\Users\nickk\source\folio\Folio\Folio.csproj]
C:\Users\nickk\source\folio\Folio\shell\KeyboardShortcutsDialog.xaml.cs(22,23): warning CS8618: Non-nullable property 'SectionName' must contain a non-null value when exiting constructor. Consider adding the 'required' modifier or declaring the property as nullable. [C:\Users\nickk\source\folio\Folio\Folio.csproj]
C:\Users\nickk\source\folio\Folio\shell\KeyboardShortcutsDialog.xaml.cs(23,38): warning CS8618: Non-nullable property 'Commands' must contain a non-null value when exiting constructor. Consider adding the 'required' modifier or declaring the property as nullable. [C:\Users\nickk\source\folio\Folio\Folio.csproj]
C:\Users\nickk\source\folio\Folio\shell\KeyboardShortcutsDialog.xaml.cs(43,23): warning CS8618: Non-nullable property 'KeyText' must contain a non-null value when exiting constructor. Consider adding the 'required' modifier or declaring the property as nullable. [C:\Users\nickk\source\folio\Folio\Folio.csproj]
C:\Users\nickk\source\folio\Folio\shell\KeyboardShortcutsDialog.xaml.cs(44,23): warning CS8618: Non-nullable property 'Description' must contain a non-null value when exiting constructor. Consider adding the 'required' modifier or declaring the property as nullable. [C:\Users\nickk\source\folio\Folio\Folio.csproj]
C:\Users\nickk\source\folio\Folio\importer\PhotoImporter.cs(22,27): warning CS8618: Non-nullable property 'CurrentFile' must contain a non-null value when exiting constructor. Consider adding the 'required' modifier or declaring the property as nullable. [C:\Users\nickk\source\folio\Folio\Folio.csproj]
C:\Users\nickk\source\folio\Folio\core\ImageDisplay.xaml.cs(284,35): warning CS8600: Converting null literal or possible null value to non-nullable type. [C:\Users\nickk\source\folio\Folio\Folio.csproj]
C:\Users\nickk\source\folio\Folio\importer\PhotoImporter.cs(27,27): warning CS8618: Non-nullable field 'seriesName' must contain a non-null value when exiting constructor. Consider adding the 'required' modifier or declaring the field as nullable. [C:\Users\nickk\source\folio\Folio\Folio.csproj]
C:\Users\nickk\source\folio\Folio\importer\PhotoImporter.cs(28,46): warning CS8618: Non-nullable field 'progress' must contain a non-null value when exiting constructor. Consider adding the 'required' modifier or declaring the field as nullable. [C:\Users\nickk\source\folio\Folio\Folio.csproj]
C:\Users\nickk\source\folio\Folio\importer\PhotoImporter.cs(29,31): warning CS8618: Non-nullable field 'isCancelled' must contain a non-null value when exiting constructor. Consider adding the 'required' modifier or declaring the field as nullable. [C:\Users\nickk\source\folio\Folio\Folio.csproj]
C:\Users\nickk\source\folio\Folio\book\PhotoPageModel.cs(18,34): warning CS8625: Cannot convert null literal to non-nullable reference type. [C:\Users\nickk\source\folio\Folio\Folio.csproj]
C:\Users\nickk\source\folio\Folio\book\PhotoPageModel.cs(23,16): warning CS8618: Non-nullable field 'images' must contain a non-null value when exiting constructor. Consider adding the 'required' modifier or declaring the field as nullable. [C:\Users\nickk\source\folio\Folio\Folio.csproj]
C:\Users\nickk\source\folio\Folio\book\PhotoPageModel.cs(23,16): warning CS8618: Non-nullable field 'richText' must contain a non-null value when exiting constructor. Consider adding the 'required' modifier or declaring the field as nullable. [C:\Users\nickk\source\folio\Folio\Folio.csproj]
C:\Users\nickk\source\folio\Folio\book\PhotoPageModel.cs(23,16): warning CS8618: Non-nullable field 'richText2' must contain a non-null value when exiting constructor. Consider adding the 'required' modifier or declaring the field as nullable. [C:\Users\nickk\source\folio\Folio\Folio.csproj]
C:\Users\nickk\source\folio\Folio\book\PageDesigner.xaml.cs(109,28): warning CS8625: Cannot convert null literal to non-nullable reference type. [C:\Users\nickk\source\folio\Folio\Folio.csproj]
C:\Users\nickk\source\folio\Folio\Utilities\Command.cs(20,42): warning CS8625: Cannot convert null literal to non-nullable reference type. [C:\Users\nickk\source\folio\Folio\Folio.csproj]
C:\Users\nickk\source\folio\Folio\Utilities\Command.cs(51,32): warning CS8625: Cannot convert null literal to non-nullable reference type. [C:\Users\nickk\source\folio\Folio\Folio.csproj]
C:\Users\nickk\source\folio\Folio\Utilities\Command.cs(12,37): warning CS8618: Non-nullable event 'Execute' must contain a non-null value when exiting constructor. Consider adding the 'required' modifier or declaring the event as nullable. [C:\Users\nickk\source\folio\Folio\Folio.csproj]
C:\Users\nickk\source\folio\Folio\Utilities\Command.cs(46,23): warning CS8618: Non-nullable field 'DisplayKey' must contain a non-null value when exiting constructor. Consider adding the 'required' modifier or declaring the field as nullable. [C:\Users\nickk\source\folio\Folio\Folio.csproj]
C:\Users\nickk\source\folio\Folio\book\DroppableImageDisplay.xaml.cs(261,37): warning CS8625: Cannot convert null literal to non-nullable reference type. [C:\Users\nickk\source\folio\Folio\Folio.csproj]
C:\Users\nickk\source\folio\Folio\book\DroppableImageDisplay.xaml.cs(263,33): warning CS8625: Cannot convert null literal to non-nullable reference type. [C:\Users\nickk\source\folio\Folio\Folio.csproj]
C:\Users\nickk\source\folio\Folio\core\ImageInfoWPF.cs(25,17): warning CS8618: Non-nullable field 'scaledSource' must contain a non-null value when exiting constructor. Consider adding the 'required' modifier or declaring the field as nullable. [C:\Users\nickk\source\folio\Folio\Folio.csproj]
C:\Users\nickk\source\folio\Folio\book\DroppableImageDisplay.xaml.cs(280,94): warning CS8622: Nullability of reference types in type of parameter 'sender' of 'void DroppableImageDisplay.Images_CollectionChanged(object sender, NotifyCollectionChangedEventArgs e)' doesn't match the target delegate 'NotifyCollectionChangedEventHandler' (possibly because of nullability attributes). [C:\Users\nickk\source\folio\Folio\Folio.csproj]
C:\Users\nickk\source\folio\Folio\book\DroppableImageDisplay.xaml.cs(281,28): warning CS8600: Converting null literal or possible null value to non-nullable type. [C:\Users\nickk\source\folio\Folio\Folio.csproj]
C:\Users\nickk\source\folio\Folio\book\DroppableImageDisplay.xaml.cs(285,90): warning CS8622: Nullability of reference types in type of parameter 'sender' of 'void DroppableImageDisplay.Images_CollectionChanged(object sender, NotifyCollectionChangedEventArgs e)' doesn't match the target delegate 'NotifyCollectionChangedEventHandler' (possibly because of nullability attributes). [C:\Users\nickk\source\folio\Folio\Folio.csproj]
C:\Users\nickk\source\folio\Folio\Utilities\Command.cs(67,40): warning CS8625: Cannot convert null literal to non-nullable reference type. [C:\Users\nickk\source\folio\Folio\Folio.csproj]
C:\Users\nickk\source\folio\Folio\Utilities\Command.cs(72,16): warning CS8618: Non-nullable field 'contextmenu' must contain a non-null value when exiting constructor. Consider adding the 'required' modifier or declaring the field as nullable. [C:\Users\nickk\source\folio\Folio\Folio.csproj]
C:\Users\nickk\source\folio\Folio\book\DroppableImageDisplay.xaml.cs(293,90): warning CS8622: Nullability of reference types in type of parameter 'sender' of 'void DroppableImageDisplay.Images_CollectionChanged(object sender, NotifyCollectionChangedEventArgs e)' doesn't match the target delegate 'NotifyCollectionChangedEventHandler' (possibly because of nullability attributes). [C:\Users\nickk\source\folio\Folio\Folio.csproj]
C:\Users\nickk\source\folio\Folio\book\DroppableImageDisplay.xaml.cs(294,29): warning CS8625: Cannot convert null literal to non-nullable reference type. [C:\Users\nickk\source\folio\Folio\Folio.csproj]
C:\Users\nickk\source\folio\Folio\core\ImageInfoWPF.cs(70,45): warning CS8600: Converting null literal or possible null value to non-nullable type. [C:\Users\nickk\source\folio\Folio\Folio.csproj]
C:\Users\nickk\source\folio\Folio\core\ImageInfoWPF.cs(80,58): warning CS8600: Converting null literal or possible null value to non-nullable type. [C:\Users\nickk\source\folio\Folio\Folio.csproj]
C:\Users\nickk\source\folio\Folio\book\PhotoPageModel.cs(98,85): warning CS8622: Nullability of reference types in type of parameter 'sender' of 'void PhotoPageModel.images_CollectionChanged(object sender, NotifyCollectionChangedEventArgs e)' doesn't match the target delegate 'NotifyCollectionChangedEventHandler' (possibly because of nullability attributes). [C:\Users\nickk\source\folio\Folio\Folio.csproj]
C:\Users\nickk\source\folio\Folio\book\DroppableImageDisplay.xaml.cs(311,39): warning CS8603: Possible null reference return. [C:\Users\nickk\source\folio\Folio\Folio.csproj]
C:\Users\nickk\source\folio\Folio\book\DroppableImageDisplay.xaml.cs(317,25): warning CS8600: Converting null literal or possible null value to non-nullable type. [C:\Users\nickk\source\folio\Folio\Folio.csproj]
C:\Users\nickk\source\folio\Folio\book\PageDesigner.xaml.cs(202,41): warning CS8622: Nullability of reference types in type of parameter 'sender' of 'void PageDesigner.book_PropertyChanged(object sender, PropertyChangedEventArgs e)' doesn't match the target delegate 'PropertyChangedEventHandler' (possibly because of nullability attributes). [C:\Users\nickk\source\folio\Folio\Folio.csproj]
C:\Users\nickk\source\folio\Folio\book\PageDesigner.xaml.cs(203,39): warning CS8622: Nullability of reference types in type of parameter 'sender' of 'void PageDesigner.book_ImagesChanged(object sender, EventArgs e)' doesn't match the target delegate 'EventHandler' (possibly because of nullability attributes). [C:\Users\nickk\source\folio\Folio\Folio.csproj]
C:\Users\nickk\source\folio\Folio\book\PageDesigner.xaml.cs(217,37): warning CS8622: Nullability of reference types in type of parameter 'sender' of 'void PageDesigner.book_PropertyChanged(object sender, PropertyChangedEventArgs e)' doesn't match the target delegate 'PropertyChangedEventHandler' (possibly because of nullability attributes). [C:\Users\nickk\source\folio\Folio\Folio.csproj]
C:\Users\nickk\source\folio\Folio\book\PageDesigner.xaml.cs(218,35): warning CS8622: Nullability of reference types in type of parameter 'sender' of 'void PageDesigner.book_ImagesChanged(object sender, EventArgs e)' doesn't match the target delegate 'EventHandler' (possibly because of nullability attributes). [C:\Users\nickk\source\folio\Folio\Folio.csproj]
C:\Users\nickk\source\folio\Folio\book\DroppableImageDisplay.xaml.cs(326,30): warning CS8625: Cannot convert null literal to non-nullable reference type. [C:\Users\nickk\source\folio\Folio\Folio.csproj]
C:\Users\nickk\source\folio\Folio\book\PhotoPageModel.cs(107,30): warning CS8602: Dereference of a possibly null reference. [C:\Users\nickk\source\folio\Folio\Folio.csproj]
C:\Users\nickk\source\folio\Folio\book\PhotoPageModel.cs(109,34): warning CS8602: Dereference of a possibly null reference. [C:\Users\nickk\source\folio\Folio\Folio.csproj]
C:\Users\nickk\source\folio\Folio\book\PhotoPageModel.cs(111,37): warning CS8602: Dereference of a possibly null reference. [C:\Users\nickk\source\folio\Folio\Folio.csproj]
C:\Users\nickk\source\folio\Folio\book\PhotoPageModel.cs(113,37): warning CS8602: Dereference of a possibly null reference. [C:\Users\nickk\source\folio\Folio\Folio.csproj]
C:\Users\nickk\source\folio\Folio\book\PhotoPageModel.cs(116,36): warning CS8602: Dereference of a possibly null reference. [C:\Users\nickk\source\folio\Folio\Folio.csproj]
C:\Users\nickk\source\folio\Folio\book\PhotoPageModel.cs(117,21): warning CS8602: Dereference of a possibly null reference. [C:\Users\nickk\source\folio\Folio\Folio.csproj]
C:\Users\nickk\source\folio\Folio\book\PhotoPageModel.cs(124,62): warning CS8620: Argument of type 'IEnumerable<ImageOrigin?>' cannot be used for parameter 'collection' of type 'IEnumerable<ImageOrigin>' in 'ObservableCollection<ImageOrigin>.ObservableCollection(IEnumerable<ImageOrigin> collection)' due to differences in the nullability of reference types. [C:\Users\nickk\source\folio\Folio\Folio.csproj]
C:\Users\nickk\source\folio\Folio\book\PhotoPageModel.cs(126,26): warning CS8602: Dereference of a possibly null reference. [C:\Users\nickk\source\folio\Folio\Folio.csproj]
C:\Users\nickk\source\folio\Folio\book\PhotoZoomView.xaml.cs(131,24): warning CS8603: Possible null reference return. [C:\Users\nickk\source\folio\Folio\Folio.csproj]
C:\Users\nickk\source\folio\Folio\book\PhotoZoomView.xaml.cs(146,20): warning CS8603: Possible null reference return. [C:\Users\nickk\source\folio\Folio\Folio.csproj]
C:\Users\nickk\source\folio\Folio\book\DroppableImageDisplay.xaml.cs(389,38): warning CS8602: Dereference of a possibly null reference. [C:\Users\nickk\source\folio\Folio\Folio.csproj]
C:\Users\nickk\source\folio\Folio\book\DroppableImageDisplay.xaml.cs(390,46): warning CS8600: Converting null literal or possible null value to non-nullable type. [C:\Users\nickk\source\folio\Folio\Folio.csproj]
C:\Users\nickk\source\folio\Folio\book\DroppableImageDisplay.xaml.cs(399,44): warning CS8625: Cannot convert null literal to non-nullable reference type. [C:\Users\nickk\source\folio\Folio\Folio.csproj]
C:\Users\nickk\source\folio\Folio\book\DroppableImageDisplay.xaml.cs(409,64): warning CS8601: Possible null reference assignment. [C:\Users\nickk\source\folio\Folio\Folio.csproj]
C:\Users\nickk\source\folio\Folio\core\ImageInfoWPF.cs(183,34): warning CS8600: Converting null literal or possible null value to non-nullable type. [C:\Users\nickk\source\folio\Folio\Folio.csproj]
C:\Users\nickk\source\folio\Folio\core\ImageInfoWPF.cs(218,47): warning CS8625: Cannot convert null literal to non-nullable reference type. [C:\Users\nickk\source\folio\Folio\Folio.csproj]
C:\Users\nickk\source\folio\Folio\core\ImageInfoWPF.cs(240,24): warning CS8603: Possible null reference return. [C:\Users\nickk\source\folio\Folio\Folio.csproj]
C:\Users\nickk\source\folio\Folio\book\DroppableImageDisplay.xaml.cs(419,43): warning CS8625: Cannot convert null literal to non-nullable reference type. [C:\Users\nickk\source\folio\Folio\Folio.csproj]
C:\Users\nickk\source\folio\Folio\Utilities\Command.cs(199,30): warning CS8600: Converting null literal or possible null value to non-nullable type. [C:\Users\nickk\source\folio\Folio\Folio.csproj]
C:\Users\nickk\source\folio\Folio\Utilities\Command.cs(213,20): warning CS8603: Possible null reference return. [C:\Users\nickk\source\folio\Folio\Folio.csproj]
C:\Users\nickk\source\folio\Folio\core\ImageLoader.cs(205,35): warning CS8602: Dereference of a possibly null reference. [C:\Users\nickk\source\folio\Folio\Folio.csproj]
C:\Users\nickk\source\folio\Folio\core\ImageLoader.cs(164,45): warning CS8625: Cannot convert null literal to non-nullable reference type. [C:\Users\nickk\source\folio\Folio\Folio.csproj]
C:\Users\nickk\source\folio\Folio\core\ImageLoader.cs(179,44): warning CS8625: Cannot convert null literal to non-nullable reference type. [C:\Users\nickk\source\folio\Folio\Folio.csproj]
C:\Users\nickk\source\folio\Folio\core\ImageLoader.cs(212,16): warning CS8618: Non-nullable field 'cacheLookup' must contain a non-null value when exiting constructor. Consider adding the 'required' modifier or declaring the field as nullable. [C:\Users\nickk\source\folio\Folio\Folio.csproj]
C:\Users\nickk\source\folio\Folio\core\ImageLoader.cs(231,33): warning CS8601: Possible null reference assignment. [C:\Users\nickk\source\folio\Folio\Folio.csproj]
C:\Users\nickk\source\folio\Folio\core\ImageInfoWPF.cs(340,40): warning CS8600: Converting null literal or possible null value to non-nullable type. [C:\Users\nickk\source\folio\Folio\Folio.csproj]
C:\Users\nickk\source\folio\Folio\core\ImageInfoWPF.cs(350,32): warning CS8603: Possible null reference return. [C:\Users\nickk\source\folio\Folio\Folio.csproj]
C:\Users\nickk\source\folio\Folio\core\ImageInfoWPF.cs(371,32): warning CS8603: Possible null reference return. [C:\Users\nickk\source\folio\Folio\Folio.csproj]
C:\Users\nickk\source\folio\Folio\core\ImageInfoWPF.cs(386,28): warning CS8603: Possible null reference return. [C:\Users\nickk\source\folio\Folio\Folio.csproj]
C:\Users\nickk\source\folio\Folio\core\ImageInfoWPF.cs(389,28): warning CS8603: Possible null reference return. [C:\Users\nickk\source\folio\Folio\Folio.csproj]
C:\Users\nickk\source\folio\Folio\core\ImageLoader.cs(242,33): warning CS8601: Possible null reference assignment. [C:\Users\nickk\source\folio\Folio\Folio.csproj]
C:\Users\nickk\source\folio\Folio\core\PhotoTag.cs(15,16): warning CS8618: Non-nullable field 'name' must contain a non-null value when exiting constructor. Consider adding the 'required' modifier or declaring the field as nullable. [C:\Users\nickk\source\folio\Folio\Folio.csproj]
C:\Users\nickk\source\folio\Folio\core\PhotoTag.cs(15,16): warning CS8618: Non-nullable field 'parent' must contain a non-null value when exiting constructor. Consider adding the 'required' modifier or declaring the field as nullable. [C:\Users\nickk\source\folio\Folio\Folio.csproj]
C:\Users\nickk\source\folio\Folio\core\ImageInfoWPF.cs(60,27): warning CS8618: Non-nullable field 'location' must contain a non-null value when exiting constructor. Consider adding the 'required' modifier or declaring the field as nullable. [C:\Users\nickk\source\folio\Folio\Folio.csproj]
C:\Users\nickk\source\folio\Folio\core\ImageInfoWPF.cs(61,27): warning CS8618: Non-nullable field 'value' must contain a non-null value when exiting constructor. Consider adding the 'required' modifier or declaring the field as nullable. [C:\Users\nickk\source\folio\Folio\Folio.csproj]
C:\Users\nickk\source\folio\Folio\shell\RootControl.xaml.cs(291,79): warning CS8625: Cannot convert null literal to non-nullable reference type. [C:\Users\nickk\source\folio\Folio\Folio.csproj]
C:\Users\nickk\source\folio\Folio\core\PhotoTag.cs(38,37): warning CS8600: Converting null literal or possible null value to non-nullable type. [C:\Users\nickk\source\folio\Folio\Folio.csproj]
C:\Users\nickk\source\folio\Folio\core\ImageLoader.cs(118,37): warning CS8625: Cannot convert null literal to non-nullable reference type. [C:\Users\nickk\source\folio\Folio\Folio.csproj]
C:\Users\nickk\source\folio\Folio\core\ImageLoader.cs(113,20): warning CS8618: Non-nullable field 'workitem' must contain a non-null value when exiting constructor. Consider adding the 'required' modifier or declaring the field as nullable. [C:\Users\nickk\source\folio\Folio\Folio.csproj]
C:\Users\nickk\source\folio\Folio\Utilities\SelectFolder2.xaml.cs(16,31): warning CS8625: Cannot convert null literal to non-nullable reference type. [C:\Users\nickk\source\folio\Folio\Folio.csproj]
C:\Users\nickk\source\folio\Folio\Utilities\SelectFolder2.xaml.cs(11,16): warning CS8618: Non-nullable field 'sourceDirectory' must contain a non-null value when exiting constructor. Consider adding the 'required' modifier or declaring the field as nullable. [C:\Users\nickk\source\folio\Folio\Folio.csproj]
C:\Users\nickk\source\folio\Folio\core\PhotoTag.cs(78,28): warning CS8600: Converting null literal or possible null value to non-nullable type. [C:\Users\nickk\source\folio\Folio\Folio.csproj]
C:\Users\nickk\source\folio\Folio\core\PhotoTag.cs(82,33): warning CS8600: Converting null literal or possible null value to non-nullable type. [C:\Users\nickk\source\folio\Folio\Folio.csproj]
C:\Users\nickk\source\folio\Folio\library\PhotoGrid.xaml.cs(304,42): warning CS8601: Possible null reference assignment. [C:\Users\nickk\source\folio\Folio\Folio.csproj]
C:\Users\nickk\source\folio\Folio\library\PhotoGrid.xaml.cs(316,63): warning CS8604: Possible null reference argument for parameter 'display' in 'void PhotoGrid.SetUpImageDisplay(ImageOrigin origin, SelectableImageDisplay display)'. [C:\Users\nickk\source\folio\Folio\Folio.csproj]
C:\Users\nickk\source\folio\Folio\library\PhotoGrid.xaml.cs(318,39): warning CS8625: Cannot convert null literal to non-nullable reference type. [C:\Users\nickk\source\folio\Folio\Folio.csproj]
C:\Users\nickk\source\folio\Folio\library\PhotoGrid.xaml.cs(318,45): warning CS8604: Possible null reference argument for parameter 'display' in 'void PhotoGrid.SetUpImageDisplay(ImageOrigin origin, SelectableImageDisplay display)'. [C:\Users\nickk\source\folio\Folio\Folio.csproj]
C:\Users\nickk\source\folio\Folio\library\PhotoGrid.xaml.cs(335,31): warning CS8604: Possible null reference argument for parameter 'newFocus' in 'void PhotoGrid.MoveFocus(SelectableImageDisplay newFocus)'. [C:\Users\nickk\source\folio\Folio\Folio.csproj]
C:\Users\nickk\source\folio\Folio\library\PhotoGrid.xaml.cs(337,31): warning CS8604: Possible null reference argument for parameter 'newFocus' in 'void PhotoGrid.MoveFocus(SelectableImageDisplay newFocus)'. [C:\Users\nickk\source\folio\Folio\Folio.csproj]
C:\Users\nickk\source\folio\Folio\Utilities\SelectFolders.xaml.cs(89,47): warning CS8604: Possible null reference argument for parameter 'path1' in 'string Path.Combine(string path1, string path2)'. [C:\Users\nickk\source\folio\Folio\Folio.csproj]
C:\Users\nickk\source\folio\Folio\Utilities\SelectFolders.xaml.cs(91,47): warning CS8604: Possible null reference argument for parameter 'path1' in 'string Path.Combine(string path1, string path2)'. [C:\Users\nickk\source\folio\Folio\Folio.csproj]
C:\Users\nickk\source\folio\Folio\Utilities\SelectFolders.xaml.cs(133,48): warning CS8604: Possible null reference argument for parameter 'path1' in 'string Path.Combine(string path1, string path2)'. [C:\Users\nickk\source\folio\Folio\Folio.csproj]
C:\Users\nickk\source\folio\Folio\Utilities\SelectFolders.xaml.cs(140,48): warning CS8604: Possible null reference argument for parameter 'path1' in 'string Path.Combine(string path1, string path2)'. [C:\Users\nickk\source\folio\Folio\Folio.csproj]
C:\Users\nickk\source\folio\Folio\Utilities\SelectFolders.xaml.cs(143,35): warning CS8600: Converting null literal or possible null value to non-nullable type. [C:\Users\nickk\source\folio\Folio\Folio.csproj]
C:\Users\nickk\source\folio\Folio\Utilities\SelectFolders.xaml.cs(146,20): warning CS8603: Possible null reference return. [C:\Users\nickk\source\folio\Folio\Folio.csproj]
C:\Users\nickk\source\folio\Folio\book\PhotoPageView.xaml.cs(29,16): warning CS8618: Non-nullable field 'anyInstance' must contain a non-null value when exiting constructor. Consider adding the 'required' modifier or declaring the field as nullable. [C:\Users\nickk\source\folio\Folio\Folio.csproj]
C:\Users\nickk\source\folio\Folio\library\PhotoGridFilters.xaml.cs(72,28): warning CS8602: Dereference of a possibly null reference. [C:\Users\nickk\source\folio\Folio\Folio.csproj]
C:\Users\nickk\source\folio\Folio\library\PhotoGridFilters.xaml.cs(72,28): warning CS8600: Converting null literal or possible null value to non-nullable type. [C:\Users\nickk\source\folio\Folio\Folio.csproj]
C:\Users\nickk\source\folio\Folio\library\PhotoGridFilters.xaml.cs(75,27): warning CS8600: Converting null literal or possible null value to non-nullable type. [C:\Users\nickk\source\folio\Folio\Folio.csproj]
C:\Users\nickk\source\folio\Folio\library\PhotoGridFilters.xaml.cs(77,64): warning CS8602: Dereference of a possibly null reference. [C:\Users\nickk\source\folio\Folio\Folio.csproj]
C:\Users\nickk\source\folio\Folio\library\PhotoGridFilters.xaml.cs(78,41): warning CS8604: Possible null reference argument for parameter 'tag' in 'DragDropData.DragDropData(PhotoTag tag, DragDropOrigin dragDropOrigin, ObservableCollection<PhotoTag> previousFilter)'. [C:\Users\nickk\source\folio\Folio\Folio.csproj]
C:\Users\nickk\source\folio\Folio\Utilities\SelectFolders.xaml.cs(161,52): warning CS8602: Dereference of a possibly null reference. [C:\Users\nickk\source\folio\Folio\Folio.csproj]
C:\Users\nickk\source\folio\Folio\book\CaptionView.xaml.cs(359,30): warning CS8602: Dereference of a possibly null reference. [C:\Users\nickk\source\folio\Folio\Folio.csproj]
C:\Users\nickk\source\folio\Folio\book\CaptionView.xaml.cs(377,48): warning CS8600: Converting null literal or possible null value to non-nullable type. [C:\Users\nickk\source\folio\Folio\Folio.csproj]
C:\Users\nickk\source\folio\Folio\book\PhotoPageView.xaml.cs(79,16): warning CS8618: Non-nullable event 'PhotoClicked' must contain a non-null value when exiting constructor. Consider adding the 'required' modifier or declaring the event as nullable. [C:\Users\nickk\source\folio\Folio\Folio.csproj]
C:\Users\nickk\source\folio\Folio\library\PhotoGridFilters.xaml.cs(97,27): warning CS8602: Dereference of a possibly null reference. [C:\Users\nickk\source\folio\Folio\Folio.csproj]
C:\Users\nickk\source\folio\Folio\core\PhotoTag.cs(101,49): warning CS8604: Possible null reference argument for parameter 'parent' in 'PhotoTag.PhotoTag(string name, PhotoTag parent)'. [C:\Users\nickk\source\folio\Folio\Folio.csproj]
C:\Users\nickk\source\folio\Folio\library\PhotoGrid.xaml.cs(377,42): warning CS8625: Cannot convert null literal to non-nullable reference type. [C:\Users\nickk\source\folio\Folio\Folio.csproj]
C:\Users\nickk\source\folio\Folio\library\PhotoGrid.xaml.cs(378,45): warning CS8625: Cannot convert null literal to non-nullable reference type. [C:\Users\nickk\source\folio\Folio\Folio.csproj]
C:\Users\nickk\source\folio\Folio\library\PhotoGrid.xaml.cs(400,29): warning CS8604: Possible null reference argument for parameter 'oldFocus' in 'void PhotoGrid.SelectRange(ImageOrigin oldFocus, ImageOrigin newFocus)'. [C:\Users\nickk\source\folio\Folio\Folio.csproj]
C:\Users\nickk\source\folio\Folio\core\ImageInfoWPF.cs(432,59): warning CS8625: Cannot convert null literal to non-nullable reference type. [C:\Users\nickk\source\folio\Folio\Folio.csproj]
C:\Users\nickk\source\folio\Folio\core\ImageInfoWPF.cs(437,39): warning CS8625: Cannot convert null literal to non-nullable reference type. [C:\Users\nickk\source\folio\Folio\Folio.csproj]
C:\Users\nickk\source\folio\Folio\core\ImageInfoWPF.cs(438,42): warning CS8604: Possible null reference argument for parameter 'metadata' in 'void ImageInfo.InitRotationAndFlip(BitmapMetadata metadata)'. [C:\Users\nickk\source\folio\Folio\Folio.csproj]
C:\Users\nickk\source\folio\Folio\core\ImageInfoWPF.cs(521,28): warning CS8603: Possible null reference return. [C:\Users\nickk\source\folio\Folio\Folio.csproj]
C:\Users\nickk\source\folio\Folio\core\ImageInfoWPF.cs(525,28): warning CS8603: Possible null reference return. [C:\Users\nickk\source\folio\Folio\Folio.csproj]
C:\Users\nickk\source\folio\Folio\library\PhotoGridFilters.xaml.cs(116,27): warning CS8602: Dereference of a possibly null reference. [C:\Users\nickk\source\folio\Folio\Folio.csproj]
C:\Users\nickk\source\folio\Folio\Utilities\SelectFolder2.xaml.cs(233,45): warning CS8625: Cannot convert null literal to non-nullable reference type. [C:\Users\nickk\source\folio\Folio\Folio.csproj]
C:\Users\nickk\source\folio\Folio\Utilities\SelectFolders.xaml.cs(248,45): warning CS8625: Cannot convert null literal to non-nullable reference type. [C:\Users\nickk\source\folio\Folio\Folio.csproj]
C:\Users\nickk\source\folio\Folio\core\ImageInfoWPF.cs(537,43): warning CS8600: Converting null literal or possible null value to non-nullable type. [C:\Users\nickk\source\folio\Folio\Folio.csproj]
C:\Users\nickk\source\folio\Folio\core\ImageInfoWPF.cs(540,55): warning CS8604: Possible null reference argument for parameter 'metadata' in 'ImageInfo.ImageInfo(BitmapSource bitmapSource, BitmapMetadata metadata, ImageOrigin origin)'. [C:\Users\nickk\source\folio\Folio\Folio.csproj]
C:\Users\nickk\source\folio\Folio\Utilities\SelectFolder2.xaml.cs(244,39): warning CS8625: Cannot convert null literal to non-nullable reference type. [C:\Users\nickk\source\folio\Folio\Folio.csproj]
C:\Users\nickk\source\folio\Folio\Utilities\SelectFolders.xaml.cs(259,39): warning CS8625: Cannot convert null literal to non-nullable reference type. [C:\Users\nickk\source\folio\Folio\Folio.csproj]
C:\Users\nickk\source\folio\Folio\Utilities\SelectFolder2.xaml.cs(262,21): warning CS8602: Dereference of a possibly null reference. [C:\Users\nickk\source\folio\Folio\Folio.csproj]
C:\Users\nickk\source\folio\Folio\book\PhotoPageView.xaml.cs(164,44): warning CS8622: Nullability of reference types in type of parameter 'sender' of 'void PhotoPageView.Page_PropertyChanged(object sender, PropertyChangedEventArgs e)' doesn't match the target delegate 'PropertyChangedEventHandler' (possibly because of nullability attributes). [C:\Users\nickk\source\folio\Folio\Folio.csproj]
C:\Users\nickk\source\folio\Folio\book\PhotoPageView.xaml.cs(178,50): warning CS8622: Nullability of reference types in type of parameter 'sender' of 'void PhotoPageView.Page_PropertyChanged(object sender, PropertyChangedEventArgs e)' doesn't match the target delegate 'PropertyChangedEventHandler' (possibly because of nullability attributes). [C:\Users\nickk\source\folio\Folio\Folio.csproj]
C:\Users\nickk\source\folio\Folio\Utilities\SelectFolder2.xaml.cs(274,40): warning CS8602: Dereference of a possibly null reference. [C:\Users\nickk\source\folio\Folio\Folio.csproj]
C:\Users\nickk\source\folio\Folio\Utilities\SelectFolders.xaml.cs(277,21): warning CS8602: Dereference of a possibly null reference. [C:\Users\nickk\source\folio\Folio\Folio.csproj]
C:\Users\nickk\source\folio\Folio\book\PhotoPageView.xaml.cs(198,79): warning CS8625: Cannot convert null literal to non-nullable reference type. [C:\Users\nickk\source\folio\Folio\Folio.csproj]
C:\Users\nickk\source\folio\Folio\book\PhotoPageView.xaml.cs(200,24): warning CS8603: Possible null reference return. [C:\Users\nickk\source\folio\Folio\Folio.csproj]
C:\Users\nickk\source\folio\Folio\Utilities\SelectFolders.xaml.cs(289,40): warning CS8602: Dereference of a possibly null reference. [C:\Users\nickk\source\folio\Folio\Folio.csproj]
C:\Users\nickk\source\folio\Folio\Utilities\SelectFolders.xaml.cs(292,41): warning CS8625: Cannot convert null literal to non-nullable reference type. [C:\Users\nickk\source\folio\Folio\Folio.csproj]
C:\Users\nickk\source\folio\Folio\slideshow\SlideShow.xaml.cs(209,36): warning CS8604: Possible null reference argument for parameter 'oldImageInfo' in 'void SlideShow.AnimateSlideTransition(ImageInfo oldImageInfo, ImageInfo newImageInfo)'. [C:\Users\nickk\source\folio\Folio\Folio.csproj]
C:\Users\nickk\source\folio\Folio\library\PhotoGridFilters.xaml.cs(200,37): warning CS8625: Cannot convert null literal to non-nullable reference type. [C:\Users\nickk\source\folio\Folio\Folio.csproj]
C:\Users\nickk\source\folio\Folio\library\PhotoGridFilters.xaml.cs(202,37): warning CS8625: Cannot convert null literal to non-nullable reference type. [C:\Users\nickk\source\folio\Folio\Folio.csproj]
C:\Users\nickk\source\folio\Folio\library\PhotoGridFilters.xaml.cs(225,31): warning CS8602: Dereference of a possibly null reference. [C:\Users\nickk\source\folio\Folio\Folio.csproj]
C:\Users\nickk\source\folio\Folio\book\PhotoPageView.xaml.cs(207,45): warning CS8600: Converting null literal or possible null value to non-nullable type. [C:\Users\nickk\source\folio\Folio\Folio.csproj]
C:\Users\nickk\source\folio\Folio\library\PhotoGridFilters.xaml.cs(234,24): warning CS8602: Dereference of a possibly null reference. [C:\Users\nickk\source\folio\Folio\Folio.csproj]
C:\Users\nickk\source\folio\Folio\library\PhotoGridFilters.xaml.cs(243,24): warning CS8602: Dereference of a possibly null reference. [C:\Users\nickk\source\folio\Folio\Folio.csproj]
C:\Users\nickk\source\folio\Folio\library\PhotoGridFilters.xaml.cs(244,31): warning CS8602: Dereference of a possibly null reference. [C:\Users\nickk\source\folio\Folio\Folio.csproj]
C:\Users\nickk\source\folio\Folio\library\PhotoGrid.xaml.cs(461,64): warning CS8600: Converting null literal or possible null value to non-nullable type. [C:\Users\nickk\source\folio\Folio\Folio.csproj]
C:\Users\nickk\source\folio\Folio\core\PhotoTag.cs(158,29): warning CS8600: Converting null literal or possible null value to non-nullable type. [C:\Users\nickk\source\folio\Folio\Folio.csproj]
C:\Users\nickk\source\folio\Folio\core\PhotoTag.cs(160,34): warning CS8600: Converting null literal or possible null value to non-nullable type. [C:\Users\nickk\source\folio\Folio\Folio.csproj]
C:\Users\nickk\source\folio\Folio\core\PhotoTag.cs(168,20): warning CS8603: Possible null reference return. [C:\Users\nickk\source\folio\Folio\Folio.csproj]
C:\Users\nickk\source\folio\Folio\library\PhotoGridFilters.xaml.cs(250,24): warning CS8602: Dereference of a possibly null reference. [C:\Users\nickk\source\folio\Folio\Folio.csproj]
C:\Users\nickk\source\folio\Folio\library\PhotoGridFilters.xaml.cs(253,33): warning CS8604: Possible null reference argument for parameter 'tag' in 'void ImageOrigin.RemoveTag(PhotoTag tag)'. [C:\Users\nickk\source\folio\Folio\Folio.csproj]
C:\Users\nickk\source\folio\Folio\library\PhotoGrid.xaml.cs(496,35): warning CS8600: Converting null literal or possible null value to non-nullable type. [C:\Users\nickk\source\folio\Folio\Folio.csproj]
C:\Users\nickk\source\folio\Folio\library\PhotoGrid.xaml.cs(505,40): warning CS8600: Converting null literal or possible null value to non-nullable type. [C:\Users\nickk\source\folio\Folio\Folio.csproj]
C:\Users\nickk\source\folio\Folio\library\PhotoGrid.xaml.cs(509,62): warning CS8604: Possible null reference argument for parameter 'parent' in 'PhotoTag.PhotoTag(string name, PhotoTag parent)'. [C:\Users\nickk\source\folio\Folio\Folio.csproj]
C:\Users\nickk\source\folio\Folio\library\PhotoGrid.xaml.cs(516,20): warning CS8603: Possible null reference return. [C:\Users\nickk\source\folio\Folio\Folio.csproj]
C:\Users\nickk\source\folio\Folio\library\PhotoGridFilters.xaml.cs(258,24): warning CS8602: Dereference of a possibly null reference. [C:\Users\nickk\source\folio\Folio\Folio.csproj]
C:\Users\nickk\source\folio\Folio\library\PhotoGridFilters.xaml.cs(259,63): warning CS8604: Possible null reference argument for parameter 'tag' in 'bool ImageOrigin.HasTag(PhotoTag tag)'. [C:\Users\nickk\source\folio\Folio\Folio.csproj]
C:\Users\nickk\source\folio\Folio\library\PhotoGridFilters.xaml.cs(261,24): warning CS8602: Dereference of a possibly null reference. [C:\Users\nickk\source\folio\Folio\Folio.csproj]
C:\Users\nickk\source\folio\Folio\library\PhotoGridFilters.xaml.cs(264,30): warning CS8625: Cannot convert null literal to non-nullable reference type. [C:\Users\nickk\source\folio\Folio\Folio.csproj]
C:\Users\nickk\source\folio\Folio\library\PhotoGridFilters.xaml.cs(269,14): warning CS8602: Dereference of a possibly null reference. [C:\Users\nickk\source\folio\Folio\Folio.csproj]
C:\Users\nickk\source\folio\Folio\book\PhotoPageView.xaml.cs(276,36): warning CS8600: Converting null literal or possible null value to non-nullable type. [C:\Users\nickk\source\folio\Folio\Folio.csproj]
C:\Users\nickk\source\folio\Folio\book\PhotoPageView.xaml.cs(320,29): warning CS8618: Non-nullable field 'lines' must contain a non-null value when exiting constructor. Consider adding the 'required' modifier or declaring the field as nullable. [C:\Users\nickk\source\folio\Folio\Folio.csproj]
C:\Users\nickk\source\folio\Folio\book\PhotoPageView.xaml.cs(321,27): warning CS8618: Non-nullable field 'debugTag' must contain a non-null value when exiting constructor. Consider adding the 'required' modifier or declaring the field as nullable. [C:\Users\nickk\source\folio\Folio\Folio.csproj]
C:\Users\nickk\source\folio\Folio\library\PhotoGridFilters.xaml.cs(273,24): warning CS8602: Dereference of a possibly null reference. [C:\Users\nickk\source\folio\Folio\Folio.csproj]
C:\Users\nickk\source\folio\Folio\library\PhotoGridFilters.xaml.cs(276,34): warning CS8604: Possible null reference argument for parameter 'tag' in 'bool ImageOrigin.HasTag(PhotoTag tag)'. [C:\Users\nickk\source\folio\Folio\Folio.csproj]
C:\Users\nickk\source\folio\Folio\core\ImageOrigin.cs(38,35): warning CS8600: Converting null literal or possible null value to non-nullable type. [C:\Users\nickk\source\folio\Folio\Folio.csproj]
C:\Users\nickk\source\folio\Folio\core\ImageOrigin.cs(41,51): warning CS8625: Cannot convert null literal to non-nullable reference type. [C:\Users\nickk\source\folio\Folio\Folio.csproj]
C:\Users\nickk\source\folio\Folio\library\PhotoGridFilters.xaml.cs(290,27): warning CS8602: Dereference of a possibly null reference. [C:\Users\nickk\source\folio\Folio\Folio.csproj]
C:\Users\nickk\source\folio\Folio\library\PhotoGridFilters.xaml.cs(294,44): warning CS8602: Dereference of a possibly null reference. [C:\Users\nickk\source\folio\Folio\Folio.csproj]
C:\Users\nickk\source\folio\Folio\library\PhotoGridFilters.xaml.cs(294,43): warning CS8600: Converting null literal or possible null value to non-nullable type. [C:\Users\nickk\source\folio\Folio\Folio.csproj]
C:\Users\nickk\source\folio\Folio\library\PhotoGridFilters.xaml.cs(295,47): warning CS8604: Possible null reference argument for parameter 'newParent' in 'bool PhotoGridFilters.WillCreateCycle(PhotoTag tag, PhotoTag newParent)'. [C:\Users\nickk\source\folio\Folio\Folio.csproj]
C:\Users\nickk\source\folio\Folio\book\PageDesigner.xaml.cs(472,35): warning CS8604: Possible null reference argument for parameter 'item' in 'bool Collection<PhotoPageModel>.Remove(PhotoPageModel item)'. [C:\Users\nickk\source\folio\Folio\Folio.csproj]
C:\Users\nickk\source\folio\Folio\library\PhotoGridFilters.xaml.cs(305,14): warning CS8602: Dereference of a possibly null reference. [C:\Users\nickk\source\folio\Folio\Folio.csproj]
C:\Users\nickk\source\folio\Folio\book\AspectPreservingGrid.cs(797,24): warning CS8600: Converting null literal or possible null value to non-nullable type. [C:\Users\nickk\source\folio\Folio\Folio.csproj]
C:\Users\nickk\source\folio\Folio\core\ImageLoader.cs(317,39): warning CS8600: Converting null literal or possible null value to non-nullable type. [C:\Users\nickk\source\folio\Folio\Folio.csproj]
C:\Users\nickk\source\folio\Folio\core\ImageLoader.cs(318,39): warning CS8600: Converting null literal or possible null value to non-nullable type. [C:\Users\nickk\source\folio\Folio\Folio.csproj]
C:\Users\nickk\source\folio\Folio\core\ImageLoader.cs(353,17): warning CS8602: Dereference of a possibly null reference. [C:\Users\nickk\source\folio\Folio\Folio.csproj]
C:\Users\nickk\source\folio\Folio\core\ImageLoader.cs(359,38): warning CS8600: Converting null literal or possible null value to non-nullable type. [C:\Users\nickk\source\folio\Folio\Folio.csproj]
C:\Users\nickk\source\folio\Folio\shell\RootControl.xaml.cs(447,36): warning CS8625: Cannot convert null literal to non-nullable reference type. [C:\Users\nickk\source\folio\Folio\Folio.csproj]
C:\Users\nickk\source\folio\Folio\library\PhotoGrid.xaml.cs(600,47): warning CS8600: Converting null literal or possible null value to non-nullable type. [C:\Users\nickk\source\folio\Folio\Folio.csproj]
C:\Users\nickk\source\folio\Folio\library\PhotoGrid.xaml.cs(601,27): warning CS8604: Possible null reference argument for parameter 'newFocus' in 'void PhotoGrid.MoveFocus(SelectableImageDisplay newFocus)'. [C:\Users\nickk\source\folio\Folio\Folio.csproj]
C:\Users\nickk\source\folio\Folio\core\ImageOrigin.cs(256,26): warning CS8603: Possible null reference return. [C:\Users\nickk\source\folio\Folio\Folio.csproj]
C:\Users\nickk\source\folio\Folio\book\PageDesigner.xaml.cs(689,32): warning CS8625: Cannot convert null literal to non-nullable reference type. [C:\Users\nickk\source\folio\Folio\Folio.csproj]
C:\Users\nickk\source\folio\Folio\core\ImageOrigin.cs(306,24): warning CS8603: Possible null reference return. [C:\Users\nickk\source\folio\Folio\Folio.csproj]
C:\Users\nickk\source\folio\Folio\book\PageDesigner.xaml.cs(704,41): warning CS8600: Converting null literal or possible null value to non-nullable type. [C:\Users\nickk\source\folio\Folio\Folio.csproj]
C:\Users\nickk\source\folio\Folio\book\PageDesigner.xaml.cs(710,39): warning CS8604: Possible null reference argument for parameter 'item' in 'bool Collection<PhotoPageModel>.Remove(PhotoPageModel item)'. [C:\Users\nickk\source\folio\Folio\Folio.csproj]
C:\Users\nickk\source\folio\Folio\core\ImageOrigin.cs(312,24): warning CS8603: Possible null reference return. [C:\Users\nickk\source\folio\Folio\Folio.csproj]
C:\Users\nickk\source\folio\Folio\library\PhotoGrid.xaml.cs(823,37): warning CS8625: Cannot convert null literal to non-nullable reference type. [C:\Users\nickk\source\folio\Folio\Folio.csproj]
C:\Users\nickk\source\folio\Folio\library\PhotoGrid.xaml.cs(825,33): warning CS8625: Cannot convert null literal to non-nullable reference type. [C:\Users\nickk\source\folio\Folio\Folio.csproj]
C:\Users\nickk\source\folio\Folio\core\ImageLoader.cs(560,31): warning CS8618: Non-nullable field 'entry' must contain a non-null value when exiting constructor. Consider adding the 'required' modifier or declaring the field as nullable. [C:\Users\nickk\source\folio\Folio\Folio.csproj]
C:\Users\nickk\source\folio\Folio\core\ImageLoader.cs(561,30): warning CS8618: Non-nullable field 'info' must contain a non-null value when exiting constructor. Consider adding the 'required' modifier or declaring the field as nullable. [C:\Users\nickk\source\folio\Folio\Folio.csproj]
C:\Users\nickk\source\folio\Folio\shell\RootControl.xaml.cs(547,45): warning CS8601: Possible null reference assignment. [C:\Users\nickk\source\folio\Folio\Folio.csproj]
C:\Users\nickk\source\folio\Folio\shell\RootControl.xaml.cs(579,37): warning CS8601: Possible null reference assignment. [C:\Users\nickk\source\folio\Folio\Folio.csproj]
C:\Users\nickk\source\folio\Folio\shell\RootControl.xaml.cs(796,32): warning CS8625: Cannot convert null literal to non-nullable reference type. [C:\Users\nickk\source\folio\Folio\Folio.csproj]
C:\Users\nickk\source\folio\Folio\shell\RootControl.xaml.cs(808,23): warning CS8625: Cannot convert null literal to non-nullable reference type. [C:\Users\nickk\source\folio\Folio\Folio.csproj]
C:\Users\nickk\source\folio\Folio\shell\RootControl.xaml.cs(856,54): warning CS8604: Possible null reference argument for parameter 'screen' in 'string RootControl.GetScreenName(FrameworkElement screen)'. [C:\Users\nickk\source\folio\Folio\Folio.csproj]
C:\Users\nickk\source\folio\Folio\shell\RootControl.xaml.cs(965,45): warning CS8600: Converting null literal or possible null value to non-nullable type. [C:\Users\nickk\source\folio\Folio\Folio.csproj]
C:\Users\nickk\source\folio\Folio\shell\RootControl.xaml.cs(965,45): warning CS8604: Possible null reference argument for parameter 'item' in 'bool List<Window>.Remove(Window item)'. [C:\Users\nickk\source\folio\Folio\Folio.csproj]
C:\Users\nickk\source\folio\Folio\shell\RootControl.xaml.cs(42,35): warning CS8618: Non-nullable field 'Instance' must contain a non-null value when exiting constructor. Consider adding the 'required' modifier or declaring the field as nullable. [C:\Users\nickk\source\folio\Folio\Folio.csproj]
C:\Users\nickk\source\folio\Folio\book\PhotoZoomView.xaml.cs(67,36): warning CS0169: The field 'PhotoZoomView.nextTranslate' is never used [C:\Users\nickk\source\folio\Folio\Folio.csproj]
C:\Users\nickk\source\folio\Folio\core\ImageInfoWPF.cs(397,25): warning CA1416: This call site is reachable on all platforms. 'Marshal.ReleaseComObject(object)' is only supported on: 'windows'. (https://learn.microsoft.com/dotnet/fundamentals/code-analysis/quality-rules/ca1416) [C:\Users\nickk\source\folio\Folio\Folio.csproj]
C:\Users\nickk\source\folio\Folio.Tests\Utilities\ConvertersTests.cs(28,51): warning CS8625: Cannot convert null literal to non-nullable reference type. [C:\Users\nickk\source\folio\Folio.Tests\Folio.Tests.csproj]
C:\Users\nickk\source\folio\Folio.Tests\Utilities\ConvertersTests.cs(28,57): warning CS8625: Cannot convert null literal to non-nullable reference type. [C:\Users\nickk\source\folio\Folio.Tests\Folio.Tests.csproj]
C:\Users\nickk\source\folio\Folio.Tests\Utilities\ConvertersTests.cs(28,63): warning CS8625: Cannot convert null literal to non-nullable reference type. [C:\Users\nickk\source\folio\Folio.Tests\Folio.Tests.csproj]
C:\Users\nickk\source\folio\Folio.Tests\Utilities\ConvertersTests.cs(12,51): warning CS8625: Cannot convert null literal to non-nullable reference type. [C:\Users\nickk\source\folio\Folio.Tests\Folio.Tests.csproj]
C:\Users\nickk\source\folio\Folio.Tests\Utilities\ConvertersTests.cs(12,57): warning CS8625: Cannot convert null literal to non-nullable reference type. [C:\Users\nickk\source\folio\Folio.Tests\Folio.Tests.csproj]
C:\Users\nickk\source\folio\Folio.Tests\Utilities\ConvertersTests.cs(12,63): warning CS8625: Cannot convert null literal to non-nullable reference type. [C:\Users\nickk\source\folio\Folio.Tests\Folio.Tests.csproj]
C:\Users\nickk\source\folio\Folio.Tests\Utilities\ConvertersTests.cs(34,52): warning CS8625: Cannot convert null literal to non-nullable reference type. [C:\Users\nickk\source\folio\Folio.Tests\Folio.Tests.csproj]
C:\Users\nickk\source\folio\Folio.Tests\Utilities\ConvertersTests.cs(34,58): warning CS8625: Cannot convert null literal to non-nullable reference type. [C:\Users\nickk\source\folio\Folio.Tests\Folio.Tests.csproj]
C:\Users\nickk\source\folio\Folio.Tests\Utilities\ConvertersTests.cs(34,64): warning CS8625: Cannot convert null literal to non-nullable reference type. [C:\Users\nickk\source\folio\Folio.Tests\Folio.Tests.csproj]
C:\Users\nickk\source\folio\Folio.Tests\Utilities\ConvertersTests.cs(18,52): warning CS8625: Cannot convert null literal to non-nullable reference type. [C:\Users\nickk\source\folio\Folio.Tests\Folio.Tests.csproj]
C:\Users\nickk\source\folio\Folio.Tests\Utilities\ConvertersTests.cs(18,58): warning CS8625: Cannot convert null literal to non-nullable reference type. [C:\Users\nickk\source\folio\Folio.Tests\Folio.Tests.csproj]
C:\Users\nickk\source\folio\Folio.Tests\Utilities\ConvertersTests.cs(18,64): warning CS8625: Cannot convert null literal to non-nullable reference type. [C:\Users\nickk\source\folio\Folio.Tests\Folio.Tests.csproj]
C:\Users\nickk\source\folio\Folio.Tests\WpfTestHelper.cs(35,17): warning CS8602: Dereference of a possibly null reference. [C:\Users\nickk\source\folio\Folio.Tests\Folio.Tests.csproj]
C:\Users\nickk\source\folio\Folio.Tests\Book\AspectPreservingGridTests.cs(26,27): warning CS8618: Non-nullable property 'ChildType' must contain a non-null value when exiting constructor. Consider adding the 'required' modifier or declaring the property as nullable. [C:\Users\nickk\source\folio\Folio.Tests\Folio.Tests.csproj]
C:\Users\nickk\source\folio\Folio.Tests\Book\AspectPreservingGridTests.cs(35,27): warning CS8618: Non-nullable property 'Aspect' must contain a non-null value when exiting constructor. Consider adding the 'required' modifier or declaring the property as nullable. [C:\Users\nickk\source\folio\Folio.Tests\Folio.Tests.csproj]
C:\Users\nickk\source\folio\Folio.Tests\Book\AspectPreservingGridTests.cs(45,27): warning CS8618: Non-nullable property 'TemplateName' must contain a non-null value when exiting constructor. Consider adding the 'required' modifier or declaring the property as nullable. [C:\Users\nickk\source\folio\Folio.Tests\Folio.Tests.csproj]
C:\Users\nickk\source\folio\Folio.Tests\Book\AspectPreservingGridTests.cs(48,29): warning CS8618: Non-nullable property 'RowSizes' must contain a non-null value when exiting constructor. Consider adding the 'required' modifier or declaring the property as nullable. [C:\Users\nickk\source\folio\Folio.Tests\Folio.Tests.csproj]
C:\Users\nickk\source\folio\Folio.Tests\Book\AspectPreservingGridTests.cs(49,29): warning CS8618: Non-nullable property 'ColumnSizes' must contain a non-null value when exiting constructor. Consider adding the 'required' modifier or declaring the property as nullable. [C:\Users\nickk\source\folio\Folio.Tests\Folio.Tests.csproj]
C:\Users\nickk\source\folio\Folio.Tests\Book\AspectPreservingGridTests.cs(107,40): warning CS8600: Converting null literal or possible null value to non-nullable type. [C:\Users\nickk\source\folio\Folio.Tests\Folio.Tests.csproj]
C:\Users\nickk\source\folio\Folio.Tests\Book\BookPrintingTests.cs(32,39): warning CS8600: Converting null literal or possible null value to non-nullable type. [C:\Users\nickk\source\folio\Folio.Tests\Folio.Tests.csproj]
C:\Users\nickk\source\folio\Folio.Tests\Book\BookPrintingTests.cs(33,43): warning CS8600: Converting null literal or possible null value to non-nullable type. [C:\Users\nickk\source\folio\Folio.Tests\Folio.Tests.csproj]
C:\Users\nickk\source\folio\Folio.Tests\Book\BookPrintingTests.cs(67,64): warning CS8625: Cannot convert null literal to non-nullable reference type. [C:\Users\nickk\source\folio\Folio.Tests\Folio.Tests.csproj]
C:\Users\nickk\source\folio\Folio.Tests\Book\AspectPreservingGridTests.cs(170,40): warning CS8600: Converting null literal or possible null value to non-nullable type. [C:\Users\nickk\source\folio\Folio.Tests\Folio.Tests.csproj]
C:\Users\nickk\source\folio\Folio.Tests\Book\AspectPreservingGridTests.cs(307,42): warning CS8600: Converting null literal or possible null value to non-nullable type. [C:\Users\nickk\source\folio\Folio.Tests\Folio.Tests.csproj]
C:\Users\nickk\source\folio\Folio.Tests\Core\RatioTests.cs(105,26): warning CS8625: Cannot convert null literal to non-nullable reference type. [C:\Users\nickk\source\folio\Folio.Tests\Folio.Tests.csproj]
C:\Users\nickk\source\folio\Folio.Tests\Core\RatioTests.cs(106,26): warning CS8600: Converting null literal or possible null value to non-nullable type. [C:\Users\nickk\source\folio\Folio.Tests\Folio.Tests.csproj]
C:\Users\nickk\source\folio\Folio.Tests\Core\RatioTests.cs(106,26): warning CS8625: Cannot convert null literal to non-nullable reference type. [C:\Users\nickk\source\folio\Folio.Tests\Folio.Tests.csproj]
C:\Users\nickk\source\folio\Folio.Tests\Book\AspectPreservingGridTests.cs(368,39): warning CS8600: Converting null literal or possible null value to non-nullable type. [C:\Users\nickk\source\folio\Folio.Tests\Folio.Tests.csproj]
C:\Users\nickk\source\folio\Folio.Tests\Book\AspectPreservingGridTests.cs(369,37): warning CS8600: Converting null literal or possible null value to non-nullable type. [C:\Users\nickk\source\folio\Folio.Tests\Folio.Tests.csproj]
C:\Users\nickk\source\folio\Folio.Tests\Book\AspectPreservingGridTests.cs(402,25): warning CS8602: Dereference of a possibly null reference. [C:\Users\nickk\source\folio\Folio.Tests\Folio.Tests.csproj]
